Archive member included to satisfy reference by file (symbol)

.\CortexM3\ARM_GCC_541\Debug\CY8CKIT-059_Simple_SDR_Receiver.a(LED.o)
                              .\CortexM3\ARM_GCC_541\Debug\main.o (LED_Write)
.\CortexM3\ARM_GCC_541\Debug\CY8CKIT-059_Simple_SDR_Receiver.a(CyFlash.o)
                              .\CortexM3\ARM_GCC_541\Debug\main.o (CySetTemp)
.\CortexM3\ARM_GCC_541\Debug\CY8CKIT-059_Simple_SDR_Receiver.a(CyLib.o)
                              .\CortexM3\ARM_GCC_541\Debug\Cm3Start.o (CyHalt)
.\CortexM3\ARM_GCC_541\Debug\CY8CKIT-059_Simple_SDR_Receiver.a(cyPm.o)
                              .\CortexM3\ARM_GCC_541\Debug\CY8CKIT-059_Simple_SDR_Receiver.a(CyLib.o) (CyPmReadStatus)
.\CortexM3\ARM_GCC_541\Debug\CY8CKIT-059_Simple_SDR_Receiver.a(CySpc.o)
                              .\CortexM3\ARM_GCC_541\Debug\CY8CKIT-059_Simple_SDR_Receiver.a(CyFlash.o) (CySpcStart)
.\CortexM3\ARM_GCC_541\Debug\CY8CKIT-059_Simple_SDR_Receiver.a(PI_KEY_0.o)
                              .\CortexM3\ARM_GCC_541\Debug\key.o (PI_KEY_0_Read)
.\CortexM3\ARM_GCC_541\Debug\CY8CKIT-059_Simple_SDR_Receiver.a(PI_KEY_1.o)
                              .\CortexM3\ARM_GCC_541\Debug\key.o (PI_KEY_1_Read)
.\CortexM3\ARM_GCC_541\Debug\CY8CKIT-059_Simple_SDR_Receiver.a(I2C_1.o)
                              .\CortexM3\ARM_GCC_541\Debug\main.o (I2C_1_Start)
.\CortexM3\ARM_GCC_541\Debug\CY8CKIT-059_Simple_SDR_Receiver.a(I2C_1_INT.o)
                              .\CortexM3\ARM_GCC_541\Debug\CY8CKIT-059_Simple_SDR_Receiver.a(I2C_1.o) (I2C_1_ISR)
.\CortexM3\ARM_GCC_541\Debug\CY8CKIT-059_Simple_SDR_Receiver.a(I2C_1_PM.o)
                              .\CortexM3\ARM_GCC_541\Debug\CY8CKIT-059_Simple_SDR_Receiver.a(I2C_1.o) (I2C_1_backup)
.\CortexM3\ARM_GCC_541\Debug\CY8CKIT-059_Simple_SDR_Receiver.a(I2C_1_MASTER.o)
                              .\CortexM3\ARM_GCC_541\Debug\CY8CKIT-059_Simple_SDR_Receiver.a(I2C_1.o) (I2C_1_mstrStatus)
.\CortexM3\ARM_GCC_541\Debug\CY8CKIT-059_Simple_SDR_Receiver.a(BLUELED.o)
                              .\CortexM3\ARM_GCC_541\Debug\main.o (BLUELED_Write)
.\CortexM3\ARM_GCC_541\Debug\CY8CKIT-059_Simple_SDR_Receiver.a(EEPROM.o)
                              .\CortexM3\ARM_GCC_541\Debug\main.o (EEPROM_Start)
.\CortexM3\ARM_GCC_541\Debug\CY8CKIT-059_Simple_SDR_Receiver.a(USBUART.o)
                              .\CortexM3\ARM_GCC_541\Debug\main.o (USBUART_Start)
.\CortexM3\ARM_GCC_541\Debug\CY8CKIT-059_Simple_SDR_Receiver.a(USBUART_cdc.o)
                              .\CortexM3\ARM_GCC_541\Debug\main.o (USBUART_CDC_Init)
.\CortexM3\ARM_GCC_541\Debug\CY8CKIT-059_Simple_SDR_Receiver.a(USBUART_drv.o)
                              .\CortexM3\ARM_GCC_541\Debug\CY8CKIT-059_Simple_SDR_Receiver.a(USBUART.o) (USBUART_lastPacketSize)
.\CortexM3\ARM_GCC_541\Debug\CY8CKIT-059_Simple_SDR_Receiver.a(USBUART_episr.o)
                              .\CortexM3\ARM_GCC_541\Debug\CY8CKIT-059_Simple_SDR_Receiver.a(USBUART.o) (USBUART_EP_1_ISR)
.\CortexM3\ARM_GCC_541\Debug\CY8CKIT-059_Simple_SDR_Receiver.a(USBUART_pm.o)
                              .\CortexM3\ARM_GCC_541\Debug\CY8CKIT-059_Simple_SDR_Receiver.a(USBUART.o) (USBUART_DP_ISR)
.\CortexM3\ARM_GCC_541\Debug\CY8CKIT-059_Simple_SDR_Receiver.a(USBUART_std.o)
                              .\CortexM3\ARM_GCC_541\Debug\CY8CKIT-059_Simple_SDR_Receiver.a(USBUART_pm.o) (USBUART_ConfigReg)
.\CortexM3\ARM_GCC_541\Debug\CY8CKIT-059_Simple_SDR_Receiver.a(USBUART_vnd.o)
                              .\CortexM3\ARM_GCC_541\Debug\CY8CKIT-059_Simple_SDR_Receiver.a(USBUART_drv.o) (USBUART_HandleVendorRqst)
.\CortexM3\ARM_GCC_541\Debug\CY8CKIT-059_Simple_SDR_Receiver.a(ADC.o)
                              .\CortexM3\ARM_GCC_541\Debug\main.o (ADC_Start)
.\CortexM3\ARM_GCC_541\Debug\CY8CKIT-059_Simple_SDR_Receiver.a(ADC_INT.o)
                              .\CortexM3\ARM_GCC_541\Debug\CY8CKIT-059_Simple_SDR_Receiver.a(ADC.o) (ADC_ISR1)
.\CortexM3\ARM_GCC_541\Debug\CY8CKIT-059_Simple_SDR_Receiver.a(isr_adc.o)
                              .\CortexM3\ARM_GCC_541\Debug\main.o (isr_adc_StartEx)
.\CortexM3\ARM_GCC_541\Debug\CY8CKIT-059_Simple_SDR_Receiver.a(VDAC.o)
                              .\CortexM3\ARM_GCC_541\Debug\main.o (VDAC_Start)
.\CortexM3\ARM_GCC_541\Debug\CY8CKIT-059_Simple_SDR_Receiver.a(Filter.o)
                              .\CortexM3\ARM_GCC_541\Debug\main.o (Filter_Start)
.\CortexM3\ARM_GCC_541\Debug\CY8CKIT-059_Simple_SDR_Receiver.a(Filter_PVT.o)
                              .\CortexM3\ARM_GCC_541\Debug\CY8CKIT-059_Simple_SDR_Receiver.a(Filter.o) (Filter_SetInterruptMode)
.\CortexM3\ARM_GCC_541\Debug\CY8CKIT-059_Simple_SDR_Receiver.a(Filter_RAM_Data.o)
                              .\CortexM3\ARM_GCC_541\Debug\CY8CKIT-059_Simple_SDR_Receiver.a(Filter.o) (Filter_cfsm)
.\CortexM3\ARM_GCC_541\Debug\CY8CKIT-059_Simple_SDR_Receiver.a(USBUART_Dp.o)
[...]
Memory Configuration

Name             Origin             Length             Attributes
rom              0x00000000         0x00040000         xr
ram              0x1fff8000         0x00010000         xrw
*default*        0x00000000         0xffffffff

Linker script and memory map

LOAD c:/program files (x86)/cypress/psoc creator/4.2/psoc creator/import/gnu/arm/5.4.1/bin/../lib/gcc/arm-none-eabi/5.4.1/armv7-m/crti.o
LOAD c:/program files (x86)/cypress/psoc creator/4.2/psoc creator/import/gnu/arm/5.4.1/bin/../lib/gcc/arm-none-eabi/5.4.1/armv7-m/crtbegin.o
LOAD c:/program files (x86)/cypress/psoc creator/4.2/psoc creator/import/gnu/arm/5.4.1/bin/../lib/gcc/arm-none-eabi/5.4.1/../../../../arm-none-eabi/lib/armv7-m/crt0.o
START GROUP
LOAD .\CortexM3\ARM_GCC_541\Debug\croutine.o
LOAD .\CortexM3\ARM_GCC_541\Debug\event_groups.o
LOAD .\CortexM3\ARM_GCC_541\Debug\list.o
LOAD .\CortexM3\ARM_GCC_541\Debug\port.o
LOAD .\CortexM3\ARM_GCC_541\Debug\queue.o
LOAD .\CortexM3\ARM_GCC_541\Debug\tasks.o
LOAD .\CortexM3\ARM_GCC_541\Debug\timers.o
LOAD .\CortexM3\ARM_GCC_541\Debug\heap_2.o
LOAD .\CortexM3\ARM_GCC_541\Debug\key.o
LOAD .\CortexM3\ARM_GCC_541\Debug\main.o
LOAD .\CortexM3\ARM_GCC_541\Debug\FIR_Coefficients.o
LOAD .\CortexM3\ARM_GCC_541\Debug\Serial.o
LOAD .\CortexM3\ARM_GCC_541\Debug\USBUART_FIFO.o
LOAD .\CortexM3\ARM_GCC_541\Debug\si5351.o
LOAD .\CortexM3\ARM_GCC_541\Debug\cyfitter_cfg.o
LOAD .\CortexM3\ARM_GCC_541\Debug\cymetadata.o
LOAD .\CortexM3\ARM_GCC_541\Debug\Cm3Start.o
LOAD .\CortexM3\ARM_GCC_541\Debug\CY8CKIT-059_Simple_SDR_Receiver.a
LOAD C:\Program Files (x86)\Cypress\PSoC Creator\4.2\PSoC Creator\psoc\content\cycomponentlibrary\CyComponentLibrary.cylib\CortexM3\ARM_GCC_541\Debug\CyComponentLibrary.a
LOAD c:/program files (x86)/cypress/psoc creator/4.2/psoc creator/import/gnu/arm/5.4.1/bin/../lib/gcc/arm-none-eabi/5.4.1/../../../../arm-none-eabi/lib/armv7-m\libm.a
END GROUP
START GROUP
LOAD c:/program files (x86)/cypress/psoc creator/4.2/psoc creator/import/gnu/arm/5.4.1/bin/../lib/gcc/arm-none-eabi/5.4.1/armv7-m\libgcc.a
LOAD c:/program files (x86)/cypress/psoc creator/4.2/psoc creator/import/gnu/arm/5.4.1/bin/../lib/gcc/arm-none-eabi/5.4.1/../../../../arm-none-eabi/lib/armv7-m\libg_nano.a
LOAD c:/program files (x86)/cypress/psoc creator/4.2/psoc creator/import/gnu/arm/5.4.1/bin/../lib/gcc/arm-none-eabi/5.4.1/../../../../arm-none-eabi/lib/armv7-m\libc_nano.a
END GROUP
START GROUP
LOAD c:/program files (x86)/cypress/psoc creator/4.2/psoc creator/import/gnu/arm/5.4.1/bin/../lib/gcc/arm-none-eabi/5.4.1/armv7-m\libgcc.a
LOAD c:/program files (x86)/cypress/psoc creator/4.2/psoc creator/import/gnu/arm/5.4.1/bin/../lib/gcc/arm-none-eabi/5.4.1/../../../../arm-none-eabi/lib/armv7-m\libc_nano.a
END GROUP
LOAD c:/program files (x86)/cypress/psoc creator/4.2/psoc creator/import/gnu/arm/5.4.1/bin/../lib/gcc/arm-none-eabi/5.4.1/armv7-m/crtend.o
LOAD c:/program files (x86)/cypress/psoc creator/4.2/psoc creator/import/gnu/arm/5.4.1/bin/../lib/gcc/arm-none-eabi/5.4.1/armv7-m/crtn.o
START GROUP
LOAD c:/program files (x86)/cypress/psoc creator/4.2/psoc creator/import/gnu/arm/5.4.1/bin/../lib/gcc/arm-none-eabi/5.4.1/armv7-m\libgcc.a
LOAD c:/program files (x86)/cypress/psoc creator/4.2/psoc creator/import/gnu/arm/5.4.1/bin/../lib/gcc/arm-none-eabi/5.4.1/../../../../arm-none-eabi/lib/armv7-m\libc.a
LOAD c:/program files (x86)/cypress/psoc creator/4.2/psoc creator/import/gnu/arm/5.4.1/bin/../lib/gcc/arm-none-eabi/5.4.1/../../../../arm-none-eabi/lib/armv7-m\libnosys.a
END GROUP
                0x00000000                CY_APPL_ORIGIN = 0x0
                0x00000100                CY_FLASH_ROW_SIZE = 0x100
                0x00000020                CY_ECC_ROW_SIZE = 0x20
                0x00000000                CY_EE_IN_BTLDR = 0x0
                0x00000000                CY_APPL_LOADABLE = 0x0
                0x00000800                CY_EE_SIZE = 0x800
                0x00000001                CY_APPL_NUM = 0x1
                0x00000001                CY_APPL_MAX = 0x1
                0x00000040                CY_METADATA_SIZE = 0x40
                0x00000000                CY_APPL_LOADABLE = 0x0
                0x00000000                CY_CHECKSUM_EXCLUDE_SIZE = ALIGN (0x0, CY_FLASH_ROW_SIZE)
                [!provide]                PROVIDE (__cy_heap_start, _end)
                0x00000001                PROVIDE (__cy_region_num, ((__cy_regions_end - __cy_regions) / 0x10))
                0x20008000                PROVIDE (__cy_stack, (ORIGIN (ram) + LENGTH (ram)))
                [!provide]                PROVIDE (__cy_heap_end, (__cy_stack - 0x800))

.cybootloader   0x00000000        0x0
 *(.cybootloader)
                0x00000000                appl1_start = CY_APPL_ORIGIN?CY_APPL_ORIGIN:ALIGN (CY_FLASH_ROW_SIZE)
                0x0001ff00                appl2_start = (appl1_start + ALIGN ((((LENGTH (rom) - appl1_start) - (0x2 * CY_FLASH_ROW_SIZE)) / 0x2), CY_FLASH_ROW_SIZE))
                0x00000000                appl_start = (CY_APPL_NUM == 0x1)?appl1_start:appl2_start
                0x00000000                ecc_offset = ((appl_start / CY_FLASH_ROW_SIZE) * CY_ECC_ROW_SIZE)
                0x00000000                ee_offset = (CY_APPL_LOADABLE && ! (CY_EE_IN_BTLDR))?((CY_EE_SIZE / CY_APPL_MAX) * (CY_APPL_NUM - 0x1)):0x0
                0x00000800                ee_size = (CY_APPL_LOADABLE && ! (CY_EE_IN_BTLDR))?(CY_EE_SIZE / CY_APPL_MAX):CY_EE_SIZE
                [!provide]                PROVIDE (CY_ECC_OFFSET, ecc_offset)

.text           0x00000000     0x69c0
 CREATE_OBJECT_SYMBOLS
                0x00000000                PROVIDE (__cy_interrupt_vector, RomVectors)
 *(.romvectors)
 .romvectors    0x00000000       0x10 .\CortexM3\ARM_GCC_541\Debug\Cm3Start.o
                0x00000000                RomVectors
                0x00000001                ASSERT ((. != __cy_interrupt_vector), No interrupt vector)
                0x00000001                ASSERT (CY_APPL_ORIGIN?(SIZEOF (.cybootloader) <= CY_APPL_ORIGIN):0x1, Wrong image location)
                0x00000010                PROVIDE (__cy_reset, Reset)
 *(.text.Reset)
 .text.Reset    0x00000010       0x18 .\CortexM3\ARM_GCC_541\Debug\Cm3Start.o
                0x00000010                Reset
                0x00000001                ASSERT ((. != __cy_reset), No reset code)
 *(.dma_init)
                0x00000001                ASSERT ((((appl_start + .) <= 0x10000) || 0x1), DMA Init must be within the first 64k of flash)
 *(.text .text.* .gnu.linkonce.t.*)
 .text          0x00000028       0x5c c:/program files (x86)/cypress/psoc creator/4.2/psoc creator/import/gnu/arm/5.4.1/bin/../lib/gcc/arm-none-eabi/5.4.1/armv7-m/crtbegin.o
 .text.vListInitialise
                0x00000084       0x18 .\CortexM3\ARM_GCC_541\Debug\list.o
                0x00000084                vListInitialise
 .text.vListInitialiseItem
                0x0000009c        0x8 .\CortexM3\ARM_GCC_541\Debug\list.o
                0x0000009c                vListInitialiseItem
 .text.vListInsertEnd
                0x000000a4       0x18 .\CortexM3\ARM_GCC_541\Debug\list.o
                0x000000a4                vListInsertEnd
 .text.vListInsert
                0x000000bc       0x34 .\CortexM3\ARM_GCC_541\Debug\list.o
                0x000000bc                vListInsert
 .text.uxListRemove
                0x000000f0       0x24 .\CortexM3\ARM_GCC_541\Debug\list.o
                0x000000f0                uxListRemove
 .text.prvPortStartFirstTask
                0x00000114       0x20 .\CortexM3\ARM_GCC_541\Debug\port.o
 .text.pxPortInitialiseStack
                0x00000134       0x20 .\CortexM3\ARM_GCC_541\Debug\port.o
                0x00000134                pxPortInitialiseStack
 .text.vPortSVCHandler
                0x00000154       0x24 .\CortexM3\ARM_GCC_541\Debug\port.o
                0x00000154                vPortSVCHandler
 .text.vPortYield
                0x00000178       0x18 .\CortexM3\ARM_GCC_541\Debug\port.o
                0x00000178                vPortYield
 .text.ulPortSetInterruptMask
                0x00000190       0x10 .\CortexM3\ARM_GCC_541\Debug\port.o
                0x00000190                ulPortSetInterruptMask
 .text.prvTaskExitError
                0x000001a0        0x8 .\CortexM3\ARM_GCC_541\Debug\port.o
 .text.vPortEnterCritical
                0x000001a8       0x1c .\CortexM3\ARM_GCC_541\Debug\port.o
                0x000001a8                vPortEnterCritical
 .text.vPortClearInterruptMask
                0x000001c4        0x8 .\CortexM3\ARM_GCC_541\Debug\port.o
                0x000001c4                vPortClearInterruptMask
 .text.vPortExitCritical
                0x000001cc       0x18 .\CortexM3\ARM_GCC_541\Debug\port.o
                0x000001cc                vPortExitCritical
 .text.xPortPendSVHandler
                0x000001e4       0x44 .\CortexM3\ARM_GCC_541\Debug\port.o
                0x000001e4                xPortPendSVHandler
 .text.xPortSysTickHandler
                0x00000228       0x20 .\CortexM3\ARM_GCC_541\Debug\port.o
                0x00000228                xPortSysTickHandler
 .text.vPortSetupTimerInterrupt
                0x00000248       0x18 .\CortexM3\ARM_GCC_541\Debug\port.o
                0x00000248                vPortSetupTimerInterrupt
 .text.xPortStartScheduler
                0x00000260       0x30 .\CortexM3\ARM_GCC_541\Debug\port.o
                0x00000260                xPortStartScheduler
 .text.prvIsQueueFull
                0x00000290       0x20 .\CortexM3\ARM_GCC_541\Debug\queue.o
 .text.prvIsQueueEmpty
                0x000002b0       0x1c .\CortexM3\ARM_GCC_541\Debug\queue.o
 .text.prvCopyDataToQueue
                0x000002cc       0x7c .\CortexM3\ARM_GCC_541\Debug\queue.o
 .text.prvCopyDataFromQueue
                0x00000348       0x24 .\CortexM3\ARM_GCC_541\Debug\queue.o
 .text.prvUnlockQueue
                0x0000036c       0x64 .\CortexM3\ARM_GCC_541\Debug\queue.o
 .text.xQueueGenericReset
                0x000003d0       0x5c .\CortexM3\ARM_GCC_541\Debug\queue.o
                0x000003d0                xQueueGenericReset
 .text.xQueueGenericCreate
                0x0000042c       0x38 .\CortexM3\ARM_GCC_541\Debug\queue.o
                0x0000042c                xQueueGenericCreate
 .text.xQueueGenericSend
                0x00000464       0xd8 .\CortexM3\ARM_GCC_541\Debug\queue.o
                0x00000464                xQueueGenericSend
 .text.xQueueCreateMutex
                0x0000053c       0x44 .\CortexM3\ARM_GCC_541\Debug\queue.o
                0x0000053c                xQueueCreateMutex
 .text.xQueueGenericReceive
                0x00000580      0x100 .\CortexM3\ARM_GCC_541\Debug\queue.o
                0x00000580                xQueueGenericReceive
 .text.prvResetNextTaskUnblockTime
                0x00000680       0x2c .\CortexM3\ARM_GCC_541\Debug\tasks.o
 .text.prvDeleteTCB
                0x000006ac       0x14 .\CortexM3\ARM_GCC_541\Debug\tasks.o
 .text.prvAllocateTCBAndStack
                0x000006c0       0x3c .\CortexM3\ARM_GCC_541\Debug\tasks.o
 .text.prvInitialiseTCBVariables
                0x000006fc       0x50 .\CortexM3\ARM_GCC_541\Debug\tasks.o
 .text.prvInitialiseTaskLists
                0x0000074c       0x58 .\CortexM3\ARM_GCC_541\Debug\tasks.o
 .text.prvAddCurrentTaskToDelayedList
                0x000007a4       0x44 .\CortexM3\ARM_GCC_541\Debug\tasks.o
 .text.xTaskGenericCreate
                0x000007e8       0xf4 .\CortexM3\ARM_GCC_541\Debug\tasks.o
                0x000007e8                xTaskGenericCreate
 .text.vTaskStartScheduler
                0x000008dc       0x4c .\CortexM3\ARM_GCC_541\Debug\tasks.o
                0x000008dc                vTaskStartScheduler
 .text.vTaskSuspendAll
                0x00000928       0x14 .\CortexM3\ARM_GCC_541\Debug\tasks.o
                0x00000928                vTaskSuspendAll
 .text.xTaskIncrementTick
                0x0000093c      0x104 .\CortexM3\ARM_GCC_541\Debug\tasks.o
                0x0000093c                xTaskIncrementTick
 .text.xTaskResumeAll
                0x00000a40       0xcc .\CortexM3\ARM_GCC_541\Debug\tasks.o
                0x00000a40                xTaskResumeAll
 .text.vTaskDelay
                0x00000b0c       0x54 .\CortexM3\ARM_GCC_541\Debug\tasks.o
                0x00000b0c                vTaskDelay
 .text.prvCheckTasksWaitingTermination
                0x00000b60       0x54 .\CortexM3\ARM_GCC_541\Debug\tasks.o
 .text.prvIdleTask
                0x00000bb4        0x8 .\CortexM3\ARM_GCC_541\Debug\tasks.o
 .text.vTaskSwitchContext
                0x00000bbc       0xa8 .\CortexM3\ARM_GCC_541\Debug\tasks.o
                0x00000bbc                vTaskSwitchContext
 .text.vTaskPlaceOnEventList
                0x00000c64       0x5c .\CortexM3\ARM_GCC_541\Debug\tasks.o
                0x00000c64                vTaskPlaceOnEventList
 .text.xTaskRemoveFromEventList
                0x00000cc0       0x74 .\CortexM3\ARM_GCC_541\Debug\tasks.o
                0x00000cc0                xTaskRemoveFromEventList
 .text.vTaskSetTimeOutState
                0x00000d34       0x14 .\CortexM3\ARM_GCC_541\Debug\tasks.o
                0x00000d34                vTaskSetTimeOutState
 .text.xTaskCheckForTimeOut
                0x00000d48       0x58 .\CortexM3\ARM_GCC_541\Debug\tasks.o
                0x00000d48                xTaskCheckForTimeOut
 .text.vTaskMissedYield
                0x00000da0       0x10 .\CortexM3\ARM_GCC_541\Debug\tasks.o
                0x00000da0                vTaskMissedYield
 .text.vTaskPriorityInherit
                0x00000db0       0xb4 .\CortexM3\ARM_GCC_541\Debug\tasks.o
                0x00000db0                vTaskPriorityInherit
 .text.xTaskPriorityDisinherit
                0x00000e64       0x88 .\CortexM3\ARM_GCC_541\Debug\tasks.o
                0x00000e64                xTaskPriorityDisinherit
 .text.pvTaskIncrementMutexHeldCount
                0x00000eec       0x20 .\CortexM3\ARM_GCC_541\Debug\tasks.o
                0x00000eec                pvTaskIncrementMutexHeldCount
 .text.prvHeapInit
                0x00000f0c       0x30 .\CortexM3\ARM_GCC_541\Debug\heap_2.o
 .text.pvPortMalloc
                0x00000f3c       0xb4 .\CortexM3\ARM_GCC_541\Debug\heap_2.o
                0x00000f3c                pvPortMalloc
 .text.vPortFree
                0x00000ff0       0x44 .\CortexM3\ARM_GCC_541\Debug\heap_2.o
                0x00000ff0                vPortFree
 .text.Check_Key_Status
                0x00001034       0x30 .\CortexM3\ARM_GCC_541\Debug\key.o
                0x00001034                Check_Key_Status
 .text.Task_KEY
                0x00001064       0xe0 .\CortexM3\ARM_GCC_541\Debug\key.o
                0x00001064                Task_KEY
 .text.si5351_start_xfer
                0x00001144       0x14 .\CortexM3\ARM_GCC_541\Debug\main.o
 .text.Task_LED
                0x00001158       0x20 .\CortexM3\ARM_GCC_541\Debug\main.o
                0x00001158                Task_LED
 .text.int_uartQueue_isr
                0x00001178        0xc .\CortexM3\ARM_GCC_541\Debug\main.o
                0x00001178                int_uartQueue_isr
 .text.ADC_ISR_Handler
                0x00001184      0x134 .\CortexM3\ARM_GCC_541\Debug\main.o
                0x00001184                ADC_ISR_Handler
 .text.prvHardwareSetup
                0x000012b8       0x20 .\CortexM3\ARM_GCC_541\Debug\main.o
                0x000012b8                prvHardwareSetup
 .text.vApplicationStackOverflowHook
                0x000012d8        0x8 .\CortexM3\ARM_GCC_541\Debug\main.o
                0x000012d8                vApplicationStackOverflowHook
 .text.vApplicationMallocFailedHook
                0x000012e0        0x8 .\CortexM3\ARM_GCC_541\Debug\main.o
                0x000012e0                vApplicationMallocFailedHook
 .text.si5351_write_xfer
                0x000012e8       0x28 .\CortexM3\ARM_GCC_541\Debug\main.o
                0x000012e8                si5351_write_xfer
 .text.si5351_read_xfer
                0x00001310       0x3c .\CortexM3\ARM_GCC_541\Debug\main.o
                0x00001310                si5351_read_xfer
 .text.si5351_write_byte
                0x0000134c       0x18 .\CortexM3\ARM_GCC_541\Debug\main.o
                0x0000134c                si5351_write_byte
 .text.si5351_read_byte
                0x00001364       0x18 .\CortexM3\ARM_GCC_541\Debug\main.o
                0x00001364                si5351_read_byte
 .text.LoadFilter
                0x0000137c       0xec .\CortexM3\ARM_GCC_541\Debug\main.o
                0x0000137c                LoadFilter
 .text.SetMode  0x00001468       0x50 .\CortexM3\ARM_GCC_541\Debug\main.o
                0x00001468                SetMode
 .text.BinaryFrequency
                0x000014b8       0x34 .\CortexM3\ARM_GCC_541\Debug\main.o
                0x000014b8                BinaryFrequency
 *fill*         0x000014ec        0x4 
 .text.SetFrequency
                0x000014f0      0x100 .\CortexM3\ARM_GCC_541\Debug\main.o
                0x000014f0                SetFrequency
 .text.ChannelSet
                0x000015f0       0x50 .\CortexM3\ARM_GCC_541\Debug\main.o
                0x000015f0                ChannelSet
 .text.Task_CLCD
                0x00001640       0x9c .\CortexM3\ARM_GCC_541\Debug\main.o
                0x00001640                Task_CLCD
 .text.Initialize
                0x000016dc      0x134 .\CortexM3\ARM_GCC_541\Debug\main.o
                0x000016dc                Initialize
 .text.main     0x00001810       0xf0 .\CortexM3\ARM_GCC_541\Debug\main.o
                0x00001810                main
 .text.FactorySetup
                0x00001900      0x184 .\CortexM3\ARM_GCC_541\Debug\main.o
                0x00001900                FactorySetup
 .text.ReadUSB  0x00001a84       0x98 .\CortexM3\ARM_GCC_541\Debug\main.o
                0x00001a84                ReadUSB
 .text.Task_USBUART
                0x00001b1c       0x38 .\CortexM3\ARM_GCC_541\Debug\main.o
                0x00001b1c                Task_USBUART
 .text.AdjustAgc
                0x00001b54       0xfc .\CortexM3\ARM_GCC_541\Debug\main.o
                0x00001b54                AdjustAgc
 .text.Task_RADIO
                0x00001c50       0x10 .\CortexM3\ARM_GCC_541\Debug\main.o
                0x00001c50                Task_RADIO
 .text.ProcessComRx
                0x00001c60      0x654 .\CortexM3\ARM_GCC_541\Debug\Serial.o
                0x00001c60                ProcessComRx
 .text.putch_sub
                0x000022b4       0x30 .\CortexM3\ARM_GCC_541\Debug\USBUART_FIFO.o
 .text.uartTxIsr
                0x000022e4       0x60 .\CortexM3\ARM_GCC_541\Debug\USBUART_FIFO.o
                0x000022e4                uartTxIsr
 .text.putch    0x00002344       0x18 .\CortexM3\ARM_GCC_541\Debug\USBUART_FIFO.o
                0x00002344                putch
 .text.putstr   0x0000235c       0x14 .\CortexM3\ARM_GCC_541\Debug\USBUART_FIFO.o
                0x0000235c                putstr
 .text.uartRxIsr
                0x00002370       0x38 .\CortexM3\ARM_GCC_541\Debug\USBUART_FIFO.o
                0x00002370                uartRxIsr
 .text.getch_sub
                0x000023a8       0x30 .\CortexM3\ARM_GCC_541\Debug\USBUART_FIFO.o
                0x000023a8                getch_sub
 .text.getch    0x000023d8       0x30 .\CortexM3\ARM_GCC_541\Debug\USBUART_FIFO.o
                0x000023d8                getch
 .text.pll_calc
                0x00002408       0xb4 .\CortexM3\ARM_GCC_541\Debug\si5351.o
 .text.multisynth_calc
                0x000024bc      0x134 .\CortexM3\ARM_GCC_541\Debug\si5351.o
 .text.si5351_clock_enable
                0x000025f0       0x54 .\CortexM3\ARM_GCC_541\Debug\si5351.o
                0x000025f0                si5351_clock_enable
 .text.si5351_init
                0x00002644       0x84 .\CortexM3\ARM_GCC_541\Debug\si5351.o
                0x00002644                si5351_init
 .text.si5351_drive_strength
                0x000026c8       0x48 .\CortexM3\ARM_GCC_541\Debug\si5351.o
                0x000026c8                si5351_drive_strength
 .text.si5351_set_frequency
                0x00002710       0xec .\CortexM3\ARM_GCC_541\Debug\si5351.o
                0x00002710                si5351_set_frequency
 .text.CyClockStartupError
                0x000027fc        0x4 .\CortexM3\ARM_GCC_541\Debug\cyfitter_cfg.o
 .text.cfg_write_bytes32
                0x00002800       0x34 .\CortexM3\ARM_GCC_541\Debug\cyfitter_cfg.o
 .text.AnalogSetDefault
                0x00002834       0x5c .\CortexM3\ARM_GCC_541\Debug\cyfitter_cfg.o
 .text.CYMEMZERO
                0x00002890        0xc .\CortexM3\ARM_GCC_541\Debug\cyfitter_cfg.o
 .text.CYCONFIGCPY
                0x0000289c        0x8 .\CortexM3\ARM_GCC_541\Debug\cyfitter_cfg.o
 .text.ClockSetup
                0x000028a4       0xf4 .\CortexM3\ARM_GCC_541\Debug\cyfitter_cfg.o
 .text.cyfitter_cfg
                0x00002998      0x124 .\CortexM3\ARM_GCC_541\Debug\cyfitter_cfg.o
                0x00002998                cyfitter_cfg
 .text.IntDefaultHandler
                0x00002abc        0x4 .\CortexM3\ARM_GCC_541\Debug\Cm3Start.o
                0x00002abc                IntDefaultHandler
 .text._sbrk    0x00002ac0       0x30 .\CortexM3\ARM_GCC_541\Debug\Cm3Start.o
                0x00002ac0                _sbrk
 .text.Start_c  0x00002af0       0x4c .\CortexM3\ARM_GCC_541\Debug\Cm3Start.o
                0x00002af0                Start_c
 .text.initialize_psoc
                0x00002b3c       0x68 .\CortexM3\ARM_GCC_541\Debug\Cm3Start.o
                0x00002b3c                initialize_psoc
 .text.LED_Write
                0x00002ba4       0x18 .\CortexM3\ARM_GCC_541\Debug\CY8CKIT-059_Simple_SDR_Receiver.a(LED.o)
                0x00002ba4                LED_Write
 .text.CyFlashGetSpcAlgorithm
                0x00002bbc       0x4c .\CortexM3\ARM_GCC_541\Debug\CY8CKIT-059_Simple_SDR_Receiver.a(CyFlash.o)
 .text.CySetTempInt
                0x00002c08       0x60 .\CortexM3\ARM_GCC_541\Debug\CY8CKIT-059_Simple_SDR_Receiver.a(CyFlash.o)
 .text.CySetTemp
                0x00002c68       0x14 .\CortexM3\ARM_GCC_541\Debug\CY8CKIT-059_Simple_SDR_Receiver.a(CyFlash.o)
                0x00002c68                CySetTemp
 .text.CyEEPROM_Start
                0x00002c7c       0x54 .\CortexM3\ARM_GCC_541\Debug\CY8CKIT-059_Simple_SDR_Receiver.a(CyFlash.o)
                0x00002c7c                CyEEPROM_Start
 .text.CyHalt   0x00002cd0        0x4 .\CortexM3\ARM_GCC_541\Debug\CY8CKIT-059_Simple_SDR_Receiver.a(CyLib.o)
                0x00002cd0                CyHalt
 .text.CyDelay  0x00002cd4       0x2c .\CortexM3\ARM_GCC_541\Debug\CY8CKIT-059_Simple_SDR_Receiver.a(CyLib.o)
                0x00002cd4                CyDelay
 .text.CyDelayUs
                0x00002d00       0x14 .\CortexM3\ARM_GCC_541\Debug\CY8CKIT-059_Simple_SDR_Receiver.a(CyLib.o)
                0x00002d00                CyDelayUs
 .text.CyIntSetVector
                0x00002d14       0x28 .\CortexM3\ARM_GCC_541\Debug\CY8CKIT-059_Simple_SDR_Receiver.a(CyLib.o)
                0x00002d14                CyIntSetVector
 .text.CyIntSetPriority
                0x00002d3c       0x30 .\CortexM3\ARM_GCC_541\Debug\CY8CKIT-059_Simple_SDR_Receiver.a(CyLib.o)
                0x00002d3c                CyIntSetPriority
 .text.CyGetUniqueId
                0x00002d6c       0x70 .\CortexM3\ARM_GCC_541\Debug\CY8CKIT-059_Simple_SDR_Receiver.a(CyLib.o)
                0x00002d6c                CyGetUniqueId
 .text.CySpcStart
                0x00002ddc       0x24 .\CortexM3\ARM_GCC_541\Debug\CY8CKIT-059_Simple_SDR_Receiver.a(CySpc.o)
                0x00002ddc                CySpcStart
 .text.CySpcReadData
                0x00002e00       0x34 .\CortexM3\ARM_GCC_541\Debug\CY8CKIT-059_Simple_SDR_Receiver.a(CySpc.o)
                0x00002e00                CySpcReadData
 .text.CySpcLoadRow
                0x00002e34       0x50 .\CortexM3\ARM_GCC_541\Debug\CY8CKIT-059_Simple_SDR_Receiver.a(CySpc.o)
                0x00002e34                CySpcLoadRow
 .text.CySpcWriteRow
                0x00002e84       0x4c .\CortexM3\ARM_GCC_541\Debug\CY8CKIT-059_Simple_SDR_Receiver.a(CySpc.o)
                0x00002e84                CySpcWriteRow
 .text.CySpcGetTemp
                0x00002ed0       0x3c .\CortexM3\ARM_GCC_541\Debug\CY8CKIT-059_Simple_SDR_Receiver.a(CySpc.o)
                0x00002ed0                CySpcGetTemp
 .text.CySpcLock
                0x00002f0c       0x4c .\CortexM3\ARM_GCC_541\Debug\CY8CKIT-059_Simple_SDR_Receiver.a(CySpc.o)
                0x00002f0c                CySpcLock
 .text.CySpcUnlock
                0x00002f58       0x38 .\CortexM3\ARM_GCC_541\Debug\CY8CKIT-059_Simple_SDR_Receiver.a(CySpc.o)
                0x00002f58                CySpcUnlock
 .text.CySpcGetAlgorithm
                0x00002f90       0x28 .\CortexM3\ARM_GCC_541\Debug\CY8CKIT-059_Simple_SDR_Receiver.a(CySpc.o)
                0x00002f90                CySpcGetAlgorithm
 .text.PI_KEY_0_Read
                0x00002fb8       0x10 .\CortexM3\ARM_GCC_541\Debug\CY8CKIT-059_Simple_SDR_Receiver.a(PI_KEY_0.o)
                0x00002fb8                PI_KEY_0_Read
 .text.PI_KEY_1_Read
                0x00002fc8       0x10 .\CortexM3\ARM_GCC_541\Debug\CY8CKIT-059_Simple_SDR_Receiver.a(PI_KEY_1.o)
                0x00002fc8                PI_KEY_1_Read
 .text.I2C_1_Init
                0x00002fd8       0x68 .\CortexM3\ARM_GCC_541\Debug\CY8CKIT-059_Simple_SDR_Receiver.a(I2C_1.o)
                0x00002fd8                I2C_1_Init
 .text.I2C_1_Enable
                0x00003040       0x24 .\CortexM3\ARM_GCC_541\Debug\CY8CKIT-059_Simple_SDR_Receiver.a(I2C_1.o)
                0x00003040                I2C_1_Enable
 .text.I2C_1_Start
                0x00003064       0x28 .\CortexM3\ARM_GCC_541\Debug\CY8CKIT-059_Simple_SDR_Receiver.a(I2C_1.o)
                0x00003064                I2C_1_Start
 .text.I2C_1_ISR
                0x0000308c      0x2d0 .\CortexM3\ARM_GCC_541\Debug\CY8CKIT-059_Simple_SDR_Receiver.a(I2C_1_INT.o)
                0x0000308c                I2C_1_ISR
 .text.I2C_1_MasterSendStart
                0x0000335c       0x80 .\CortexM3\ARM_GCC_541\Debug\CY8CKIT-059_Simple_SDR_Receiver.a(I2C_1_MASTER.o)
                0x0000335c                I2C_1_MasterSendStart
 .text.I2C_1_MasterSendStop
                0x000033dc       0x38 .\CortexM3\ARM_GCC_541\Debug\CY8CKIT-059_Simple_SDR_Receiver.a(I2C_1_MASTER.o)
                0x000033dc                I2C_1_MasterSendStop
 .text.I2C_1_MasterWriteByte
                0x00003414       0x58 .\CortexM3\ARM_GCC_541\Debug\CY8CKIT-059_Simple_SDR_Receiver.a(I2C_1_MASTER.o)
                0x00003414                I2C_1_MasterWriteByte
 .text.I2C_1_MasterReadByte
                0x0000346c       0x58 .\CortexM3\ARM_GCC_541\Debug\CY8CKIT-059_Simple_SDR_Receiver.a(I2C_1_MASTER.o)
                0x0000346c                I2C_1_MasterReadByte
 .text.BLUELED_Write
                0x000034c4       0x18 .\CortexM3\ARM_GCC_541\Debug\CY8CKIT-059_Simple_SDR_Receiver.a(BLUELED.o)
                0x000034c4                BLUELED_Write
 .text.EEPROM_Enable
                0x000034dc        0xc .\CortexM3\ARM_GCC_541\Debug\CY8CKIT-059_Simple_SDR_Receiver.a(EEPROM.o)
                0x000034dc                EEPROM_Enable
 .text.EEPROM_Start
                0x000034e8        0x8 .\CortexM3\ARM_GCC_541\Debug\CY8CKIT-059_Simple_SDR_Receiver.a(EEPROM.o)
                0x000034e8                EEPROM_Start
 .text.EEPROM_Write
                0x000034f0       0xb4 .\CortexM3\ARM_GCC_541\Debug\CY8CKIT-059_Simple_SDR_Receiver.a(EEPROM.o)
                0x000034f0                EEPROM_Write
 .text.USBUART_Init
                0x000035a4      0x140 .\CortexM3\ARM_GCC_541\Debug\CY8CKIT-059_Simple_SDR_Receiver.a(USBUART.o)
                0x000035a4                USBUART_Init
 .text.USBUART_InitComponent
                0x000036e4       0xb8 .\CortexM3\ARM_GCC_541\Debug\CY8CKIT-059_Simple_SDR_Receiver.a(USBUART.o)
                0x000036e4                USBUART_InitComponent
 .text.USBUART_Start
                0x0000379c       0x24 .\CortexM3\ARM_GCC_541\Debug\CY8CKIT-059_Simple_SDR_Receiver.a(USBUART.o)
                0x0000379c                USBUART_Start
 .text.USBUART_ReInitComponent
                0x000037c0       0x4c .\CortexM3\ARM_GCC_541\Debug\CY8CKIT-059_Simple_SDR_Receiver.a(USBUART.o)
                0x000037c0                USBUART_ReInitComponent
 .text.USBUART_GetConfiguration
                0x0000380c        0xc .\CortexM3\ARM_GCC_541\Debug\CY8CKIT-059_Simple_SDR_Receiver.a(USBUART.o)
                0x0000380c                USBUART_GetConfiguration
 .text.USBUART_IsConfigurationChanged
                0x00003818       0x20 .\CortexM3\ARM_GCC_541\Debug\CY8CKIT-059_Simple_SDR_Receiver.a(USBUART.o)
                0x00003818                USBUART_IsConfigurationChanged
 .text.USBUART_GetEPState
                0x00003838       0x14 .\CortexM3\ARM_GCC_541\Debug\CY8CKIT-059_Simple_SDR_Receiver.a(USBUART.o)
                0x00003838                USBUART_GetEPState
 .text.USBUART_GetEPCount
                0x0000384c       0x28 .\CortexM3\ARM_GCC_541\Debug\CY8CKIT-059_Simple_SDR_Receiver.a(USBUART.o)
                0x0000384c                USBUART_GetEPCount
 .text.USBUART_LoadInEP
                0x00003874       0x94 .\CortexM3\ARM_GCC_541\Debug\CY8CKIT-059_Simple_SDR_Receiver.a(USBUART.o)
                0x00003874                USBUART_LoadInEP
 .text.USBUART_EnableOutEP
                0x00003908       0x2c .\CortexM3\ARM_GCC_541\Debug\CY8CKIT-059_Simple_SDR_Receiver.a(USBUART.o)
                0x00003908                USBUART_EnableOutEP
 .text.USBUART_ReadOutEP
                0x00003934       0x50 .\CortexM3\ARM_GCC_541\Debug\CY8CKIT-059_Simple_SDR_Receiver.a(USBUART.o)
                0x00003934                USBUART_ReadOutEP
 .text.USBUART_GetInterfaceComPort
                0x00003984       0x38 .\CortexM3\ARM_GCC_541\Debug\CY8CKIT-059_Simple_SDR_Receiver.a(USBUART_cdc.o)
                0x00003984                USBUART_GetInterfaceComPort
 .text.USBUART_DispatchCDCClassRqst
                0x000039bc       0x98 .\CortexM3\ARM_GCC_541\Debug\CY8CKIT-059_Simple_SDR_Receiver.a(USBUART_cdc.o)
                0x000039bc                USBUART_DispatchCDCClassRqst
 .text.USBUART_CDC_Init
                0x00003a54       0x98 .\CortexM3\ARM_GCC_541\Debug\CY8CKIT-059_Simple_SDR_Receiver.a(USBUART_cdc.o)
                0x00003a54                USBUART_CDC_Init
 .text.USBUART_PutData
                0x00003aec       0x50 .\CortexM3\ARM_GCC_541\Debug\CY8CKIT-059_Simple_SDR_Receiver.a(USBUART_cdc.o)
                0x00003aec                USBUART_PutData
 .text.USBUART_DataIsReady
                0x00003b3c       0x18 .\CortexM3\ARM_GCC_541\Debug\CY8CKIT-059_Simple_SDR_Receiver.a(USBUART_cdc.o)
                0x00003b3c                USBUART_DataIsReady
 .text.USBUART_CDCIsReady
                0x00003b54       0x18 .\CortexM3\ARM_GCC_541\Debug\CY8CKIT-059_Simple_SDR_Receiver.a(USBUART_cdc.o)
                0x00003b54                USBUART_CDCIsReady
 .text.USBUART_GetAll
                0x00003b6c       0x30 .\CortexM3\ARM_GCC_541\Debug\CY8CKIT-059_Simple_SDR_Receiver.a(USBUART_cdc.o)
                0x00003b6c                USBUART_GetAll
 .text.USBUART_IsLineChanged
                0x00003b9c       0x38 .\CortexM3\ARM_GCC_541\Debug\CY8CKIT-059_Simple_SDR_Receiver.a(USBUART_cdc.o)
                0x00003b9c                USBUART_IsLineChanged
 .text.USBUART_Cdc_EpInit
                0x00003bd4       0x50 .\CortexM3\ARM_GCC_541\Debug\CY8CKIT-059_Simple_SDR_Receiver.a(USBUART_cdc.o)
                0x00003bd4                USBUART_Cdc_EpInit
 .text.USBUART_LoadEP0
                0x00003c24       0x98 .\CortexM3\ARM_GCC_541\Debug\CY8CKIT-059_Simple_SDR_Receiver.a(USBUART_drv.o)
                0x00003c24                USBUART_LoadEP0
 .text.USBUART_InitZeroLengthControlTransfer
                0x00003cbc       0x34 .\CortexM3\ARM_GCC_541\Debug\CY8CKIT-059_Simple_SDR_Receiver.a(USBUART_drv.o)
                0x00003cbc                USBUART_InitZeroLengthControlTransfer
 .text.USBUART_ControlReadDataStage
                0x00003cf0        0x8 .\CortexM3\ARM_GCC_541\Debug\CY8CKIT-059_Simple_SDR_Receiver.a(USBUART_drv.o)
                0x00003cf0                USBUART_ControlReadDataStage
 .text.USBUART_ControlWriteDataStage
                0x00003cf8       0x84 .\CortexM3\ARM_GCC_541\Debug\CY8CKIT-059_Simple_SDR_Receiver.a(USBUART_drv.o)
                0x00003cf8                USBUART_ControlWriteDataStage
 .text.USBUART_InitNoDataControlTransfer
                0x00003d7c       0x2c .\CortexM3\ARM_GCC_541\Debug\CY8CKIT-059_Simple_SDR_Receiver.a(USBUART_drv.o)
                0x00003d7c                USBUART_InitNoDataControlTransfer
 .text.USBUART_UpdateStatusBlock
                0x00003da8       0x24 .\CortexM3\ARM_GCC_541\Debug\CY8CKIT-059_Simple_SDR_Receiver.a(USBUART_drv.o)
                0x00003da8                USBUART_UpdateStatusBlock
 .text.USBUART_HandleSetup
                0x00003dcc       0x5c .\CortexM3\ARM_GCC_541\Debug\CY8CKIT-059_Simple_SDR_Receiver.a(USBUART_drv.o)
                0x00003dcc                USBUART_HandleSetup
 .text.USBUART_ControlReadStatusStage
                0x00003e28       0x38 .\CortexM3\ARM_GCC_541\Debug\CY8CKIT-059_Simple_SDR_Receiver.a(USBUART_drv.o)
                0x00003e28                USBUART_ControlReadStatusStage
 .text.USBUART_HandleOUT
                0x00003e60       0x38 .\CortexM3\ARM_GCC_541\Debug\CY8CKIT-059_Simple_SDR_Receiver.a(USBUART_drv.o)
                0x00003e60                USBUART_HandleOUT
 .text.USBUART_ControlWriteStatusStage
                0x00003e98       0x20 .\CortexM3\ARM_GCC_541\Debug\CY8CKIT-059_Simple_SDR_Receiver.a(USBUART_drv.o)
                0x00003e98                USBUART_ControlWriteStatusStage
 .text.USBUART_NoDataControlStatusStage
                0x00003eb8       0x40 .\CortexM3\ARM_GCC_541\Debug\CY8CKIT-059_Simple_SDR_Receiver.a(USBUART_drv.o)
                0x00003eb8                USBUART_NoDataControlStatusStage
 .text.USBUART_HandleIN
                0x00003ef8       0x2c .\CortexM3\ARM_GCC_541\Debug\CY8CKIT-059_Simple_SDR_Receiver.a(USBUART_drv.o)
                0x00003ef8                USBUART_HandleIN
 .text.USBUART_EP_0_ISR
                0x00003f24       0xb8 .\CortexM3\ARM_GCC_541\Debug\CY8CKIT-059_Simple_SDR_Receiver.a(USBUART_drv.o)
                0x00003f24                USBUART_EP_0_ISR
 .text.USBUART_InitializeStatusBlock
                0x00003fdc       0x24 .\CortexM3\ARM_GCC_541\Debug\CY8CKIT-059_Simple_SDR_Receiver.a(USBUART_drv.o)
                0x00003fdc                USBUART_InitializeStatusBlock
 .text.USBUART_InitControlRead
                0x00004000       0x50 .\CortexM3\ARM_GCC_541\Debug\CY8CKIT-059_Simple_SDR_Receiver.a(USBUART_drv.o)
                0x00004000                USBUART_InitControlRead
 .text.USBUART_InitControlWrite
                0x00004050       0x48 .\CortexM3\ARM_GCC_541\Debug\CY8CKIT-059_Simple_SDR_Receiver.a(USBUART_drv.o)
                0x00004050                USBUART_InitControlWrite
 .text.USBUART_EP_1_ISR
                0x00004098       0x30 .\CortexM3\ARM_GCC_541\Debug\CY8CKIT-059_Simple_SDR_Receiver.a(USBUART_episr.o)
                0x00004098                USBUART_EP_1_ISR
 .text.USBUART_EP_2_ISR
                0x000040c8       0x34 .\CortexM3\ARM_GCC_541\Debug\CY8CKIT-059_Simple_SDR_Receiver.a(USBUART_episr.o)
                0x000040c8                USBUART_EP_2_ISR
 .text.USBUART_EP_3_ISR
                0x000040fc       0x3c .\CortexM3\ARM_GCC_541\Debug\CY8CKIT-059_Simple_SDR_Receiver.a(USBUART_episr.o)
                0x000040fc                USBUART_EP_3_ISR
 .text.USBUART_SOF_ISR
                0x00004138        0x4 .\CortexM3\ARM_GCC_541\Debug\CY8CKIT-059_Simple_SDR_Receiver.a(USBUART_episr.o)
                0x00004138                USBUART_SOF_ISR
 .text.USBUART_BUS_RESET_ISR
                0x0000413c        0x8 .\CortexM3\ARM_GCC_541\Debug\CY8CKIT-059_Simple_SDR_Receiver.a(USBUART_episr.o)
                0x0000413c                USBUART_BUS_RESET_ISR
 .text.USBUART_DP_ISR
                0x00004144        0x8 .\CortexM3\ARM_GCC_541\Debug\CY8CKIT-059_Simple_SDR_Receiver.a(USBUART_pm.o)
                0x00004144                USBUART_DP_ISR
 .text.USBUART_ReadDieID
                0x0000414c       0x6c .\CortexM3\ARM_GCC_541\Debug\CY8CKIT-059_Simple_SDR_Receiver.a(USBUART_std.o)
                0x0000414c                USBUART_ReadDieID
 .text.USBUART_ConfigReg
                0x000041b8       0xa4 .\CortexM3\ARM_GCC_541\Debug\CY8CKIT-059_Simple_SDR_Receiver.a(USBUART_std.o)
                0x000041b8                USBUART_ConfigReg
 .text.USBUART_GetConfigTablePtr
                0x0000425c       0x28 .\CortexM3\ARM_GCC_541\Debug\CY8CKIT-059_Simple_SDR_Receiver.a(USBUART_std.o)
                0x0000425c                USBUART_GetConfigTablePtr
 .text.USBUART_ConfigAltChanged
                0x00004284      0x11c .\CortexM3\ARM_GCC_541\Debug\CY8CKIT-059_Simple_SDR_Receiver.a(USBUART_std.o)
                0x00004284                USBUART_ConfigAltChanged
 .text.USBUART_GetDeviceTablePtr
                0x000043a0       0x18 .\CortexM3\ARM_GCC_541\Debug\CY8CKIT-059_Simple_SDR_Receiver.a(USBUART_std.o)
                0x000043a0                USBUART_GetDeviceTablePtr
 .text.USBUART_GetInterfaceClassTablePtr
                0x000043b8       0x28 .\CortexM3\ARM_GCC_541\Debug\CY8CKIT-059_Simple_SDR_Receiver.a(USBUART_std.o)
                0x000043b8                USBUART_GetInterfaceClassTablePtr
 .text.USBUART_Config
                0x000043e0      0x1ec .\CortexM3\ARM_GCC_541\Debug\CY8CKIT-059_Simple_SDR_Receiver.a(USBUART_std.o)
                0x000043e0                USBUART_Config
 .text.USBUART_SetEndpointHalt
                0x000045cc       0x64 .\CortexM3\ARM_GCC_541\Debug\CY8CKIT-059_Simple_SDR_Receiver.a(USBUART_std.o)
                0x000045cc                USBUART_SetEndpointHalt
 .text.USBUART_ClearEndpointHalt
                0x00004630       0xa8 .\CortexM3\ARM_GCC_541\Debug\CY8CKIT-059_Simple_SDR_Receiver.a(USBUART_std.o)
                0x00004630                USBUART_ClearEndpointHalt
 .text.USBUART_ValidateAlternateSetting
                0x000046d8       0x4c .\CortexM3\ARM_GCC_541\Debug\CY8CKIT-059_Simple_SDR_Receiver.a(USBUART_std.o)
                0x000046d8                USBUART_ValidateAlternateSetting
 .text.USBUART_HandleStandardRqst
                0x00004724      0x354 .\CortexM3\ARM_GCC_541\Debug\CY8CKIT-059_Simple_SDR_Receiver.a(USBUART_std.o)
                0x00004724                USBUART_HandleStandardRqst
 .text.USBUART_HandleVendorRqst
                0x00004a78       0x18 .\CortexM3\ARM_GCC_541\Debug\CY8CKIT-059_Simple_SDR_Receiver.a(USBUART_vnd.o)
                0x00004a78                USBUART_HandleVendorRqst
 .text.ADC_GainCompensation
                0x00004a90       0xdc .\CortexM3\ARM_GCC_541\Debug\CY8CKIT-059_Simple_SDR_Receiver.a(ADC.o)
 .text.ADC_SetDSMRef0Reg
                0x00004b6c       0x4c .\CortexM3\ARM_GCC_541\Debug\CY8CKIT-059_Simple_SDR_Receiver.a(ADC.o)
 .text.ADC_InitConfig
                0x00004bb8       0xd8 .\CortexM3\ARM_GCC_541\Debug\CY8CKIT-059_Simple_SDR_Receiver.a(ADC.o)
 .text.ADC_Init
                0x00004c90       0xc4 .\CortexM3\ARM_GCC_541\Debug\CY8CKIT-059_Simple_SDR_Receiver.a(ADC.o)
                0x00004c90                ADC_Init
 .text.ADC_Enable
                0x00004d54       0xd8 .\CortexM3\ARM_GCC_541\Debug\CY8CKIT-059_Simple_SDR_Receiver.a(ADC.o)
                0x00004d54                ADC_Enable
 .text.ADC_Start
                0x00004e2c       0x28 .\CortexM3\ARM_GCC_541\Debug\CY8CKIT-059_Simple_SDR_Receiver.a(ADC.o)
                0x00004e2c                ADC_Start
 .text.ADC_SetBufferGain
                0x00004e54       0x18 .\CortexM3\ARM_GCC_541\Debug\CY8CKIT-059_Simple_SDR_Receiver.a(ADC.o)
                0x00004e54                ADC_SetBufferGain
 .text.ADC_StartConvert
                0x00004e6c       0x10 .\CortexM3\ARM_GCC_541\Debug\CY8CKIT-059_Simple_SDR_Receiver.a(ADC.o)
                0x00004e6c                ADC_StartConvert
 .text.ADC_GetResult16
                0x00004e7c       0x50 .\CortexM3\ARM_GCC_541\Debug\CY8CKIT-059_Simple_SDR_Receiver.a(ADC.o)
                0x00004e7c                ADC_GetResult16
 .text.ADC_ISR1
                0x00004ecc        0x4 .\CortexM3\ARM_GCC_541\Debug\CY8CKIT-059_Simple_SDR_Receiver.a(ADC_INT.o)
                0x00004ecc                ADC_ISR1
 .text.isr_adc_SetVector
                0x00004ed0        0xc .\CortexM3\ARM_GCC_541\Debug\CY8CKIT-059_Simple_SDR_Receiver.a(isr_adc.o)
                0x00004ed0                isr_adc_SetVector
 .text.isr_adc_SetPriority
                0x00004edc       0x10 .\CortexM3\ARM_GCC_541\Debug\CY8CKIT-059_Simple_SDR_Receiver.a(isr_adc.o)
                0x00004edc                isr_adc_SetPriority
 .text.isr_adc_Enable
                0x00004eec        0xc .\CortexM3\ARM_GCC_541\Debug\CY8CKIT-059_Simple_SDR_Receiver.a(isr_adc.o)
                0x00004eec                isr_adc_Enable
 .text.isr_adc_Disable
                0x00004ef8        0xc .\CortexM3\ARM_GCC_541\Debug\CY8CKIT-059_Simple_SDR_Receiver.a(isr_adc.o)
                0x00004ef8                isr_adc_Disable
 .text.isr_adc_StartEx
                0x00004f04       0x1c .\CortexM3\ARM_GCC_541\Debug\CY8CKIT-059_Simple_SDR_Receiver.a(isr_adc.o)
                0x00004f04                isr_adc_StartEx
 .text.VDAC_Enable
                0x00004f20       0x1c .\CortexM3\ARM_GCC_541\Debug\CY8CKIT-059_Simple_SDR_Receiver.a(VDAC.o)
                0x00004f20                VDAC_Enable
 .text.VDAC_SetSpeed
                0x00004f3c       0x1c .\CortexM3\ARM_GCC_541\Debug\CY8CKIT-059_Simple_SDR_Receiver.a(VDAC.o)
                0x00004f3c                VDAC_SetSpeed
 .text.VDAC_SetValue
                0x00004f58        0xc .\CortexM3\ARM_GCC_541\Debug\CY8CKIT-059_Simple_SDR_Receiver.a(VDAC.o)
                0x00004f58                VDAC_SetValue
 .text.VDAC_DacTrim
                0x00004f64       0x24 .\CortexM3\ARM_GCC_541\Debug\CY8CKIT-059_Simple_SDR_Receiver.a(VDAC.o)
                0x00004f64                VDAC_DacTrim
 .text.VDAC_SetRange
                0x00004f88       0x20 .\CortexM3\ARM_GCC_541\Debug\CY8CKIT-059_Simple_SDR_Receiver.a(VDAC.o)
                0x00004f88                VDAC_SetRange
 .text.VDAC_Init
                0x00004fa8       0x20 .\CortexM3\ARM_GCC_541\Debug\CY8CKIT-059_Simple_SDR_Receiver.a(VDAC.o)
                0x00004fa8                VDAC_Init
 .text.VDAC_Start
                0x00004fc8       0x24 .\CortexM3\ARM_GCC_541\Debug\CY8CKIT-059_Simple_SDR_Receiver.a(VDAC.o)
                0x00004fc8                VDAC_Start
 .text.Filter_Init
                0x00004fec       0xd0 .\CortexM3\ARM_GCC_541\Debug\CY8CKIT-059_Simple_SDR_Receiver.a(Filter.o)
                0x00004fec                Filter_Init
 .text.Filter_Enable
                0x000050bc       0x28 .\CortexM3\ARM_GCC_541\Debug\CY8CKIT-059_Simple_SDR_Receiver.a(Filter.o)
                0x000050bc                Filter_Enable
 .text.Filter_Start
                0x000050e4       0x1c .\CortexM3\ARM_GCC_541\Debug\CY8CKIT-059_Simple_SDR_Receiver.a(Filter.o)
                0x000050e4                Filter_Start
 .text.Filter_Read16
                0x00005100       0x20 .\CortexM3\ARM_GCC_541\Debug\CY8CKIT-059_Simple_SDR_Receiver.a(Filter.o)
                0x00005100                Filter_Read16
 .text.Filter_SetInterruptMode
                0x00005120       0x10 .\CortexM3\ARM_GCC_541\Debug\CY8CKIT-059_Simple_SDR_Receiver.a(Filter_PVT.o)
                0x00005120                Filter_SetInterruptMode
 .text.Filter_SetDMAMode
                0x00005130       0x10 .\CortexM3\ARM_GCC_541\Debug\CY8CKIT-059_Simple_SDR_Receiver.a(Filter_PVT.o)
                0x00005130                Filter_SetDMAMode
 .text.USBUART_Dp_ClearInterrupt
                0x00005140       0x10 .\CortexM3\ARM_GCC_541\Debug\CY8CKIT-059_Simple_SDR_Receiver.a(USBUART_Dp.o)
                0x00005140                USBUART_Dp_ClearInterrupt
 .text.ADC_Ext_CP_Clk_GetDividerRegister
                0x00005150        0xc .\CortexM3\ARM_GCC_541\Debug\CY8CKIT-059_Simple_SDR_Receiver.a(ADC_Ext_CP_Clk.o)
                0x00005150                ADC_Ext_CP_Clk_GetDividerRegister
 .text.ADC_Ext_CP_Clk_SetModeRegister
                0x0000515c       0x14 .\CortexM3\ARM_GCC_541\Debug\CY8CKIT-059_Simple_SDR_Receiver.a(ADC_Ext_CP_Clk.o)
                0x0000515c                ADC_Ext_CP_Clk_SetModeRegister
 .text.ADC_Ext_CP_Clk_GetSourceRegister
                0x00005170       0x10 .\CortexM3\ARM_GCC_541\Debug\CY8CKIT-059_Simple_SDR_Receiver.a(ADC_Ext_CP_Clk.o)
                0x00005170                ADC_Ext_CP_Clk_GetSourceRegister
 .text.ADC_Ext_CP_Clk_SetDividerRegister
                0x00005180       0xd8 .\CortexM3\ARM_GCC_541\Debug\CY8CKIT-059_Simple_SDR_Receiver.a(ADC_Ext_CP_Clk.o)
                0x00005180                ADC_Ext_CP_Clk_SetDividerRegister
 .text.ADC_IRQ_Enable
                0x00005258       0x10 .\CortexM3\ARM_GCC_541\Debug\CY8CKIT-059_Simple_SDR_Receiver.a(ADC_IRQ.o)
                0x00005258                ADC_IRQ_Enable
 .text.ADC_theACLK_GetDividerRegister
                0x00005268        0xc .\CortexM3\ARM_GCC_541\Debug\CY8CKIT-059_Simple_SDR_Receiver.a(ADC_theACLK.o)
                0x00005268                ADC_theACLK_GetDividerRegister
 .text.ADC_theACLK_SetModeRegister
                0x00005274       0x14 .\CortexM3\ARM_GCC_541\Debug\CY8CKIT-059_Simple_SDR_Receiver.a(ADC_theACLK.o)
                0x00005274                ADC_theACLK_SetModeRegister
 .text.ADC_theACLK_GetSourceRegister
                0x00005288       0x10 .\CortexM3\ARM_GCC_541\Debug\CY8CKIT-059_Simple_SDR_Receiver.a(ADC_theACLK.o)
                0x00005288                ADC_theACLK_GetSourceRegister
 .text.ADC_theACLK_SetDividerRegister
                0x00005298       0xd8 .\CortexM3\ARM_GCC_541\Debug\CY8CKIT-059_Simple_SDR_Receiver.a(ADC_theACLK.o)
                0x00005298                ADC_theACLK_SetDividerRegister
 .text.int_uartQueue_SetVector
                0x00005370        0xc .\CortexM3\ARM_GCC_541\Debug\CY8CKIT-059_Simple_SDR_Receiver.a(int_uartQueue.o)
                0x00005370                int_uartQueue_SetVector
 .text.int_uartQueue_SetPriority
                0x0000537c       0x10 .\CortexM3\ARM_GCC_541\Debug\CY8CKIT-059_Simple_SDR_Receiver.a(int_uartQueue.o)
                0x0000537c                int_uartQueue_SetPriority
 .text.int_uartQueue_Enable
                0x0000538c        0xc .\CortexM3\ARM_GCC_541\Debug\CY8CKIT-059_Simple_SDR_Receiver.a(int_uartQueue.o)
                0x0000538c                int_uartQueue_Enable
 .text.int_uartQueue_Disable
                0x00005398        0xc .\CortexM3\ARM_GCC_541\Debug\CY8CKIT-059_Simple_SDR_Receiver.a(int_uartQueue.o)
                0x00005398                int_uartQueue_Disable
 .text.int_uartQueue_StartEx
                0x000053a4       0x1c .\CortexM3\ARM_GCC_541\Debug\CY8CKIT-059_Simple_SDR_Receiver.a(int_uartQueue.o)
                0x000053a4                int_uartQueue_StartEx
 .text          0x000053c0       0x20 .\CortexM3\ARM_GCC_541\Debug\CY8CKIT-059_Simple_SDR_Receiver.a(CyBootAsmGnu.o)
                0x000053c0                CyDelayCycles
                0x000053d0                CyEnterCriticalSection
                0x000053d8                CyExitCriticalSection
 .text.USBUART_DispatchClassRqst
                0x000053e0       0x58 .\CortexM3\ARM_GCC_541\Debug\CY8CKIT-059_Simple_SDR_Receiver.a(USBUART_cls.o)
                0x000053e0                USBUART_DispatchClassRqst
 .text          0x00005438      0x370 c:/program files (x86)/cypress/psoc creator/4.2/psoc creator/import/gnu/arm/5.4.1/bin/../lib/gcc/arm-none-eabi/5.4.1/armv7-m\libgcc.a(_arm_addsubdf3.o)
                0x00005438                __aeabi_drsub
                0x00005440                __aeabi_dsub
                0x00005440                __subdf3
                0x00005444                __aeabi_dadd
                0x00005444                __adddf3
                0x000056bc                __floatunsidf
                0x000056bc                __aeabi_ui2d
                0x000056dc                __floatsidf
                0x000056dc                __aeabi_i2d
                0x00005700                __aeabi_f2d
                0x00005700                __extendsfdf2
                0x0000573c                __floatundidf
                0x0000573c                __aeabi_ul2d
                0x0000574c                __floatdidf
                0x0000574c                __aeabi_l2d
 .text          0x000057a8      0x424 c:/program files (x86)/cypress/psoc creator/4.2/psoc creator/import/gnu/arm/5.4.1/bin/../lib/gcc/arm-none-eabi/5.4.1/armv7-m\libgcc.a(_arm_muldivdf3.o)
                0x000057a8                __aeabi_dmul
                0x000057a8                __muldf3
                0x000059fc                __divdf3
                0x000059fc                __aeabi_ddiv
 .text          0x00005bcc      0x110 c:/program files (x86)/cypress/psoc creator/4.2/psoc creator/import/gnu/arm/5.4.1/bin/../lib/gcc/arm-none-eabi/5.4.1/armv7-m\libgcc.a(_arm_cmpdf2.o)
                0x00005bcc                __gtdf2
                0x00005bcc                __gedf2
                0x00005bd4                __ltdf2
                0x00005bd4                __ledf2
                0x00005bdc                __nedf2
                0x00005bdc                __eqdf2
                0x00005bdc                __cmpdf2
                0x00005c58                __aeabi_cdrcmple
                0x00005c68                __aeabi_cdcmpeq
                0x00005c68                __aeabi_cdcmple
                0x00005c78                __aeabi_dcmpeq
                0x00005c8c                __aeabi_dcmplt
                0x00005ca0                __aeabi_dcmple
                0x00005cb4                __aeabi_dcmpge
                0x00005cc8                __aeabi_dcmpgt
 .text          0x00005cdc       0x40 c:/program files (x86)/cypress/psoc creator/4.2/psoc creator/import/gnu/arm/5.4.1/bin/../lib/gcc/arm-none-eabi/5.4.1/armv7-m\libgcc.a(_arm_fixunsdfsi.o)
                0x00005cdc                __aeabi_d2uiz
                0x00005cdc                __fixunsdfsi
 .text          0x00005d1c       0xa0 c:/program files (x86)/cypress/psoc creator/4.2/psoc creator/import/gnu/arm/5.4.1/bin/../lib/gcc/arm-none-eabi/5.4.1/armv7-m\libgcc.a(_aeabi_ldivmod.o)
                0x00005d1c                __aeabi_ldivmod
 .text          0x00005dbc       0x30 c:/program files (x86)/cypress/psoc creator/4.2/psoc creator/import/gnu/arm/5.4.1/bin/../lib/gcc/arm-none-eabi/5.4.1/armv7-m\libgcc.a(_aeabi_uldivmod.o)
                0x00005dbc                __aeabi_uldivmod
 .text          0x00005dec      0x2ec c:/program files (x86)/cypress/psoc creator/4.2/psoc creator/import/gnu/arm/5.4.1/bin/../lib/gcc/arm-none-eabi/5.4.1/armv7-m\libgcc.a(_udivmoddi4.o)
                0x00005dec                __udivmoddi4
 .text          0x000060d8        0x4 c:/program files (x86)/cypress/psoc creator/4.2/psoc creator/import/gnu/arm/5.4.1/bin/../lib/gcc/arm-none-eabi/5.4.1/armv7-m\libgcc.a(_dvmd_tls.o)
                0x000060d8                __aeabi_idiv0
                0x000060d8                __aeabi_ldiv0
 .text.__errno  0x000060dc        0xc c:/program files (x86)/cypress/psoc creator/4.2/psoc creator/import/gnu/arm/5.4.1/bin/../lib/gcc/arm-none-eabi/5.4.1/../../../../arm-none-eabi/lib/armv7-m\libg_nano.a(lib_a-errno.o)
                0x000060dc                __errno
 .text.__libc_init_array
                0x000060e8       0x4c c:/program files (x86)/cypress/psoc creator/4.2/psoc creator/import/gnu/arm/5.4.1/bin/../lib/gcc/arm-none-eabi/5.4.1/../../../../arm-none-eabi/lib/armv7-m\libg_nano.a(lib_a-init.o)
                0x000060e8                __libc_init_array
 .text.memcmp   0x00006134       0x1e c:/program files (x86)/cypress/psoc creator/4.2/psoc creator/import/gnu/arm/5.4.1/bin/../lib/gcc/arm-none-eabi/5.4.1/../../../../arm-none-eabi/lib/armv7-m\libg_nano.a(lib_a-memcmp.o)
                0x00006134                memcmp
 .text.memcpy   0x00006152       0x16 c:/program files (x86)/cypress/psoc creator/4.2/psoc creator/import/gnu/arm/5.4.1/bin/../lib/gcc/arm-none-eabi/5.4.1/../../../../arm-none-eabi/lib/armv7-m\libg_nano.a(lib_a-memcpy-stub.o)
                0x00006152                memcpy
 .text.memset   0x00006168       0x10 c:/program files (x86)/cypress/psoc creator/4.2/psoc creator/import/gnu/arm/5.4.1/bin/../lib/gcc/arm-none-eabi/5.4.1/../../../../arm-none-eabi/lib/armv7-m\libg_nano.a(lib_a-memset.o)
                0x00006168                memset
 .text.sprintf  0x00006178       0x48 c:/program files (x86)/cypress/psoc creator/4.2/psoc creator/import/gnu/arm/5.4.1/bin/../lib/gcc/arm-none-eabi/5.4.1/../../../../arm-none-eabi/lib/armv7-m\libg_nano.a(lib_a-sprintf.o)
                0x00006178                siprintf
                0x00006178                sprintf
 .text.__ssputs_r
                0x000061c0       0xb2 c:/program files (x86)/cypress/psoc creator/4.2/psoc creator/import/gnu/arm/5.4.1/bin/../lib/gcc/arm-none-eabi/5.4.1/../../../../arm-none-eabi/lib/armv7-m\libg_nano.a(lib_a-nano-svfprintf.o)
                0x000061c0                __ssputs_r
 *fill*         0x00006272        0x2 
 .text._svfprintf_r
                0x00006274      0x1e8 c:/program files (x86)/cypress/psoc creator/4.2/psoc creator/import/gnu/arm/5.4.1/bin/../lib/gcc/arm-none-eabi/5.4.1/../../../../arm-none-eabi/lib/armv7-m\libg_nano.a(lib_a-nano-svfprintf.o)
                0x00006274                _svfiprintf_r
                0x00006274                _svfprintf_r
 .text._printf_common
                0x0000645c       0xec c:/program files (x86)/cypress/psoc creator/4.2/psoc creator/import/gnu/arm/5.4.1/bin/../lib/gcc/arm-none-eabi/5.4.1/../../../../arm-none-eabi/lib/armv7-m\libg_nano.a(lib_a-nano-vfprintf_i.o)
                0x0000645c                _printf_common
 .text._printf_i
                0x00006548      0x24c c:/program files (x86)/cypress/psoc creator/4.2/psoc creator/import/gnu/arm/5.4.1/bin/../lib/gcc/arm-none-eabi/5.4.1/../../../../arm-none-eabi/lib/armv7-m\libg_nano.a(lib_a-nano-vfprintf_i.o)
                0x00006548                _printf_i
 .text.memchr   0x00006794       0x1c c:/program files (x86)/cypress/psoc creator/4.2/psoc creator/import/gnu/arm/5.4.1/bin/../lib/gcc/arm-none-eabi/5.4.1/../../../../arm-none-eabi/lib/armv7-m\libg_nano.a(lib_a-memchr-stub.o)
                0x00006794                memchr
 .text.memmove  0x000067b0       0x36 c:/program files (x86)/cypress/psoc creator/4.2/psoc creator/import/gnu/arm/5.4.1/bin/../lib/gcc/arm-none-eabi/5.4.1/../../../../arm-none-eabi/lib/armv7-m\libg_nano.a(lib_a-memmove.o)
                0x000067b0                memmove
 *fill*         0x000067e6        0x2 
 .text._free_r  0x000067e8       0x98 c:/program files (x86)/cypress/psoc creator/4.2/psoc creator/import/gnu/arm/5.4.1/bin/../lib/gcc/arm-none-eabi/5.4.1/../../../../arm-none-eabi/lib/armv7-m\libg_nano.a(lib_a-nano-freer.o)
                0x000067e8                _free_r
 .text._malloc_r
                0x00006880       0xbc c:/program files (x86)/cypress/psoc creator/4.2/psoc creator/import/gnu/arm/5.4.1/bin/../lib/gcc/arm-none-eabi/5.4.1/../../../../arm-none-eabi/lib/armv7-m\libg_nano.a(lib_a-nano-mallocr.o)
                0x00006880                _malloc_r
 .text._realloc_r
                0x0000693c       0x4c c:/program files (x86)/cypress/psoc creator/4.2/psoc creator/import/gnu/arm/5.4.1/bin/../lib/gcc/arm-none-eabi/5.4.1/../../../../arm-none-eabi/lib/armv7-m\libg_nano.a(lib_a-nano-reallocr.o)
                0x0000693c                _realloc_r
 .text._sbrk_r  0x00006988       0x20 c:/program files (x86)/cypress/psoc creator/4.2/psoc creator/import/gnu/arm/5.4.1/bin/../lib/gcc/arm-none-eabi/5.4.1/../../../../arm-none-eabi/lib/armv7-m\libg_nano.a(lib_a-sbrkr.o)
                0x00006988                _sbrk_r
 .text.__malloc_lock
                0x000069a8        0x2 c:/program files (x86)/cypress/psoc creator/4.2/psoc creator/import/gnu/arm/5.4.1/bin/../lib/gcc/arm-none-eabi/5.4.1/../../../../arm-none-eabi/lib/armv7-m\libg_nano.a(lib_a-mlock.o)
                0x000069a8                __malloc_lock
 .text.__malloc_unlock
                0x000069aa        0x2 c:/program files (x86)/cypress/psoc creator/4.2/psoc creator/import/gnu/arm/5.4.1/bin/../lib/gcc/arm-none-eabi/5.4.1/../../../../arm-none-eabi/lib/armv7-m\libg_nano.a(lib_a-mlock.o)
                0x000069aa                __malloc_unlock
 .text._malloc_usable_size_r
                0x000069ac       0x14 c:/program files (x86)/cypress/psoc creator/4.2/psoc creator/import/gnu/arm/5.4.1/bin/../lib/gcc/arm-none-eabi/5.4.1/../../../../arm-none-eabi/lib/armv7-m\libg_nano.a(lib_a-nano-msizer.o)
                0x000069ac                _malloc_usable_size_r
 *(.plt)
 *(.gnu.warning)
 *(.glue_7t)
 .glue_7t       0x000069c0        0x0 linker stubs
 *(.glue_7)
 .glue_7        0x000069c0        0x0 linker stubs
 *(.vfp11_veneer)
 .vfp11_veneer  0x000069c0        0x0 linker stubs
 *(.bootloader)
 *(.ARM.extab* .gnu.linkonce.armextab.*)
 *(.gcc_except_table)

.v4_bx          0x000069c0        0x0
 .v4_bx         0x000069c0        0x0 linker stubs

.iplt           0x000069c0        0x0
 .iplt          0x000069c0        0x0 c:/program files (x86)/cypress/psoc creator/4.2/psoc creator/import/gnu/arm/5.4.1/bin/../lib/gcc/arm-none-eabi/5.4.1/armv7-m/crtbegin.o

.eh_frame_hdr
 *(.eh_frame_hdr)

.eh_frame       0x000069c0        0x4
 *(.eh_frame)
 .eh_frame      0x000069c0        0x0 c:/program files (x86)/cypress/psoc creator/4.2/psoc creator/import/gnu/arm/5.4.1/bin/../lib/gcc/arm-none-eabi/5.4.1/armv7-m/crtbegin.o
 .eh_frame      0x000069c0        0x4 c:/program files (x86)/cypress/psoc creator/4.2/psoc creator/import/gnu/arm/5.4.1/bin/../lib/gcc/arm-none-eabi/5.4.1/armv7-m/crtend.o
                [!provide]                PROVIDE (__exidx_start, .)

.ARM.exidx      0x000069c4        0x8
 *(.ARM.exidx* .gnu.linkonce.armexidx.*)
 .ARM.exidx     0x000069c4        0x8 c:/program files (x86)/cypress/psoc creator/4.2/psoc creator/import/gnu/arm/5.4.1/bin/../lib/gcc/arm-none-eabi/5.4.1/armv7-m\libgcc.a(_udivmoddi4.o)
                0x000069cc                __exidx_end = .

.rodata         0x000069cc     0x14ec
 *(.rodata .rodata.* .gnu.linkonce.r.*)
 .rodata.str1.4
                0x000069cc        0x5 .\CortexM3\ARM_GCC_541\Debug\tasks.o
 *fill*         0x000069d1        0x3 
 .rodata.str1.4
                0x000069d4       0x6f .\CortexM3\ARM_GCC_541\Debug\main.o
 *fill*         0x00006a43        0x1 
 .rodata        0x00006a44      0xb00 .\CortexM3\ARM_GCC_541\Debug\FIR_Coefficients.o
                0x00006a44                Filter_data_b_am
                0x00006c44                Filter_data_b_cw
                0x00006e44                Filter_data_b_1500
                0x00007044                Filter_data_b_2000
                0x00007244                Filter_data_b_2500
                0x00007444                Hilbert
 .rodata.str1.4
                0x00007544      0x127 .\CortexM3\ARM_GCC_541\Debug\Serial.o
 *fill*         0x0000766b        0x1 
 .rodata        0x0000766c       0x2a .\CortexM3\ARM_GCC_541\Debug\cyfitter_cfg.o
 *fill*         0x00007696        0x2 
 .rodata.str1.4
                0x00007698       0x14 .\CortexM3\ARM_GCC_541\Debug\CY8CKIT-059_Simple_SDR_Receiver.a(USBUART_std.o)
                                 0x11 (size before relaxing)
 .rodata        0x000076ac      0x640 .\CortexM3\ARM_GCC_541\Debug\CY8CKIT-059_Simple_SDR_Receiver.a(Filter_RAM_Data.o)
                0x000076ac                Filter_cfsm
                0x000077ac                Filter_acu
                0x000077ec                Filter_data_b
                0x000079ec                Filter_data_a
                0x00007bec                Filter_control
 .rodata        0x00007cec      0x15e .\CortexM3\ARM_GCC_541\Debug\CY8CKIT-059_Simple_SDR_Receiver.a(USBUART_descr.o)
                0x00007cec                USBUART_TABLE
                0x00007cf4                USBUART_DEVICE0_TABLE
                0x00007d0c                USBUART_DEVICE0_CONFIGURATION0_TABLE
                0x00007d34                USBUART_DEVICE0_CONFIGURATION0_INTERFACE_CLASS
                0x00007d38                USBUART_DEVICE0_CONFIGURATION0_EP_SETTINGS_TABLE
                0x00007d50                USBUART_SN_STRING_DESCRIPTOR
                0x00007d54                USBUART_STRING_DESCRIPTORS
                0x00007df4                USBUART_DEVICE0_CONFIGURATION0_DESCR
                0x00007e38                USBUART_DEVICE0_DESCR
 .rodata.str1.1
                0x00007e4a        0x2 c:/program files (x86)/cypress/psoc creator/4.2/psoc creator/import/gnu/arm/5.4.1/bin/../lib/gcc/arm-none-eabi/5.4.1/../../../../arm-none-eabi/lib/armv7-m\libg_nano.a(lib_a-impure.o)
 .rodata.str1.1
                0x00007e4c       0x11 c:/program files (x86)/cypress/psoc creator/4.2/psoc creator/import/gnu/arm/5.4.1/bin/../lib/gcc/arm-none-eabi/5.4.1/../../../../arm-none-eabi/lib/armv7-m\libg_nano.a(lib_a-nano-svfprintf.o)
 .rodata.str1.1
                0x00007e5d       0x22 c:/program files (x86)/cypress/psoc creator/4.2/psoc creator/import/gnu/arm/5.4.1/bin/../lib/gcc/arm-none-eabi/5.4.1/../../../../arm-none-eabi/lib/armv7-m\libg_nano.a(lib_a-nano-vfprintf_i.o)
                0x00007e80                . = ALIGN (0x4)
 *fill*         0x00007e7f        0x1 
 *(.init)
 .init          0x00007e80        0x4 c:/program files (x86)/cypress/psoc creator/4.2/psoc creator/import/gnu/arm/5.4.1/bin/../lib/gcc/arm-none-eabi/5.4.1/armv7-m/crti.o
                0x00007e80                _init
 .init          0x00007e84        0x8 c:/program files (x86)/cypress/psoc creator/4.2/psoc creator/import/gnu/arm/5.4.1/bin/../lib/gcc/arm-none-eabi/5.4.1/armv7-m/crtn.o
                0x00007e8c                . = ALIGN (0x4)
                0x00007e8c                __preinit_array_start = .
 *(.preinit_array)
                0x00007e8c                __preinit_array_end = .
                0x00007e8c                . = ALIGN (0x4)
                0x00007e8c                __init_array_start = .
 *(SORT(.init_array.*))
 *(.init_array)
 .init_array    0x00007e8c        0x4 c:/program files (x86)/cypress/psoc creator/4.2/psoc creator/import/gnu/arm/5.4.1/bin/../lib/gcc/arm-none-eabi/5.4.1/armv7-m/crtbegin.o
 .init_array    0x00007e90        0x4 .\CortexM3\ARM_GCC_541\Debug\Cm3Start.o
                0x00007e94                __init_array_end = .
                0x00007e94                . = ALIGN (0x4)
 *(.fini)
 .fini          0x00007e94        0x4 c:/program files (x86)/cypress/psoc creator/4.2/psoc creator/import/gnu/arm/5.4.1/bin/../lib/gcc/arm-none-eabi/5.4.1/armv7-m/crti.o
                0x00007e94                _fini
 .fini          0x00007e98        0x8 c:/program files (x86)/cypress/psoc creator/4.2/psoc creator/import/gnu/arm/5.4.1/bin/../lib/gcc/arm-none-eabi/5.4.1/armv7-m/crtn.o
                0x00007ea0                . = ALIGN (0x4)
                0x00007ea0                __fini_array_start = .
 *(.fini_array)
 .fini_array    0x00007ea0        0x4 c:/program files (x86)/cypress/psoc creator/4.2/psoc creator/import/gnu/arm/5.4.1/bin/../lib/gcc/arm-none-eabi/5.4.1/armv7-m/crtbegin.o
 *(SORT(.fini_array.*))
                0x00007ea4                __fini_array_end = .
                0x00007ea4                . = ALIGN (0x4)
 *crtbegin.o(.ctors)
 *(EXCLUDE_FILE(*crtend.o) .ctors)
 *(SORT(.ctors.*))
 *crtend.o(.ctors)
                0x00007ea4                . = ALIGN (0x4)
 *crtbegin.o(.dtors)
 *(EXCLUDE_FILE(*crtend.o) .dtors)
 *(SORT(.dtors.*))
 *crtend.o(.dtors)
                0x00007ea4                . = ALIGN (0x4)
                0x00007ea4                __cy_regions = .
                0x00007ea4        0x4 LONG 0x7eb8 __cy_region_init_ram
                0x00007ea8        0x4 LONG 0x1fff80c8 __cy_region_start_data
                0x00007eac        0x4 LONG 0x128 __cy_region_init_size_ram
                0x00007eb0        0x4 LONG 0x8560 __cy_region_zero_size_ram
                0x00007eb4                __cy_regions_end = .
                0x00007eb8                . = ALIGN (0x8)
 *fill*         0x00007eb4        0x4 
                0x00007eb8                _etext = .

.cy_checksum_exclude
                0x00007eb8        0x0
 *(.cy_checksum_exclude)

.ramvectors     0x1fff8000       0xc0
                0x1fff8000                __cy_region_start_ram = .
 *(.ramvectors)
 .ramvectors    0x1fff8000       0xc0 .\CortexM3\ARM_GCC_541\Debug\Cm3Start.o
                0x1fff8000                CyRamVectors

.noinit         0x1fff80c0        0x1
 *(.noinit)
 .noinit        0x1fff80c0        0x1 .\CortexM3\ARM_GCC_541\Debug\CY8CKIT-059_Simple_SDR_Receiver.a(CyLib.o)
                0x1fff80c0                CyResetStatus

.data           0x1fff80c8      0x128 load address 0x00007eb8
                0x1fff80c8                __cy_region_start_data = .
 *(.jcr)
 .jcr           0x1fff80c8        0x0 c:/program files (x86)/cypress/psoc creator/4.2/psoc creator/import/gnu/arm/5.4.1/bin/../lib/gcc/arm-none-eabi/5.4.1/armv7-m/crtbegin.o
 .jcr           0x1fff80c8        0x4 c:/program files (x86)/cypress/psoc creator/4.2/psoc creator/import/gnu/arm/5.4.1/bin/../lib/gcc/arm-none-eabi/5.4.1/armv7-m/crtend.o
 *(.got.plt)
 *(.got)
 *(.shdata)
 *(.data .data.* .gnu.linkonce.d.*)
 .data          0x1fff80cc        0x4 .\CortexM3\ARM_GCC_541\Debug\port.o
 .data          0x1fff80d0        0x4 .\CortexM3\ARM_GCC_541\Debug\heap_2.o
 .data          0x1fff80d4        0x1 .\CortexM3\ARM_GCC_541\Debug\key.o
 *fill*         0x1fff80d5        0x3 
 .data          0x1fff80d8       0x80 .\CortexM3\ARM_GCC_541\Debug\main.o
                0x1fff80d8                station
                0x1fff8150                pSERIAL_NUM
                0x1fff8154                pFREQ_ERROR
 .data          0x1fff8158        0x4 .\CortexM3\ARM_GCC_541\Debug\Cm3Start.o
 .data          0x1fff815c       0x10 .\CortexM3\ARM_GCC_541\Debug\CY8CKIT-059_Simple_SDR_Receiver.a(CyLib.o)
                0x1fff815c                cydelay_32k_ms
                0x1fff8160                cydelay_freq_khz
                0x1fff8164                cydelay_freq_mhz
                0x1fff8168                cydelay_freq_hz
 .data          0x1fff816c       0x1a .\CortexM3\ARM_GCC_541\Debug\CY8CKIT-059_Simple_SDR_Receiver.a(USBUART_cdc.o)
                0x1fff816c                USBUART_linesCoding
 .data          0x1fff8186        0x1 .\CortexM3\ARM_GCC_541\Debug\CY8CKIT-059_Simple_SDR_Receiver.a(ADC.o)
                0x1fff8186                ADC_Config
 *fill*         0x1fff8187        0x1 
 .data.impure_data
                0x1fff8188       0x60 c:/program files (x86)/cypress/psoc creator/4.2/psoc creator/import/gnu/arm/5.4.1/bin/../lib/gcc/arm-none-eabi/5.4.1/../../../../arm-none-eabi/lib/armv7-m\libg_nano.a(lib_a-impure.o)
 .data._impure_ptr
                0x1fff81e8        0x4 c:/program files (x86)/cypress/psoc creator/4.2/psoc creator/import/gnu/arm/5.4.1/bin/../lib/gcc/arm-none-eabi/5.4.1/../../../../arm-none-eabi/lib/armv7-m\libg_nano.a(lib_a-impure.o)
                0x1fff81e8                _impure_ptr
                0x1fff81f0                . = ALIGN (0x8)
 *fill*         0x1fff81ec        0x4 
 *(.ram)
                0x1fff81f0                _edata = .

.igot.plt       0x1fff81f0        0x0 load address 0x00007fe0
 .igot.plt      0x1fff81f0        0x0 c:/program files (x86)/cypress/psoc creator/4.2/psoc creator/import/gnu/arm/5.4.1/bin/../lib/gcc/arm-none-eabi/5.4.1/armv7-m/crtbegin.o

.bss            0x1fff81f0     0x8560 load address 0x00007fe0
                0x1fff81f0                PROVIDE (__bss_start__, .)
 *(.shbss)
 *(.bss .bss.* .gnu.linkonce.b.*)
 .bss           0x1fff81f0       0x1c c:/program files (x86)/cypress/psoc creator/4.2/psoc creator/import/gnu/arm/5.4.1/bin/../lib/gcc/arm-none-eabi/5.4.1/armv7-m/crtbegin.o
 .bss           0x1fff820c      0x100 .\CortexM3\ARM_GCC_541\Debug\tasks.o
                0x1fff82e0                pxCurrentTCB
 .bss           0x1fff830c     0x8014 .\CortexM3\ARM_GCC_541\Debug\heap_2.o
 .bss           0x20000320       0x10 .\CortexM3\ARM_GCC_541\Debug\key.o
 .bss           0x20000330        0x6 .\CortexM3\ARM_GCC_541\Debug\USBUART_FIFO.o
                0x20000330                uartTxCount
                0x20000331                uartZlpRequired
                0x20000332                uartTxReject
                0x20000333                uartRxIndex
                0x20000334                uartRxCount
                0x20000335                uartRxCRDetect
 *fill*         0x20000336        0x2 
 .bss           0x20000338        0x8 .\CortexM3\ARM_GCC_541\Debug\CY8CKIT-059_Simple_SDR_Receiver.a(CySpc.o)
                0x20000338                SpcLockState
 .bss           0x20000340        0x1 .\CortexM3\ARM_GCC_541\Debug\CY8CKIT-059_Simple_SDR_Receiver.a(I2C_1.o)
                0x20000340                I2C_1_initVar
 .bss           0x20000341        0x1 .\CortexM3\ARM_GCC_541\Debug\CY8CKIT-059_Simple_SDR_Receiver.a(USBUART.o)
                0x20000341                USBUART_initVar
 .bss           0x20000342        0x1 .\CortexM3\ARM_GCC_541\Debug\CY8CKIT-059_Simple_SDR_Receiver.a(USBUART_cdc.o)
 *fill*         0x20000343        0x1 
 .bss           0x20000344        0x2 .\CortexM3\ARM_GCC_541\Debug\CY8CKIT-059_Simple_SDR_Receiver.a(USBUART_std.o)
 *fill*         0x20000346        0x2 
 .bss           0x20000348        0x8 .\CortexM3\ARM_GCC_541\Debug\CY8CKIT-059_Simple_SDR_Receiver.a(ADC.o)
                0x2000034c                ADC_stopConversion
                0x2000034d                ADC_convDone
                0x2000034e                ADC_initVar
                0x2000034f                ADC_started
 .bss           0x20000350        0x1 .\CortexM3\ARM_GCC_541\Debug\CY8CKIT-059_Simple_SDR_Receiver.a(VDAC.o)
                0x20000350                VDAC_initVar
 .bss           0x20000351        0x1 .\CortexM3\ARM_GCC_541\Debug\CY8CKIT-059_Simple_SDR_Receiver.a(Filter.o)
                0x20000351                Filter_initVar
 *fill*         0x20000352        0x2 
 .bss.__malloc_sbrk_start
                0x20000354        0x4 c:/program files (x86)/cypress/psoc creator/4.2/psoc creator/import/gnu/arm/5.4.1/bin/../lib/gcc/arm-none-eabi/5.4.1/../../../../arm-none-eabi/lib/armv7-m\libg_nano.a(lib_a-nano-mallocr.o)
                0x20000354                __malloc_sbrk_start
 .bss.__malloc_free_list
                0x20000358        0x4 c:/program files (x86)/cypress/psoc creator/4.2/psoc creator/import/gnu/arm/5.4.1/bin/../lib/gcc/arm-none-eabi/5.4.1/../../../../arm-none-eabi/lib/armv7-m\libg_nano.a(lib_a-nano-mallocr.o)
                0x20000358                __malloc_free_list
 *(COMMON)
 COMMON         0x2000035c        0x2 .\CortexM3\ARM_GCC_541\Debug\key.o
                0x2000035c                gKey
 *fill*         0x2000035e        0x2 
 COMMON         0x20000360      0x25f .\CortexM3\ARM_GCC_541\Debug\main.o
                0x20000360                ComRxCmd
                0x20000380                AdcTick
                0x20000384                SERIAL_NUM
                0x2000038c                LedTimer
                0x2000038e                IDCOffset
                0x20000390                UsbRxBuffer
                0x20000490                Ch
                0x20000494                IDelay
                0x20000514                AgcIndicator
                0x20000518                gUSBUART_Ready
                0x2000051c                IDelayPtr
                0x2000051d                AgcIntegrator
                0x2000051e                Mode
                0x20000520                AdcPeakAve
                0x20000524                Freq
                0x2000052c                AgcGain
                0x2000052d                Filter
                0x2000052e                AgcTimeConstant
                0x2000052f                Squelch
                0x20000530                xQueue_FREQ
                0x20000534                AgcDisable
                0x20000535                AttenuatorOn
                0x20000538                xQueue_KEY
                0x20000540                AgcTimer
                0x20000544                Frequency
                0x20000548                AdcPeak
                0x2000054a                AdcState
                0x2000054c                FREQ_ERROR
                0x20000554                DisplayIndex
                0x20000558                xMutex_DPLL
                0x2000055c                FrequencyError
                0x20000560                LastFreq
                0x20000568                Debug
                0x20000569                UpperSideBand
                0x2000056c                UsbTxBuffer
                0x200005bc                QDCOffset
                0x200005be                ComRxPtr
 *fill*         0x200005bf        0x1 
 COMMON         0x200005c0       0x80 .\CortexM3\ARM_GCC_541\Debug\USBUART_FIFO.o
                0x200005c0                uartRxQueue
                0x20000600                uartTxQueue
 COMMON         0x20000640       0x14 .\CortexM3\ARM_GCC_541\Debug\si5351.o
                0x20000640                freq_ref
                0x20000644                clock_control
                0x2000064c                plla_freq
                0x20000650                pllb_freq
 COMMON         0x20000654        0x2 .\CortexM3\ARM_GCC_541\Debug\CY8CKIT-059_Simple_SDR_Receiver.a(CyFlash.o)
                0x20000654                dieTemperature
 COMMON         0x20000656        0x1 .\CortexM3\ARM_GCC_541\Debug\CY8CKIT-059_Simple_SDR_Receiver.a(I2C_1.o)
                0x20000656                I2C_1_state
 *fill*         0x20000657        0x1 
 COMMON         0x20000658       0x11 .\CortexM3\ARM_GCC_541\Debug\CY8CKIT-059_Simple_SDR_Receiver.a(I2C_1_MASTER.o)
                0x20000658                I2C_1_mstrWrBufIndex
                0x20000659                I2C_1_mstrControl
                0x2000065a                I2C_1_mstrStatus
                0x2000065b                I2C_1_mstrWrBufSize
                0x2000065c                I2C_1_mstrRdBufIndex
                0x20000660                I2C_1_mstrWrBufPtr
                0x20000664                I2C_1_mstrRdBufPtr
                0x20000668                I2C_1_mstrRdBufSize
 *fill*         0x20000669        0x3 
 COMMON         0x2000066c       0x18 .\CortexM3\ARM_GCC_541\Debug\CY8CKIT-059_Simple_SDR_Receiver.a(USBUART_cdc.o)
                0x2000066c                USBUART_linesChanged
                0x20000670                USBUART_cdcDataInEp
                0x20000674                USBUART_cdcCommInInterruptEp
                0x20000678                USBUART_cdcDataOutEp
                0x2000067c                USBUART_serialStateBitmap
                0x20000680                USBUART_linesControlBitmap
 COMMON         0x20000684       0x9a .\CortexM3\ARM_GCC_541\Debug\CY8CKIT-059_Simple_SDR_Receiver.a(USBUART_drv.o)
                0x20000684                USBUART_lastPacketSize
                0x20000685                USBUART_device
                0x20000686                USBUART_transferByteCount
                0x20000688                USBUART_transferState
                0x2000068c                USBUART_interfaceSettingLast
                0x20000690                USBUART_currentTD
                0x2000069c                USBUART_interfaceNumber
                0x200006a0                USBUART_interfaceClass
                0x200006a4                USBUART_configurationChanged
                0x200006a5                USBUART_ep0Mode
                0x200006a6                USBUART_deviceAddress
                0x200006a7                USBUART_configuration
                0x200006a8                USBUART_ep0Count
                0x200006a9                USBUART_deviceStatus
                0x200006ac                USBUART_EP
                0x20000718                USBUART_interfaceSetting
                0x2000071a                USBUART_ep0Toggle
                0x2000071c                USBUART_interfaceStatus
 *fill*         0x2000071e        0x2 
 COMMON         0x20000720        0x8 .\CortexM3\ARM_GCC_541\Debug\CY8CKIT-059_Simple_SDR_Receiver.a(ADC.o)
                0x20000720                ADC_Offset
                0x20000724                ADC_CountsPerVolt
 COMMON         0x20000728       0x22 .\CortexM3\ARM_GCC_541\Debug\CY8CKIT-059_Simple_SDR_Receiver.a(USBUART_descr.o)
                0x20000728                USBUART_idSerialNumberStringDescriptor
 *fill*         0x2000074a        0x2 
 COMMON         0x2000074c        0x4 c:/program files (x86)/cypress/psoc creator/4.2/psoc creator/import/gnu/arm/5.4.1/bin/../lib/gcc/arm-none-eabi/5.4.1/../../../../arm-none-eabi/lib/armv7-m\libg_nano.a(lib_a-reent.o)
                0x2000074c                errno
                0x20000750                . = ALIGN (0x8)
 *(.ram.b)
                0x20000750                _end = .
                0x20000750                __end = .
                0x20000750                PROVIDE (end, .)
                0x20000750                PROVIDE (__bss_end__, .)
                0x00007eb8                __cy_region_init_ram = LOADADDR (.data)
                0x00000128                __cy_region_init_size_ram = (_edata - ADDR (.data))
                0x00008560                __cy_region_zero_size_ram = (_end - _edata)

.heap           0x20000750     0x1000 load address 0x00007fe0
                0x20000750                . = _end
                0x20001750                . = (. + 0x1000)
 *fill*         0x20000750     0x1000 
                0x20001750                __cy_heap_limit = .

.stack          0x20007800      0x800
                0x20007800                __cy_stack_limit = .
                0x20008000                . = (. + 0x800)
 *fill*         0x20007800      0x800 
                0x00000001                ASSERT ((__cy_stack_limit >= __cy_heap_limit), region RAM overflowed with stack)
                0x00000000                cy_checksum_exclude_size = (CY_APPL_LOADABLE == 0x1)?SIZEOF (.cy_checksum_exclude):0x0
                0x00000001                ASSERT ((cy_checksum_exclude_size <= CY_CHECKSUM_EXCLUDE_SIZE), CY_BOOT: Section .cy_checksum_exclude size exceedes specified limit.)

.cyloadermeta
 *(.cyloadermeta)

.cyloadablemeta
 *(.cyloadablemeta)

.cyconfigecc    0x80000000      0x1e8
 *(.cyconfigecc)
 .cyconfigecc   0x80000000      0x1e8 .\CortexM3\ARM_GCC_541\Debug\cymetadata.o
                0x80000000                cy_meta_configecc

.cycustnvl      0x90000000        0x4
 *(.cycustnvl)
 .cycustnvl     0x90000000        0x4 .\CortexM3\ARM_GCC_541\Debug\cymetadata.o
                0x90000000                cy_meta_custnvl

.cywolatch      0x90100000        0x4
 *(.cywolatch)
 .cywolatch     0x90100000        0x4 .\CortexM3\ARM_GCC_541\Debug\cymetadata.o
                0x90100000                cy_meta_wonvl

.cyeeprom       0x90200000        0x0
 *(.cyeeprom)
                0x00000001                ASSERT ((. <= ((0x90200000 + ee_offset) + ee_size)), .cyeeprom data will not fit in EEPROM)

.cyflashprotect
                0x90400000      0x100
 *(.cyflashprotect)
 .cyflashprotect
                0x90400000      0x100 .\CortexM3\ARM_GCC_541\Debug\cymetadata.o
                0x90400000                cy_meta_flashprotect

.cymeta         0x90500000        0xc
 *(.cymeta)
 .cymeta        0x90500000        0xc .\CortexM3\ARM_GCC_541\Debug\cymetadata.o
                0x90500000                cy_metadata

.rel.dyn        0x00007fe0        0x0 load address 0x9050000c
 .rel.iplt      0x00007fe0        0x0 c:/program files (x86)/cypress/psoc creator/4.2/psoc creator/import/gnu/arm/5.4.1/bin/../lib/gcc/arm-none-eabi/5.4.1/armv7-m/crtbegin.o

.stab
 *(.stab)

.stabstr
 *(.stabstr)

.debug
 *(.debug)

.line
 *(.line)

.debug_srcinfo
 *(.debug_srcinfo)

.debug_sfnames
 *(.debug_sfnames)

.debug_aranges  0x00000000     0x15f8
 *(.debug_aranges)
 .debug_aranges
                0x00000000       0x18 .\CortexM3\ARM_GCC_541\Debug\croutine.o
 .debug_aranges
                0x00000018       0x68 .\CortexM3\ARM_GCC_541\Debug\event_groups.o
 .debug_aranges
                0x00000080       0x40 .\CortexM3\ARM_GCC_541\Debug\list.o
 .debug_aranges
                0x000000c0       0x88 .\CortexM3\ARM_GCC_541\Debug\port.o
 .debug_aranges
                0x00000148       0xe0 .\CortexM3\ARM_GCC_541\Debug\queue.o
 .debug_aranges
                0x00000228      0x1a0 .\CortexM3\ARM_GCC_541\Debug\tasks.o
 .debug_aranges
                0x000003c8       0x18 .\CortexM3\ARM_GCC_541\Debug\timers.o
 .debug_aranges
                0x000003e0       0x40 .\CortexM3\ARM_GCC_541\Debug\heap_2.o
 .debug_aranges
                0x00000420       0x30 .\CortexM3\ARM_GCC_541\Debug\key.o
 .debug_aranges
                0x00000450       0xd8 .\CortexM3\ARM_GCC_541\Debug\main.o
 .debug_aranges
                0x00000528       0x18 .\CortexM3\ARM_GCC_541\Debug\FIR_Coefficients.o
 .debug_aranges
                0x00000540       0x20 .\CortexM3\ARM_GCC_541\Debug\Serial.o
 .debug_aranges
                0x00000560       0x50 .\CortexM3\ARM_GCC_541\Debug\USBUART_FIFO.o
 .debug_aranges
                0x000005b0       0x50 .\CortexM3\ARM_GCC_541\Debug\si5351.o
 .debug_aranges
                0x00000600       0x58 .\CortexM3\ARM_GCC_541\Debug\cyfitter_cfg.o
 .debug_aranges
                0x00000658       0x18 .\CortexM3\ARM_GCC_541\Debug\cymetadata.o
 .debug_aranges
                0x00000670       0x48 .\CortexM3\ARM_GCC_541\Debug\Cm3Start.o
 .debug_aranges
                0x000006b8       0x38 .\CortexM3\ARM_GCC_541\Debug\CY8CKIT-059_Simple_SDR_Receiver.a(LED.o)
 .debug_aranges
                0x000006f0       0x80 .\CortexM3\ARM_GCC_541\Debug\CY8CKIT-059_Simple_SDR_Receiver.a(CyFlash.o)
 .debug_aranges
                0x00000770      0x298 .\CortexM3\ARM_GCC_541\Debug\CY8CKIT-059_Simple_SDR_Receiver.a(CyLib.o)
 .debug_aranges
                0x00000a08       0x98 .\CortexM3\ARM_GCC_541\Debug\CY8CKIT-059_Simple_SDR_Receiver.a(cyPm.o)
 .debug_aranges
                0x00000aa0       0x78 .\CortexM3\ARM_GCC_541\Debug\CY8CKIT-059_Simple_SDR_Receiver.a(CySpc.o)
 .debug_aranges
                0x00000b18       0x38 .\CortexM3\ARM_GCC_541\Debug\CY8CKIT-059_Simple_SDR_Receiver.a(PI_KEY_0.o)
 .debug_aranges
                0x00000b50       0x38 .\CortexM3\ARM_GCC_541\Debug\CY8CKIT-059_Simple_SDR_Receiver.a(PI_KEY_1.o)
 .debug_aranges
                0x00000b88       0x38 .\CortexM3\ARM_GCC_541\Debug\CY8CKIT-059_Simple_SDR_Receiver.a(I2C_1.o)
 .debug_aranges
                0x00000bc0       0x20 .\CortexM3\ARM_GCC_541\Debug\CY8CKIT-059_Simple_SDR_Receiver.a(I2C_1_INT.o)
 .debug_aranges
                0x00000be0       0x38 .\CortexM3\ARM_GCC_541\Debug\CY8CKIT-059_Simple_SDR_Receiver.a(I2C_1_PM.o)
 .debug_aranges
                0x00000c18       0x80 .\CortexM3\ARM_GCC_541\Debug\CY8CKIT-059_Simple_SDR_Receiver.a(I2C_1_MASTER.o)
 .debug_aranges
                0x00000c98       0x38 .\CortexM3\ARM_GCC_541\Debug\CY8CKIT-059_Simple_SDR_Receiver.a(BLUELED.o)
 .debug_aranges
                0x00000cd0       0x78 .\CortexM3\ARM_GCC_541\Debug\CY8CKIT-059_Simple_SDR_Receiver.a(EEPROM.o)
 .debug_aranges
                0x00000d48       0xc8 .\CortexM3\ARM_GCC_541\Debug\CY8CKIT-059_Simple_SDR_Receiver.a(USBUART.o)
 .debug_aranges
                0x00000e10       0xe8 .\CortexM3\ARM_GCC_541\Debug\CY8CKIT-059_Simple_SDR_Receiver.a(USBUART_cdc.o)
 .debug_aranges
                0x00000ef8       0x98 .\CortexM3\ARM_GCC_541\Debug\CY8CKIT-059_Simple_SDR_Receiver.a(USBUART_drv.o)
 .debug_aranges
                0x00000f90       0x40 .\CortexM3\ARM_GCC_541\Debug\CY8CKIT-059_Simple_SDR_Receiver.a(USBUART_episr.o)
 .debug_aranges
                0x00000fd0       0x40 .\CortexM3\ARM_GCC_541\Debug\CY8CKIT-059_Simple_SDR_Receiver.a(USBUART_pm.o)
 .debug_aranges
                0x00001010       0x80 .\CortexM3\ARM_GCC_541\Debug\CY8CKIT-059_Simple_SDR_Receiver.a(USBUART_std.o)
 .debug_aranges
                0x00001090       0x20 .\CortexM3\ARM_GCC_541\Debug\CY8CKIT-059_Simple_SDR_Receiver.a(USBUART_vnd.o)
 .debug_aranges
                0x000010b0       0xe8 .\CortexM3\ARM_GCC_541\Debug\CY8CKIT-059_Simple_SDR_Receiver.a(ADC.o)
 .debug_aranges
                0x00001198       0x38 .\CortexM3\ARM_GCC_541\Debug\CY8CKIT-059_Simple_SDR_Receiver.a(ADC_INT.o)
 .debug_aranges
                0x000011d0       0x80 .\CortexM3\ARM_GCC_541\Debug\CY8CKIT-059_Simple_SDR_Receiver.a(isr_adc.o)
 .debug_aranges
                0x00001250       0x58 .\CortexM3\ARM_GCC_541\Debug\CY8CKIT-059_Simple_SDR_Receiver.a(VDAC.o)
 .debug_aranges
                0x000012a8       0x80 .\CortexM3\ARM_GCC_541\Debug\CY8CKIT-059_Simple_SDR_Receiver.a(Filter.o)
 .debug_aranges
                0x00001328       0x28 .\CortexM3\ARM_GCC_541\Debug\CY8CKIT-059_Simple_SDR_Receiver.a(Filter_PVT.o)
 .debug_aranges
                0x00001350       0x18 .\CortexM3\ARM_GCC_541\Debug\CY8CKIT-059_Simple_SDR_Receiver.a(Filter_RAM_Data.o)
 .debug_aranges
                0x00001368       0x48 .\CortexM3\ARM_GCC_541\Debug\CY8CKIT-059_Simple_SDR_Receiver.a(USBUART_Dp.o)
 .debug_aranges
                0x000013b0       0x70 .\CortexM3\ARM_GCC_541\Debug\CY8CKIT-059_Simple_SDR_Receiver.a(ADC_Ext_CP_Clk.o)
 .debug_aranges
                0x00001420       0x80 .\CortexM3\ARM_GCC_541\Debug\CY8CKIT-059_Simple_SDR_Receiver.a(ADC_IRQ.o)
 .debug_aranges
                0x000014a0       0x80 .\CortexM3\ARM_GCC_541\Debug\CY8CKIT-059_Simple_SDR_Receiver.a(ADC_theACLK.o)
 .debug_aranges
                0x00001520       0x80 .\CortexM3\ARM_GCC_541\Debug\CY8CKIT-059_Simple_SDR_Receiver.a(int_uartQueue.o)
 .debug_aranges
                0x000015a0       0x20 .\CortexM3\ARM_GCC_541\Debug\CY8CKIT-059_Simple_SDR_Receiver.a(CyBootAsmGnu.o)
 .debug_aranges
                0x000015c0       0x20 .\CortexM3\ARM_GCC_541\Debug\CY8CKIT-059_Simple_SDR_Receiver.a(USBUART_cls.o)
 .debug_aranges
                0x000015e0       0x18 .\CortexM3\ARM_GCC_541\Debug\CY8CKIT-059_Simple_SDR_Receiver.a(USBUART_descr.o)

.debug_pubnames
 *(.debug_pubnames)

.debug_info     0x00000000    0x107f2
 *(.debug_info .gnu.linkonce.wi.*)
 .debug_info    0x00000000       0xae .\CortexM3\ARM_GCC_541\Debug\croutine.o
 .debug_info    0x000000ae      0x8d1 .\CortexM3\ARM_GCC_541\Debug\event_groups.o
 .debug_info    0x0000097f      0x2da .\CortexM3\ARM_GCC_541\Debug\list.o
 .debug_info    0x00000c59      0x2f7 .\CortexM3\ARM_GCC_541\Debug\port.o
 .debug_info    0x00000f50     0x1270 .\CortexM3\ARM_GCC_541\Debug\queue.o
 .debug_info    0x000021c0     0x1ea7 .\CortexM3\ARM_GCC_541\Debug\tasks.o
 .debug_info    0x00004067       0xae .\CortexM3\ARM_GCC_541\Debug\timers.o
 .debug_info    0x00004115      0x393 .\CortexM3\ARM_GCC_541\Debug\heap_2.o
 .debug_info    0x000044a8      0x30f .\CortexM3\ARM_GCC_541\Debug\key.o
 .debug_info    0x000047b7     0x1617 .\CortexM3\ARM_GCC_541\Debug\main.o
 .debug_info    0x00005dce      0x150 .\CortexM3\ARM_GCC_541\Debug\FIR_Coefficients.o
 .debug_info    0x00005f1e      0x2aa .\CortexM3\ARM_GCC_541\Debug\Serial.o
 .debug_info    0x000061c8      0x3bd .\CortexM3\ARM_GCC_541\Debug\USBUART_FIFO.o
 .debug_info    0x00006585      0x705 .\CortexM3\ARM_GCC_541\Debug\si5351.o
 .debug_info    0x00006c8a      0x560 .\CortexM3\ARM_GCC_541\Debug\cyfitter_cfg.o
 .debug_info    0x000071ea      0x135 .\CortexM3\ARM_GCC_541\Debug\cymetadata.o
 .debug_info    0x0000731f      0x3a7 .\CortexM3\ARM_GCC_541\Debug\Cm3Start.o
 .debug_info    0x000076c6      0x11f .\CortexM3\ARM_GCC_541\Debug\CY8CKIT-059_Simple_SDR_Receiver.a(LED.o)
 .debug_info    0x000077e5      0x5ba .\CortexM3\ARM_GCC_541\Debug\CY8CKIT-059_Simple_SDR_Receiver.a(CyFlash.o)
 .debug_info    0x00007d9f     0x1360 .\CortexM3\ARM_GCC_541\Debug\CY8CKIT-059_Simple_SDR_Receiver.a(CyLib.o)
 .debug_info    0x000090ff      0xa1e .\CortexM3\ARM_GCC_541\Debug\CY8CKIT-059_Simple_SDR_Receiver.a(cyPm.o)
 .debug_info    0x00009b1d      0x4ef .\CortexM3\ARM_GCC_541\Debug\CY8CKIT-059_Simple_SDR_Receiver.a(CySpc.o)
 .debug_info    0x0000a00c      0x11f .\CortexM3\ARM_GCC_541\Debug\CY8CKIT-059_Simple_SDR_Receiver.a(PI_KEY_0.o)
 .debug_info    0x0000a12b      0x11f .\CortexM3\ARM_GCC_541\Debug\CY8CKIT-059_Simple_SDR_Receiver.a(PI_KEY_1.o)
 .debug_info    0x0000a24a      0x2ab .\CortexM3\ARM_GCC_541\Debug\CY8CKIT-059_Simple_SDR_Receiver.a(I2C_1.o)
 .debug_info    0x0000a4f5      0x184 .\CortexM3\ARM_GCC_541\Debug\CY8CKIT-059_Simple_SDR_Receiver.a(I2C_1_INT.o)
 .debug_info    0x0000a679      0x207 .\CortexM3\ARM_GCC_541\Debug\CY8CKIT-059_Simple_SDR_Receiver.a(I2C_1_PM.o)
 .debug_info    0x0000a880      0x407 .\CortexM3\ARM_GCC_541\Debug\CY8CKIT-059_Simple_SDR_Receiver.a(I2C_1_MASTER.o)
 .debug_info    0x0000ac87      0x11f .\CortexM3\ARM_GCC_541\Debug\CY8CKIT-059_Simple_SDR_Receiver.a(BLUELED.o)
 .debug_info    0x0000ada6      0x630 .\CortexM3\ARM_GCC_541\Debug\CY8CKIT-059_Simple_SDR_Receiver.a(EEPROM.o)
 .debug_info    0x0000b3d6      0x995 .\CortexM3\ARM_GCC_541\Debug\CY8CKIT-059_Simple_SDR_Receiver.a(USBUART.o)
 .debug_info    0x0000bd6b      0xaf7 .\CortexM3\ARM_GCC_541\Debug\CY8CKIT-059_Simple_SDR_Receiver.a(USBUART_cdc.o)
 .debug_info    0x0000c862      0x655 .\CortexM3\ARM_GCC_541\Debug\CY8CKIT-059_Simple_SDR_Receiver.a(USBUART_drv.o)
 .debug_info    0x0000ceb7      0x254 .\CortexM3\ARM_GCC_541\Debug\CY8CKIT-059_Simple_SDR_Receiver.a(USBUART_episr.o)
 .debug_info    0x0000d10b      0x2e4 .\CortexM3\ARM_GCC_541\Debug\CY8CKIT-059_Simple_SDR_Receiver.a(USBUART_pm.o)
 .debug_info    0x0000d3ef      0xb26 .\CortexM3\ARM_GCC_541\Debug\CY8CKIT-059_Simple_SDR_Receiver.a(USBUART_std.o)
 .debug_info    0x0000df15       0xed .\CortexM3\ARM_GCC_541\Debug\CY8CKIT-059_Simple_SDR_Receiver.a(USBUART_vnd.o)
 .debug_info    0x0000e002      0x9fe .\CortexM3\ARM_GCC_541\Debug\CY8CKIT-059_Simple_SDR_Receiver.a(ADC.o)
 .debug_info    0x0000ea00       0xd3 .\CortexM3\ARM_GCC_541\Debug\CY8CKIT-059_Simple_SDR_Receiver.a(ADC_INT.o)
 .debug_info    0x0000ead3      0x2d2 .\CortexM3\ARM_GCC_541\Debug\CY8CKIT-059_Simple_SDR_Receiver.a(isr_adc.o)
 .debug_info    0x0000eda5      0x1e0 .\CortexM3\ARM_GCC_541\Debug\CY8CKIT-059_Simple_SDR_Receiver.a(VDAC.o)
 .debug_info    0x0000ef85      0x4b4 .\CortexM3\ARM_GCC_541\Debug\CY8CKIT-059_Simple_SDR_Receiver.a(Filter.o)
 .debug_info    0x0000f439       0xf2 .\CortexM3\ARM_GCC_541\Debug\CY8CKIT-059_Simple_SDR_Receiver.a(Filter_PVT.o)
 .debug_info    0x0000f52b      0x137 .\CortexM3\ARM_GCC_541\Debug\CY8CKIT-059_Simple_SDR_Receiver.a(Filter_RAM_Data.o)
 .debug_info    0x0000f662      0x174 .\CortexM3\ARM_GCC_541\Debug\CY8CKIT-059_Simple_SDR_Receiver.a(USBUART_Dp.o)
 .debug_info    0x0000f7d6      0x283 .\CortexM3\ARM_GCC_541\Debug\CY8CKIT-059_Simple_SDR_Receiver.a(ADC_Ext_CP_Clk.o)
 .debug_info    0x0000fa59      0x2d2 .\CortexM3\ARM_GCC_541\Debug\CY8CKIT-059_Simple_SDR_Receiver.a(ADC_IRQ.o)
 .debug_info    0x0000fd2b      0x2c4 .\CortexM3\ARM_GCC_541\Debug\CY8CKIT-059_Simple_SDR_Receiver.a(ADC_theACLK.o)
 .debug_info    0x0000ffef      0x2d2 .\CortexM3\ARM_GCC_541\Debug\CY8CKIT-059_Simple_SDR_Receiver.a(int_uartQueue.o)
 .debug_info    0x000102c1       0xb0 .\CortexM3\ARM_GCC_541\Debug\CY8CKIT-059_Simple_SDR_Receiver.a(CyBootAsmGnu.o)
 .debug_info    0x00010371      0x1de .\CortexM3\ARM_GCC_541\Debug\CY8CKIT-059_Simple_SDR_Receiver.a(USBUART_cls.o)
 .debug_info    0x0001054f      0x2a3 .\CortexM3\ARM_GCC_541\Debug\CY8CKIT-059_Simple_SDR_Receiver.a(USBUART_descr.o)

.debug_abbrev   0x00000000     0x40b5
 *(.debug_abbrev)
 .debug_abbrev  0x00000000       0x4b .\CortexM3\ARM_GCC_541\Debug\croutine.o
 .debug_abbrev  0x0000004b      0x1c2 .\CortexM3\ARM_GCC_541\Debug\event_groups.o
 .debug_abbrev  0x0000020d       0xf6 .\CortexM3\ARM_GCC_541\Debug\list.o
 .debug_abbrev  0x00000303      0x1ae .\CortexM3\ARM_GCC_541\Debug\port.o
 .debug_abbrev  0x000004b1      0x1e6 .\CortexM3\ARM_GCC_541\Debug\queue.o
 .debug_abbrev  0x00000697      0x2c1 .\CortexM3\ARM_GCC_541\Debug\tasks.o
 .debug_abbrev  0x00000958       0x4b .\CortexM3\ARM_GCC_541\Debug\timers.o
 .debug_abbrev  0x000009a3      0x1d7 .\CortexM3\ARM_GCC_541\Debug\heap_2.o
 .debug_abbrev  0x00000b7a      0x1b4 .\CortexM3\ARM_GCC_541\Debug\key.o
 .debug_abbrev  0x00000d2e      0x2b3 .\CortexM3\ARM_GCC_541\Debug\main.o
 .debug_abbrev  0x00000fe1       0x77 .\CortexM3\ARM_GCC_541\Debug\FIR_Coefficients.o
 .debug_abbrev  0x00001058      0x10d .\CortexM3\ARM_GCC_541\Debug\Serial.o
 .debug_abbrev  0x00001165      0x14a .\CortexM3\ARM_GCC_541\Debug\USBUART_FIFO.o
 .debug_abbrev  0x000012af      0x1ca .\CortexM3\ARM_GCC_541\Debug\si5351.o
 .debug_abbrev  0x00001479      0x1fe .\CortexM3\ARM_GCC_541\Debug\cyfitter_cfg.o
 .debug_abbrev  0x00001677       0x66 .\CortexM3\ARM_GCC_541\Debug\cymetadata.o
 .debug_abbrev  0x000016dd      0x203 .\CortexM3\ARM_GCC_541\Debug\Cm3Start.o
 .debug_abbrev  0x000018e0       0x90 .\CortexM3\ARM_GCC_541\Debug\CY8CKIT-059_Simple_SDR_Receiver.a(LED.o)
 .debug_abbrev  0x00001970      0x17c .\CortexM3\ARM_GCC_541\Debug\CY8CKIT-059_Simple_SDR_Receiver.a(CyFlash.o)
 .debug_abbrev  0x00001aec      0x254 .\CortexM3\ARM_GCC_541\Debug\CY8CKIT-059_Simple_SDR_Receiver.a(CyLib.o)
 .debug_abbrev  0x00001d40      0x1ab .\CortexM3\ARM_GCC_541\Debug\CY8CKIT-059_Simple_SDR_Receiver.a(cyPm.o)
 .debug_abbrev  0x00001eeb      0x194 .\CortexM3\ARM_GCC_541\Debug\CY8CKIT-059_Simple_SDR_Receiver.a(CySpc.o)
 .debug_abbrev  0x0000207f       0x90 .\CortexM3\ARM_GCC_541\Debug\CY8CKIT-059_Simple_SDR_Receiver.a(PI_KEY_0.o)
 .debug_abbrev  0x0000210f       0x90 .\CortexM3\ARM_GCC_541\Debug\CY8CKIT-059_Simple_SDR_Receiver.a(PI_KEY_1.o)
 .debug_abbrev  0x0000219f      0x10a .\CortexM3\ARM_GCC_541\Debug\CY8CKIT-059_Simple_SDR_Receiver.a(I2C_1.o)
 .debug_abbrev  0x000022a9       0xb6 .\CortexM3\ARM_GCC_541\Debug\CY8CKIT-059_Simple_SDR_Receiver.a(I2C_1_INT.o)
 .debug_abbrev  0x0000235f       0xfe .\CortexM3\ARM_GCC_541\Debug\CY8CKIT-059_Simple_SDR_Receiver.a(I2C_1_PM.o)