Archive member included because of file (symbol)

.\CortexM3\ARM_GCC_493\Debug\CY8CKIT-059_SDR_AM_Radio.a(cyfitter_cfg.o)
                              .\CortexM3\ARM_GCC_493\Debug\Cm3Start.o (cyfitter_cfg)
.\CortexM3\ARM_GCC_493\Debug\CY8CKIT-059_SDR_AM_Radio.a(LED.o)
                              .\CortexM3\ARM_GCC_493\Debug\main.o (LED_Write)
.\CortexM3\ARM_GCC_493\Debug\CY8CKIT-059_SDR_AM_Radio.a(CyBootAsmGnu.o)
                              .\CortexM3\ARM_GCC_493\Debug\CY8CKIT-059_SDR_AM_Radio.a(cyfitter_cfg.o) (CyDelayCycles)
.\CortexM3\ARM_GCC_493\Debug\CY8CKIT-059_SDR_AM_Radio.a(CyDmac.o)
                              .\CortexM3\ARM_GCC_493\Debug\Cm3Start.o (CyDmacConfigure)
.\CortexM3\ARM_GCC_493\Debug\CY8CKIT-059_SDR_AM_Radio.a(CyLib.o)
                              .\CortexM3\ARM_GCC_493\Debug\Cm3Start.o (CyHalt)
.\CortexM3\ARM_GCC_493\Debug\CY8CKIT-059_SDR_AM_Radio.a(cyPm.o)
                              .\CortexM3\ARM_GCC_493\Debug\CY8CKIT-059_SDR_AM_Radio.a(CyLib.o) (CyPmReadStatus)
.\CortexM3\ARM_GCC_493\Debug\CY8CKIT-059_SDR_AM_Radio.a(SPIM.o)
                              .\CortexM3\ARM_GCC_493\Debug\main.o (SPIM_ReadTxStatus)
.\CortexM3\ARM_GCC_493\Debug\CY8CKIT-059_SDR_AM_Radio.a(SPIM_INT.o)
                              .\CortexM3\ARM_GCC_493\Debug\CY8CKIT-059_SDR_AM_Radio.a(SPIM.o) (SPIM_TX_ISR)
.\CortexM3\ARM_GCC_493\Debug\CY8CKIT-059_SDR_AM_Radio.a(Comp_1.o)
                              .\CortexM3\ARM_GCC_493\Debug\main.o (Comp_1_Start)
.\CortexM3\ARM_GCC_493\Debug\CY8CKIT-059_SDR_AM_Radio.a(ADC_SAR_1.o)
                              .\CortexM3\ARM_GCC_493\Debug\main.o (ADC_SAR_1_Start)
.\CortexM3\ARM_GCC_493\Debug\CY8CKIT-059_SDR_AM_Radio.a(ADC_SAR_1_INT.o)
                              .\CortexM3\ARM_GCC_493\Debug\CY8CKIT-059_SDR_AM_Radio.a(ADC_SAR_1.o) (ADC_SAR_1_ISR)
.\CortexM3\ARM_GCC_493\Debug\CY8CKIT-059_SDR_AM_Radio.a(ADC_SAR_2.o)
                              .\CortexM3\ARM_GCC_493\Debug\main.o (ADC_SAR_2_Start)
.\CortexM3\ARM_GCC_493\Debug\CY8CKIT-059_SDR_AM_Radio.a(ADC_SAR_2_INT.o)
                              .\CortexM3\ARM_GCC_493\Debug\CY8CKIT-059_SDR_AM_Radio.a(ADC_SAR_2.o) (ADC_SAR_2_ISR)
.\CortexM3\ARM_GCC_493\Debug\CY8CKIT-059_SDR_AM_Radio.a(VDAC8_1.o)
                              .\CortexM3\ARM_GCC_493\Debug\main.o (VDAC8_1_SetValue)
.\CortexM3\ARM_GCC_493\Debug\CY8CKIT-059_SDR_AM_Radio.a(DMA_1_dma.o)
                              .\CortexM3\ARM_GCC_493\Debug\main.o (DMA_1_DmaInitialize)
.\CortexM3\ARM_GCC_493\Debug\CY8CKIT-059_SDR_AM_Radio.a(DMA_2_dma.o)
                              .\CortexM3\ARM_GCC_493\Debug\main.o (DMA_2_DmaInitialize)
.\CortexM3\ARM_GCC_493\Debug\CY8CKIT-059_SDR_AM_Radio.a(Mixer_2.o)
                              .\CortexM3\ARM_GCC_493\Debug\main.o (Mixer_2_Start)
.\CortexM3\ARM_GCC_493\Debug\CY8CKIT-059_SDR_AM_Radio.a(Mixer_1.o)
                              .\CortexM3\ARM_GCC_493\Debug\main.o (Mixer_1_Start)
.\CortexM3\ARM_GCC_493\Debug\CY8CKIT-059_SDR_AM_Radio.a(PGA_1.o)
                              .\CortexM3\ARM_GCC_493\Debug\main.o (PGA_1_Start)
.\CortexM3\ARM_GCC_493\Debug\CY8CKIT-059_SDR_AM_Radio.a(Filter_1.o)
                              .\CortexM3\ARM_GCC_493\Debug\main.o (Filter_1_Start)
.\CortexM3\ARM_GCC_493\Debug\CY8CKIT-059_SDR_AM_Radio.a(Filter_1_PVT.o)
                              .\CortexM3\ARM_GCC_493\Debug\CY8CKIT-059_SDR_AM_Radio.a(Filter_1.o) (Filter_1_SetInterruptMode)
.\CortexM3\ARM_GCC_493\Debug\CY8CKIT-059_SDR_AM_Radio.a(Filter_1_RAM_Data.o)
                              .\CortexM3\ARM_GCC_493\Debug\CY8CKIT-059_SDR_AM_Radio.a(Filter_1.o) (Filter_1_cfsm)
.\CortexM3\ARM_GCC_493\Debug\CY8CKIT-059_SDR_AM_Radio.a(isr_filter.o)
                              .\CortexM3\ARM_GCC_493\Debug\main.o (isr_filter_StartEx)
.\CortexM3\ARM_GCC_493\Debug\CY8CKIT-059_SDR_AM_Radio.a(ADC_SAR_1_theACLK.o)
                              .\CortexM3\ARM_GCC_493\Debug\CY8CKIT-059_SDR_AM_Radio.a(ADC_SAR_1.o) (ADC_SAR_1_theACLK_SetModeRegister)
.\CortexM3\ARM_GCC_493\Debug\CY8CKIT-059_SDR_AM_Radio.a(ADC_SAR_2_theACLK.o)
                              .\CortexM3\ARM_GCC_493\Debug\CY8CKIT-059_SDR_AM_Radio.a(ADC_SAR_2.o) (ADC_SAR_2_theACLK_SetModeRegister)
.\CortexM3\ARM_GCC_493\Debug\CY8CKIT-059_SDR_AM_Radio.a(PI_KEY_0.o)
                              .\CortexM3\ARM_GCC_493\Debug\key.o (PI_KEY_0_Read)
.\CortexM3\ARM_GCC_493\Debug\CY8CKIT-059_SDR_AM_Radio.a(PI_KEY_1.o)
                              .\CortexM3\ARM_GCC_493\Debug\key.o (PI_KEY_1_Read)
.\CortexM3\ARM_GCC_493\Debug\CY8CKIT-059_SDR_AM_Radio.a(ROT_B.o)
                              .\CortexM3\ARM_GCC_493\Debug\rot.o (ROT_B_Read)
.\CortexM3\ARM_GCC_493\Debug\CY8CKIT-059_SDR_AM_Radio.a(ROT_A.o)
                              .\CortexM3\ARM_GCC_493\Debug\rot.o (ROT_A_Read)
.\CortexM3\ARM_GCC_493\Debug\CY8CKIT-059_SDR_AM_Radio.a(I2C_1.o)
                              .\CortexM3\ARM_GCC_493\Debug\main.o (I2C_1_Start)
.\CortexM3\ARM_GCC_493\Debug\CY8CKIT-059_SDR_AM_Radio.a(I2C_1_INT.o)
[...]
Memory Configuration

Name             Origin             Length             Attributes
rom              0x00000000         0x00040000         xr
ram              0x1fff8000         0x00010000         xrw
*default*        0x00000000         0xffffffff

Linker script and memory map

LOAD c:/program files (x86)/cypress/psoc creator/3.3/psoc creator/import/gnu/arm/4.9.3/bin/../lib/gcc/arm-none-eabi/4.9.3/armv7-m/crti.o
LOAD c:/program files (x86)/cypress/psoc creator/3.3/psoc creator/import/gnu/arm/4.9.3/bin/../lib/gcc/arm-none-eabi/4.9.3/armv7-m/crtbegin.o
LOAD c:/program files (x86)/cypress/psoc creator/3.3/psoc creator/import/gnu/arm/4.9.3/bin/../lib/gcc/arm-none-eabi/4.9.3/../../../../arm-none-eabi/lib/armv7-m/crt0.o
START GROUP
LOAD .\CortexM3\ARM_GCC_493\Debug\croutine.o
LOAD .\CortexM3\ARM_GCC_493\Debug\event_groups.o
LOAD .\CortexM3\ARM_GCC_493\Debug\list.o
LOAD .\CortexM3\ARM_GCC_493\Debug\port.o
LOAD .\CortexM3\ARM_GCC_493\Debug\queue.o
LOAD .\CortexM3\ARM_GCC_493\Debug\tasks.o
LOAD .\CortexM3\ARM_GCC_493\Debug\timers.o
LOAD .\CortexM3\ARM_GCC_493\Debug\heap_2.o
LOAD .\CortexM3\ARM_GCC_493\Debug\rot.o
LOAD .\CortexM3\ARM_GCC_493\Debug\I2C_CLCD.o
LOAD .\CortexM3\ARM_GCC_493\Debug\key.o
LOAD .\CortexM3\ARM_GCC_493\Debug\main.o
LOAD .\CortexM3\ARM_GCC_493\Debug\cymetadata.o
LOAD .\CortexM3\ARM_GCC_493\Debug\Cm3Start.o
LOAD .\CortexM3\ARM_GCC_493\Debug\CY8CKIT-059_SDR_AM_Radio.a
LOAD C:\Program Files (x86)\Cypress\PSoC Creator\3.3\PSoC Creator\psoc\content\cycomponentlibrary\CyComponentLibrary.cylib\CortexM3\ARM_GCC_493\Debug\CyComponentLibrary.a
LOAD c:/program files (x86)/cypress/psoc creator/3.3/psoc creator/import/gnu/arm/4.9.3/bin/../lib/gcc/arm-none-eabi/4.9.3/../../../../arm-none-eabi/lib/armv7-m\libm.a
END GROUP
START GROUP
LOAD c:/program files (x86)/cypress/psoc creator/3.3/psoc creator/import/gnu/arm/4.9.3/bin/../lib/gcc/arm-none-eabi/4.9.3/armv7-m\libgcc.a
LOAD c:/program files (x86)/cypress/psoc creator/3.3/psoc creator/import/gnu/arm/4.9.3/bin/../lib/gcc/arm-none-eabi/4.9.3/../../../../arm-none-eabi/lib/armv7-m\libg_nano.a
LOAD c:/program files (x86)/cypress/psoc creator/3.3/psoc creator/import/gnu/arm/4.9.3/bin/../lib/gcc/arm-none-eabi/4.9.3/../../../../arm-none-eabi/lib/armv7-m\libc_nano.a
END GROUP
START GROUP
LOAD c:/program files (x86)/cypress/psoc creator/3.3/psoc creator/import/gnu/arm/4.9.3/bin/../lib/gcc/arm-none-eabi/4.9.3/armv7-m\libgcc.a
LOAD c:/program files (x86)/cypress/psoc creator/3.3/psoc creator/import/gnu/arm/4.9.3/bin/../lib/gcc/arm-none-eabi/4.9.3/../../../../arm-none-eabi/lib/armv7-m\libc_nano.a
END GROUP
LOAD c:/program files (x86)/cypress/psoc creator/3.3/psoc creator/import/gnu/arm/4.9.3/bin/../lib/gcc/arm-none-eabi/4.9.3/armv7-m/crtend.o
LOAD c:/program files (x86)/cypress/psoc creator/3.3/psoc creator/import/gnu/arm/4.9.3/bin/../lib/gcc/arm-none-eabi/4.9.3/armv7-m/crtn.o
START GROUP
LOAD c:/program files (x86)/cypress/psoc creator/3.3/psoc creator/import/gnu/arm/4.9.3/bin/../lib/gcc/arm-none-eabi/4.9.3/armv7-m\libgcc.a
LOAD c:/program files (x86)/cypress/psoc creator/3.3/psoc creator/import/gnu/arm/4.9.3/bin/../lib/gcc/arm-none-eabi/4.9.3/../../../../arm-none-eabi/lib/armv7-m\libc.a
LOAD c:/program files (x86)/cypress/psoc creator/3.3/psoc creator/import/gnu/arm/4.9.3/bin/../lib/gcc/arm-none-eabi/4.9.3/../../../../arm-none-eabi/lib/armv7-m\libnosys.a
END GROUP
                0x00000000                CY_APPL_ORIGIN = 0x0
                0x00000100                CY_FLASH_ROW_SIZE = 0x100
                0x00000020                CY_ECC_ROW_SIZE = 0x20
                0x00000000                CY_EE_IN_BTLDR = 0x0
                0x00000000                CY_APPL_LOADABLE = 0x0
                0x00000800                CY_EE_SIZE = 0x800
                0x00000001                CY_APPL_NUM = 0x1
                0x00000001                CY_APPL_MAX = 0x1
                0x00000040                CY_METADATA_SIZE = 0x40
                0x00000000                CY_APPL_LOADABLE = 0x0
                0x00000000                CY_CHECKSUM_EXCLUDE_SIZE = ALIGN (0x0, CY_FLASH_ROW_SIZE)
                0x20000390                PROVIDE (__cy_heap_start, _end)
                0x00000001                PROVIDE (__cy_region_num, ((__cy_regions_end - __cy_regions) / 0x10))
                0x20008000                PROVIDE (__cy_stack, (ORIGIN (ram) + 0x10000))
                0x20007800                PROVIDE (__cy_heap_end, (__cy_stack - 0x800))

.cybootloader   0x00000000        0x0
 *(.cybootloader)
                0x00000000                appl1_start = CY_APPL_ORIGIN?CY_APPL_ORIGIN:ALIGN (CY_FLASH_ROW_SIZE)
                0x0001ff00                appl2_start = (appl1_start + ALIGN ((((0x40000 - appl1_start) - (0x2 * CY_FLASH_ROW_SIZE)) / 0x2), CY_FLASH_ROW_SIZE))
                0x00000000                appl_start = (CY_APPL_NUM == 0x1)?appl1_start:appl2_start
                0x00000000                ecc_offset = ((appl_start / CY_FLASH_ROW_SIZE) * CY_ECC_ROW_SIZE)
                0x00000000                ee_offset = (CY_APPL_LOADABLE && ! (CY_EE_IN_BTLDR))?((CY_EE_SIZE / CY_APPL_MAX) * (CY_APPL_NUM - 0x1)):0x0
                0x00000800                ee_size = (CY_APPL_LOADABLE && ! (CY_EE_IN_BTLDR))?(CY_EE_SIZE / CY_APPL_MAX):CY_EE_SIZE
                0x00000000                PROVIDE (CY_ECC_OFFSET, ecc_offset)

.text           0x00000000     0x4250
 CREATE_OBJECT_SYMBOLS
                0x00000000                PROVIDE (__cy_interrupt_vector, RomVectors)
 *(.romvectors)
 .romvectors    0x00000000       0x10 .\CortexM3\ARM_GCC_493\Debug\Cm3Start.o
                0x00000000                RomVectors
                0x00000001                ASSERT ((. != __cy_interrupt_vector), No interrupt vector)
                0x00000001                ASSERT (CY_APPL_ORIGIN?(SIZEOF (.cybootloader) <= CY_APPL_ORIGIN):0x1, Wrong image location)
                0x00000010                PROVIDE (__cy_reset, Reset)
 *(.text.Reset)
 .text.Reset    0x00000010       0x18 .\CortexM3\ARM_GCC_493\Debug\Cm3Start.o
                0x00000010                Reset
                0x00000001                ASSERT ((. != __cy_reset), No reset code)
 *(.dma_init)
                0x00000001                ASSERT ((((appl_start + .) <= 0x10000) || 0x1), DMA Init must be within the first 64k of flash)
 *(.text .text.* .gnu.linkonce.t.*)
 .text          0x00000028       0x5c c:/program files (x86)/cypress/psoc creator/3.3/psoc creator/import/gnu/arm/4.9.3/bin/../lib/gcc/arm-none-eabi/4.9.3/armv7-m/crtbegin.o
 .text.vListInitialise
                0x00000084       0x18 .\CortexM3\ARM_GCC_493\Debug\list.o
                0x00000084                vListInitialise
 .text.vListInitialiseItem
                0x0000009c        0x8 .\CortexM3\ARM_GCC_493\Debug\list.o
                0x0000009c                vListInitialiseItem
 .text.vListInsertEnd
                0x000000a4       0x18 .\CortexM3\ARM_GCC_493\Debug\list.o
                0x000000a4                vListInsertEnd
 .text.vListInsert
                0x000000bc       0x34 .\CortexM3\ARM_GCC_493\Debug\list.o
                0x000000bc                vListInsert
 .text.uxListRemove
                0x000000f0       0x24 .\CortexM3\ARM_GCC_493\Debug\list.o
                0x000000f0                uxListRemove
 .text.prvPortStartFirstTask
                0x00000114       0x20 .\CortexM3\ARM_GCC_493\Debug\port.o
 .text.pxPortInitialiseStack
                0x00000134       0x20 .\CortexM3\ARM_GCC_493\Debug\port.o
                0x00000134                pxPortInitialiseStack
 .text.vPortSVCHandler
                0x00000154       0x24 .\CortexM3\ARM_GCC_493\Debug\port.o
                0x00000154                vPortSVCHandler
 .text.vPortYield
                0x00000178       0x18 .\CortexM3\ARM_GCC_493\Debug\port.o
                0x00000178                vPortYield
 .text.ulPortSetInterruptMask
                0x00000190       0x10 .\CortexM3\ARM_GCC_493\Debug\port.o
                0x00000190                ulPortSetInterruptMask
 .text.prvTaskExitError
                0x000001a0        0x8 .\CortexM3\ARM_GCC_493\Debug\port.o
 .text.vPortEnterCritical
                0x000001a8       0x1c .\CortexM3\ARM_GCC_493\Debug\port.o
                0x000001a8                vPortEnterCritical
 .text.vPortClearInterruptMask
                0x000001c4        0x8 .\CortexM3\ARM_GCC_493\Debug\port.o
                0x000001c4                vPortClearInterruptMask
 .text.vPortExitCritical
                0x000001cc       0x18 .\CortexM3\ARM_GCC_493\Debug\port.o
                0x000001cc                vPortExitCritical
 .text.xPortPendSVHandler
                0x000001e4       0x44 .\CortexM3\ARM_GCC_493\Debug\port.o
                0x000001e4                xPortPendSVHandler
 .text.xPortSysTickHandler
                0x00000228       0x20 .\CortexM3\ARM_GCC_493\Debug\port.o
                0x00000228                xPortSysTickHandler
 .text.vPortSetupTimerInterrupt
                0x00000248       0x18 .\CortexM3\ARM_GCC_493\Debug\port.o
                0x00000248                vPortSetupTimerInterrupt
 .text.xPortStartScheduler
                0x00000260       0x30 .\CortexM3\ARM_GCC_493\Debug\port.o
                0x00000260                xPortStartScheduler
 .text.prvIsQueueFull
                0x00000290       0x20 .\CortexM3\ARM_GCC_493\Debug\queue.o
 .text.prvIsQueueEmpty
                0x000002b0       0x1c .\CortexM3\ARM_GCC_493\Debug\queue.o
 .text.prvCopyDataToQueue
                0x000002cc       0x7c .\CortexM3\ARM_GCC_493\Debug\queue.o
 .text.prvCopyDataFromQueue
                0x00000348       0x24 .\CortexM3\ARM_GCC_493\Debug\queue.o
 .text.prvUnlockQueue
                0x0000036c       0x64 .\CortexM3\ARM_GCC_493\Debug\queue.o
 .text.xQueueGenericReset
                0x000003d0       0x5c .\CortexM3\ARM_GCC_493\Debug\queue.o
                0x000003d0                xQueueGenericReset
 .text.xQueueGenericCreate
                0x0000042c       0x38 .\CortexM3\ARM_GCC_493\Debug\queue.o
                0x0000042c                xQueueGenericCreate
 .text.xQueueGenericSend
                0x00000464       0xd8 .\CortexM3\ARM_GCC_493\Debug\queue.o
                0x00000464                xQueueGenericSend
 .text.xQueueCreateMutex
                0x0000053c       0x44 .\CortexM3\ARM_GCC_493\Debug\queue.o
                0x0000053c                xQueueCreateMutex
 .text.xQueueGenericSendFromISR
                0x00000580       0x70 .\CortexM3\ARM_GCC_493\Debug\queue.o
                0x00000580                xQueueGenericSendFromISR
 .text.xQueueGenericReceive
                0x000005f0      0x100 .\CortexM3\ARM_GCC_493\Debug\queue.o
                0x000005f0                xQueueGenericReceive
 .text.uxQueueMessagesWaiting
                0x000006f0       0x14 .\CortexM3\ARM_GCC_493\Debug\queue.o
                0x000006f0                uxQueueMessagesWaiting
 .text.prvResetNextTaskUnblockTime
                0x00000704       0x2c .\CortexM3\ARM_GCC_493\Debug\tasks.o
 .text.prvDeleteTCB
                0x00000730       0x14 .\CortexM3\ARM_GCC_493\Debug\tasks.o
 .text.prvAllocateTCBAndStack
                0x00000744       0x3c .\CortexM3\ARM_GCC_493\Debug\tasks.o
 .text.prvInitialiseTCBVariables
                0x00000780       0x50 .\CortexM3\ARM_GCC_493\Debug\tasks.o
 .text.prvInitialiseTaskLists
                0x000007d0       0x58 .\CortexM3\ARM_GCC_493\Debug\tasks.o
 .text.prvAddCurrentTaskToDelayedList
                0x00000828       0x44 .\CortexM3\ARM_GCC_493\Debug\tasks.o
 .text.xTaskGenericCreate
                0x0000086c       0xf4 .\CortexM3\ARM_GCC_493\Debug\tasks.o
                0x0000086c                xTaskGenericCreate
 .text.vTaskStartScheduler
                0x00000960       0x4c .\CortexM3\ARM_GCC_493\Debug\tasks.o
                0x00000960                vTaskStartScheduler
 .text.vTaskSuspendAll
                0x000009ac       0x14 .\CortexM3\ARM_GCC_493\Debug\tasks.o
                0x000009ac                vTaskSuspendAll
 .text.xTaskIncrementTick
                0x000009c0      0x104 .\CortexM3\ARM_GCC_493\Debug\tasks.o
                0x000009c0                xTaskIncrementTick
 .text.xTaskResumeAll
                0x00000ac4       0xcc .\CortexM3\ARM_GCC_493\Debug\tasks.o
                0x00000ac4                xTaskResumeAll
 .text.vTaskDelay
                0x00000b90       0x50 .\CortexM3\ARM_GCC_493\Debug\tasks.o
                0x00000b90                vTaskDelay
 .text.prvCheckTasksWaitingTermination
                0x00000be0       0x54 .\CortexM3\ARM_GCC_493\Debug\tasks.o
 .text.prvIdleTask
                0x00000c34        0x8 .\CortexM3\ARM_GCC_493\Debug\tasks.o
 .text.vTaskSwitchContext
                0x00000c3c       0xa8 .\CortexM3\ARM_GCC_493\Debug\tasks.o
                0x00000c3c                vTaskSwitchContext
 .text.vTaskPlaceOnEventList
                0x00000ce4       0x58 .\CortexM3\ARM_GCC_493\Debug\tasks.o
                0x00000ce4                vTaskPlaceOnEventList
 .text.xTaskRemoveFromEventList
                0x00000d3c       0x70 .\CortexM3\ARM_GCC_493\Debug\tasks.o
                0x00000d3c                xTaskRemoveFromEventList
 .text.vTaskSetTimeOutState
                0x00000dac       0x14 .\CortexM3\ARM_GCC_493\Debug\tasks.o
                0x00000dac                vTaskSetTimeOutState
 .text.xTaskCheckForTimeOut
                0x00000dc0       0x58 .\CortexM3\ARM_GCC_493\Debug\tasks.o
                0x00000dc0                xTaskCheckForTimeOut
 .text.vTaskMissedYield
                0x00000e18       0x10 .\CortexM3\ARM_GCC_493\Debug\tasks.o
                0x00000e18                vTaskMissedYield
 .text.vTaskPriorityInherit
                0x00000e28       0xb0 .\CortexM3\ARM_GCC_493\Debug\tasks.o
                0x00000e28                vTaskPriorityInherit
 .text.xTaskPriorityDisinherit
                0x00000ed8       0x84 .\CortexM3\ARM_GCC_493\Debug\tasks.o
                0x00000ed8                xTaskPriorityDisinherit
 .text.pvTaskIncrementMutexHeldCount
                0x00000f5c       0x20 .\CortexM3\ARM_GCC_493\Debug\tasks.o
                0x00000f5c                pvTaskIncrementMutexHeldCount
 .text.prvHeapInit
                0x00000f7c       0x30 .\CortexM3\ARM_GCC_493\Debug\heap_2.o
 .text.pvPortMalloc
                0x00000fac       0xb4 .\CortexM3\ARM_GCC_493\Debug\heap_2.o
                0x00000fac                pvPortMalloc
 .text.vPortFree
                0x00001060       0x44 .\CortexM3\ARM_GCC_493\Debug\heap_2.o
                0x00001060                vPortFree
 .text.Init_ROT
                0x000010a4        0x4 .\CortexM3\ARM_GCC_493\Debug\rot.o
                0x000010a4                Init_ROT
 .text.Task_ROT
                0x000010a8       0x7c .\CortexM3\ARM_GCC_493\Debug\rot.o
                0x000010a8                Task_ROT
 .text.I2C_CLCD_WrCntrlNib
                0x00001124       0x58 .\CortexM3\ARM_GCC_493\Debug\I2C_CLCD.o
 .text.I2C_CLCD_WrDatNib
                0x0000117c       0x6c .\CortexM3\ARM_GCC_493\Debug\I2C_CLCD.o
 .text.I2C_CLCD_IsReady
                0x000011e8        0xc .\CortexM3\ARM_GCC_493\Debug\I2C_CLCD.o
                0x000011e8                I2C_CLCD_IsReady
 .text.I2C_CLCD_WriteData
                0x000011f4       0x18 .\CortexM3\ARM_GCC_493\Debug\I2C_CLCD.o
                0x000011f4                I2C_CLCD_WriteData
 .text.I2C_CLCD_PrintString
                0x0000120c       0x1c .\CortexM3\ARM_GCC_493\Debug\I2C_CLCD.o
                0x0000120c                I2C_CLCD_PrintString
 .text.I2C_CLCD_WriteControl
                0x00001228       0x18 .\CortexM3\ARM_GCC_493\Debug\I2C_CLCD.o
                0x00001228                I2C_CLCD_WriteControl
 .text.I2C_CLCD_Init
                0x00001240       0x6c .\CortexM3\ARM_GCC_493\Debug\I2C_CLCD.o
                0x00001240                I2C_CLCD_Init
 .text.I2C_CLCD_Enable
                0x000012ac       0x14 .\CortexM3\ARM_GCC_493\Debug\I2C_CLCD.o
                0x000012ac                I2C_CLCD_Enable
 .text.I2C_CLCD_Start
                0x000012c0       0x1c .\CortexM3\ARM_GCC_493\Debug\I2C_CLCD.o
                0x000012c0                I2C_CLCD_Start
 .text.I2C_CLCD_Position
                0x000012dc       0x3c .\CortexM3\ARM_GCC_493\Debug\I2C_CLCD.o
                0x000012dc                I2C_CLCD_Position
 .text.Init_Key
                0x00001318       0x18 .\CortexM3\ARM_GCC_493\Debug\key.o
                0x00001318                Init_Key
 .text.Check_Key_Status
                0x00001330       0x30 .\CortexM3\ARM_GCC_493\Debug\key.o
                0x00001330                Check_Key_Status
 .text.Task_KEY
                0x00001360       0xe0 .\CortexM3\ARM_GCC_493\Debug\key.o
                0x00001360                Task_KEY
 .text.Task_LED
                0x00001440       0x20 .\CortexM3\ARM_GCC_493\Debug\main.o
                0x00001440                Task_LED
 .text.Task_DDR
                0x00001460      0x200 .\CortexM3\ARM_GCC_493\Debug\main.o
                0x00001460                Task_DDR
 .text.Filter_Handler
                0x00001660       0x68 .\CortexM3\ARM_GCC_493\Debug\main.o
                0x00001660                Filter_Handler
 .text.prvHardwareSetup
                0x000016c8       0x20 .\CortexM3\ARM_GCC_493\Debug\main.o
                0x000016c8                prvHardwareSetup
 .text.main     0x000016e8      0x148 .\CortexM3\ARM_GCC_493\Debug\main.o
                0x000016e8                main
 .text.vApplicationStackOverflowHook
                0x00001830        0x8 .\CortexM3\ARM_GCC_493\Debug\main.o
                0x00001830                vApplicationStackOverflowHook
 .text.vApplicationMallocFailedHook
                0x00001838        0x8 .\CortexM3\ARM_GCC_493\Debug\main.o
                0x00001838                vApplicationMallocFailedHook
 .text.CORDIC   0x00001840       0x30 .\CortexM3\ARM_GCC_493\Debug\main.o
                0x00001840                CORDIC
 .text.DMA_1_Config
                0x00001870       0x44 .\CortexM3\ARM_GCC_493\Debug\main.o
                0x00001870                DMA_1_Config
 .text.DMA_2_Config
                0x000018b4       0x44 .\CortexM3\ARM_GCC_493\Debug\main.o
                0x000018b4                DMA_2_Config
 .text.Task_RADIO
                0x000018f8       0xf0 .\CortexM3\ARM_GCC_493\Debug\main.o
                0x000018f8                Task_RADIO
 .text.IntDefaultHandler
                0x000019e8        0x4 .\CortexM3\ARM_GCC_493\Debug\Cm3Start.o
                0x000019e8                IntDefaultHandler
 .text._sbrk    0x000019ec       0x30 .\CortexM3\ARM_GCC_493\Debug\Cm3Start.o
                0x000019ec                _sbrk
 .text.Start_c  0x00001a1c       0x4c .\CortexM3\ARM_GCC_493\Debug\Cm3Start.o
                0x00001a1c                Start_c
 .text.initialize_psoc
                0x00001a68       0x78 .\CortexM3\ARM_GCC_493\Debug\Cm3Start.o
                0x00001a68                initialize_psoc
 .text.CyClockStartupError
                0x00001ae0        0x4 .\CortexM3\ARM_GCC_493\Debug\CY8CKIT-059_SDR_AM_Radio.a(cyfitter_cfg.o)
 .text.cfg_write_bytes32
                0x00001ae4       0x34 .\CortexM3\ARM_GCC_493\Debug\CY8CKIT-059_SDR_AM_Radio.a(cyfitter_cfg.o)
 .text.CYMEMZERO
                0x00001b18        0xc .\CortexM3\ARM_GCC_493\Debug\CY8CKIT-059_SDR_AM_Radio.a(cyfitter_cfg.o)
 .text.AnalogSetDefault
                0x00001b24      0x120 .\CortexM3\ARM_GCC_493\Debug\CY8CKIT-059_SDR_AM_Radio.a(cyfitter_cfg.o)
 .text.CYCONFIGCPY
                0x00001c44        0x8 .\CortexM3\ARM_GCC_493\Debug\CY8CKIT-059_SDR_AM_Radio.a(cyfitter_cfg.o)
 .text.ClockSetup
                0x00001c4c      0x12c .\CortexM3\ARM_GCC_493\Debug\CY8CKIT-059_SDR_AM_Radio.a(cyfitter_cfg.o)
 .text.cyfitter_cfg
                0x00001d78      0x14c .\CortexM3\ARM_GCC_493\Debug\CY8CKIT-059_SDR_AM_Radio.a(cyfitter_cfg.o)
                0x00001d78                cyfitter_cfg
 .text.LED_Write
                0x00001ec4       0x18 .\CortexM3\ARM_GCC_493\Debug\CY8CKIT-059_SDR_AM_Radio.a(LED.o)
                0x00001ec4                LED_Write
 *fill*         0x00001edc        0x4 
 .text          0x00001ee0       0x20 .\CortexM3\ARM_GCC_493\Debug\CY8CKIT-059_SDR_AM_Radio.a(CyBootAsmGnu.o)
                0x00001ee0                CyDelayCycles
                0x00001ef0                CyEnterCriticalSection
                0x00001ef8                CyExitCriticalSection
 .text.CyDmacConfigure
                0x00001f00       0x34 .\CortexM3\ARM_GCC_493\Debug\CY8CKIT-059_SDR_AM_Radio.a(CyDmac.o)
                0x00001f00                CyDmacConfigure
 .text.CyDmaChEnable
                0x00001f34       0x38 .\CortexM3\ARM_GCC_493\Debug\CY8CKIT-059_SDR_AM_Radio.a(CyDmac.o)
                0x00001f34                CyDmaChEnable
 .text.CyDmaChPriority
                0x00001f6c       0x24 .\CortexM3\ARM_GCC_493\Debug\CY8CKIT-059_SDR_AM_Radio.a(CyDmac.o)
                0x00001f6c                CyDmaChPriority
 .text.CyDmaChSetExtendedAddress
                0x00001f90       0x34 .\CortexM3\ARM_GCC_493\Debug\CY8CKIT-059_SDR_AM_Radio.a(CyDmac.o)
                0x00001f90                CyDmaChSetExtendedAddress
 .text.CyDmaChSetInitialTd
                0x00001fc4       0x18 .\CortexM3\ARM_GCC_493\Debug\CY8CKIT-059_SDR_AM_Radio.a(CyDmac.o)
                0x00001fc4                CyDmaChSetInitialTd
 .text.CyDmaChSetConfiguration
                0x00001fdc       0x48 .\CortexM3\ARM_GCC_493\Debug\CY8CKIT-059_SDR_AM_Radio.a(CyDmac.o)
                0x00001fdc                CyDmaChSetConfiguration
 .text.CyDmaTdAllocate
                0x00002024       0x34 .\CortexM3\ARM_GCC_493\Debug\CY8CKIT-059_SDR_AM_Radio.a(CyDmac.o)
                0x00002024                CyDmaTdAllocate
 .text.CyDmaTdSetConfiguration
                0x00002058       0x28 .\CortexM3\ARM_GCC_493\Debug\CY8CKIT-059_SDR_AM_Radio.a(CyDmac.o)
                0x00002058                CyDmaTdSetConfiguration
 .text.CyDmaTdSetAddress
                0x00002080       0x1c .\CortexM3\ARM_GCC_493\Debug\CY8CKIT-059_SDR_AM_Radio.a(CyDmac.o)
                0x00002080                CyDmaTdSetAddress
 .text.CyHalt   0x0000209c        0x4 .\CortexM3\ARM_GCC_493\Debug\CY8CKIT-059_SDR_AM_Radio.a(CyLib.o)
                0x0000209c                CyHalt
 .text.CyDelay  0x000020a0       0x2c .\CortexM3\ARM_GCC_493\Debug\CY8CKIT-059_SDR_AM_Radio.a(CyLib.o)
                0x000020a0                CyDelay
 .text.CyDelayUs
                0x000020cc       0x14 .\CortexM3\ARM_GCC_493\Debug\CY8CKIT-059_SDR_AM_Radio.a(CyLib.o)
                0x000020cc                CyDelayUs
 .text.CyIntSetVector
                0x000020e0       0x28 .\CortexM3\ARM_GCC_493\Debug\CY8CKIT-059_SDR_AM_Radio.a(CyLib.o)
                0x000020e0                CyIntSetVector
 .text.CyIntSetPriority
                0x00002108       0x30 .\CortexM3\ARM_GCC_493\Debug\CY8CKIT-059_SDR_AM_Radio.a(CyLib.o)
                0x00002108                CyIntSetPriority
 .text.SPIM_EnableTxInt
                0x00002138        0xc .\CortexM3\ARM_GCC_493\Debug\CY8CKIT-059_SDR_AM_Radio.a(SPIM.o)
                0x00002138                SPIM_EnableTxInt
 .text.SPIM_EnableRxInt
                0x00002144        0xc .\CortexM3\ARM_GCC_493\Debug\CY8CKIT-059_SDR_AM_Radio.a(SPIM.o)
                0x00002144                SPIM_EnableRxInt
 .text.SPIM_Enable
                0x00002150       0x38 .\CortexM3\ARM_GCC_493\Debug\CY8CKIT-059_SDR_AM_Radio.a(SPIM.o)
                0x00002150                SPIM_Enable
 .text.SPIM_DisableTxInt
                0x00002188        0xc .\CortexM3\ARM_GCC_493\Debug\CY8CKIT-059_SDR_AM_Radio.a(SPIM.o)
                0x00002188                SPIM_DisableTxInt
 .text.SPIM_DisableRxInt
                0x00002194        0xc .\CortexM3\ARM_GCC_493\Debug\CY8CKIT-059_SDR_AM_Radio.a(SPIM.o)
                0x00002194                SPIM_DisableRxInt
 .text.SPIM_ReadTxStatus
                0x000021a0       0x28 .\CortexM3\ARM_GCC_493\Debug\CY8CKIT-059_SDR_AM_Radio.a(SPIM.o)
                0x000021a0                SPIM_ReadTxStatus
 .text.SPIM_ReadRxStatus
                0x000021c8       0x28 .\CortexM3\ARM_GCC_493\Debug\CY8CKIT-059_SDR_AM_Radio.a(SPIM.o)
                0x000021c8                SPIM_ReadRxStatus
 .text.SPIM_WriteTxData
                0x000021f0       0xd0 .\CortexM3\ARM_GCC_493\Debug\CY8CKIT-059_SDR_AM_Radio.a(SPIM.o)
                0x000021f0                SPIM_WriteTxData
 .text.SPIM_ClearFIFO
                0x000022c0       0x3c .\CortexM3\ARM_GCC_493\Debug\CY8CKIT-059_SDR_AM_Radio.a(SPIM.o)
                0x000022c0                SPIM_ClearFIFO
 .text.SPIM_Init
                0x000022fc       0x90 .\CortexM3\ARM_GCC_493\Debug\CY8CKIT-059_SDR_AM_Radio.a(SPIM.o)
                0x000022fc                SPIM_Init
 .text.SPIM_Start
                0x0000238c       0x1c .\CortexM3\ARM_GCC_493\Debug\CY8CKIT-059_SDR_AM_Radio.a(SPIM.o)
                0x0000238c                SPIM_Start
 .text.SPIM_TX_ISR
                0x000023a8       0x9c .\CortexM3\ARM_GCC_493\Debug\CY8CKIT-059_SDR_AM_Radio.a(SPIM_INT.o)
                0x000023a8                SPIM_TX_ISR
 .text.SPIM_RX_ISR
                0x00002444       0xa0 .\CortexM3\ARM_GCC_493\Debug\CY8CKIT-059_SDR_AM_Radio.a(SPIM_INT.o)
                0x00002444                SPIM_RX_ISR
 .text.Comp_1_Enable
                0x000024e4       0x1c .\CortexM3\ARM_GCC_493\Debug\CY8CKIT-059_SDR_AM_Radio.a(Comp_1.o)
                0x000024e4                Comp_1_Enable
 .text.Comp_1_SetSpeed
                0x00002500       0x58 .\CortexM3\ARM_GCC_493\Debug\CY8CKIT-059_SDR_AM_Radio.a(Comp_1.o)
                0x00002500                Comp_1_SetSpeed
 .text.Comp_1_Init
                0x00002558       0x3c .\CortexM3\ARM_GCC_493\Debug\CY8CKIT-059_SDR_AM_Radio.a(Comp_1.o)
                0x00002558                Comp_1_Init
 .text.Comp_1_Start
                0x00002594       0x1c .\CortexM3\ARM_GCC_493\Debug\CY8CKIT-059_SDR_AM_Radio.a(Comp_1.o)
                0x00002594                Comp_1_Start
 .text.ADC_SAR_1_CalcGain
                0x000025b0       0x64 .\CortexM3\ARM_GCC_493\Debug\CY8CKIT-059_SDR_AM_Radio.a(ADC_SAR_1.o)
 .text.ADC_SAR_1_Enable
                0x00002614       0x94 .\CortexM3\ARM_GCC_493\Debug\CY8CKIT-059_SDR_AM_Radio.a(ADC_SAR_1.o)
                0x00002614                ADC_SAR_1_Enable
 .text.ADC_SAR_1_SetResolution
                0x000026a8       0x38 .\CortexM3\ARM_GCC_493\Debug\CY8CKIT-059_SDR_AM_Radio.a(ADC_SAR_1.o)
                0x000026a8                ADC_SAR_1_SetResolution
 .text.ADC_SAR_1_Init
                0x000026e0       0x3c .\CortexM3\ARM_GCC_493\Debug\CY8CKIT-059_SDR_AM_Radio.a(ADC_SAR_1.o)
                0x000026e0                ADC_SAR_1_Init
 .text.ADC_SAR_1_Start
                0x0000271c       0x1c .\CortexM3\ARM_GCC_493\Debug\CY8CKIT-059_SDR_AM_Radio.a(ADC_SAR_1.o)
                0x0000271c                ADC_SAR_1_Start
 .text.ADC_SAR_1_ISR
                0x00002738        0x4 .\CortexM3\ARM_GCC_493\Debug\CY8CKIT-059_SDR_AM_Radio.a(ADC_SAR_1_INT.o)
                0x00002738                ADC_SAR_1_ISR
 .text.ADC_SAR_2_CalcGain
                0x0000273c       0x64 .\CortexM3\ARM_GCC_493\Debug\CY8CKIT-059_SDR_AM_Radio.a(ADC_SAR_2.o)
 .text.ADC_SAR_2_Enable
                0x000027a0       0x94 .\CortexM3\ARM_GCC_493\Debug\CY8CKIT-059_SDR_AM_Radio.a(ADC_SAR_2.o)
                0x000027a0                ADC_SAR_2_Enable
 .text.ADC_SAR_2_SetResolution
                0x00002834       0x38 .\CortexM3\ARM_GCC_493\Debug\CY8CKIT-059_SDR_AM_Radio.a(ADC_SAR_2.o)
                0x00002834                ADC_SAR_2_SetResolution
 .text.ADC_SAR_2_Init
                0x0000286c       0x3c .\CortexM3\ARM_GCC_493\Debug\CY8CKIT-059_SDR_AM_Radio.a(ADC_SAR_2.o)
                0x0000286c                ADC_SAR_2_Init
 .text.ADC_SAR_2_Start
                0x000028a8       0x1c .\CortexM3\ARM_GCC_493\Debug\CY8CKIT-059_SDR_AM_Radio.a(ADC_SAR_2.o)
                0x000028a8                ADC_SAR_2_Start
 .text.ADC_SAR_2_ISR
                0x000028c4        0x4 .\CortexM3\ARM_GCC_493\Debug\CY8CKIT-059_SDR_AM_Radio.a(ADC_SAR_2_INT.o)
                0x000028c4                ADC_SAR_2_ISR
 .text.VDAC8_1_Enable
                0x000028c8       0x1c .\CortexM3\ARM_GCC_493\Debug\CY8CKIT-059_SDR_AM_Radio.a(VDAC8_1.o)
                0x000028c8                VDAC8_1_Enable
 .text.VDAC8_1_SetSpeed
                0x000028e4       0x1c .\CortexM3\ARM_GCC_493\Debug\CY8CKIT-059_SDR_AM_Radio.a(VDAC8_1.o)
                0x000028e4                VDAC8_1_SetSpeed
 .text.VDAC8_1_SetValue
                0x00002900        0xc .\CortexM3\ARM_GCC_493\Debug\CY8CKIT-059_SDR_AM_Radio.a(VDAC8_1.o)
                0x00002900                VDAC8_1_SetValue
 .text.VDAC8_1_DacTrim
                0x0000290c       0x24 .\CortexM3\ARM_GCC_493\Debug\CY8CKIT-059_SDR_AM_Radio.a(VDAC8_1.o)
                0x0000290c                VDAC8_1_DacTrim
 .text.VDAC8_1_SetRange
                0x00002930       0x20 .\CortexM3\ARM_GCC_493\Debug\CY8CKIT-059_SDR_AM_Radio.a(VDAC8_1.o)
                0x00002930                VDAC8_1_SetRange
 .text.VDAC8_1_Init
                0x00002950       0x20 .\CortexM3\ARM_GCC_493\Debug\CY8CKIT-059_SDR_AM_Radio.a(VDAC8_1.o)
                0x00002950                VDAC8_1_Init
 .text.VDAC8_1_Start
                0x00002970       0x24 .\CortexM3\ARM_GCC_493\Debug\CY8CKIT-059_SDR_AM_Radio.a(VDAC8_1.o)
                0x00002970                VDAC8_1_Start
 .text.DMA_1_DmaInitialize
                0x00002994       0x3c .\CortexM3\ARM_GCC_493\Debug\CY8CKIT-059_SDR_AM_Radio.a(DMA_1_dma.o)
                0x00002994                DMA_1_DmaInitialize
 .text.DMA_2_DmaInitialize
                0x000029d0       0x3c .\CortexM3\ARM_GCC_493\Debug\CY8CKIT-059_SDR_AM_Radio.a(DMA_2_dma.o)
                0x000029d0                DMA_2_DmaInitialize
 .text.Mixer_2_Enable
                0x00002a0c       0x28 .\CortexM3\ARM_GCC_493\Debug\CY8CKIT-059_SDR_AM_Radio.a(Mixer_2.o)
                0x00002a0c                Mixer_2_Enable
 .text.Mixer_2_SetPower
                0x00002a34       0x18 .\CortexM3\ARM_GCC_493\Debug\CY8CKIT-059_SDR_AM_Radio.a(Mixer_2.o)
                0x00002a34                Mixer_2_SetPower
 .text.Mixer_2_Init
                0x00002a4c       0x2c .\CortexM3\ARM_GCC_493\Debug\CY8CKIT-059_SDR_AM_Radio.a(Mixer_2.o)
                0x00002a4c                Mixer_2_Init
 .text.Mixer_2_Start
                0x00002a78       0x1c .\CortexM3\ARM_GCC_493\Debug\CY8CKIT-059_SDR_AM_Radio.a(Mixer_2.o)
                0x00002a78                Mixer_2_Start
 .text.Mixer_1_Enable
                0x00002a94       0x28 .\CortexM3\ARM_GCC_493\Debug\CY8CKIT-059_SDR_AM_Radio.a(Mixer_1.o)
                0x00002a94                Mixer_1_Enable
 .text.Mixer_1_SetPower
                0x00002abc       0x18 .\CortexM3\ARM_GCC_493\Debug\CY8CKIT-059_SDR_AM_Radio.a(Mixer_1.o)
                0x00002abc                Mixer_1_SetPower
 .text.Mixer_1_Init
                0x00002ad4       0x2c .\CortexM3\ARM_GCC_493\Debug\CY8CKIT-059_SDR_AM_Radio.a(Mixer_1.o)
                0x00002ad4                Mixer_1_Init
 .text.Mixer_1_Start
                0x00002b00       0x1c .\CortexM3\ARM_GCC_493\Debug\CY8CKIT-059_SDR_AM_Radio.a(Mixer_1.o)
                0x00002b00                Mixer_1_Start
 .text.PGA_1_Enable
                0x00002b1c       0x28 .\CortexM3\ARM_GCC_493\Debug\CY8CKIT-059_SDR_AM_Radio.a(PGA_1.o)
                0x00002b1c                PGA_1_Enable
 .text.PGA_1_SetPower
                0x00002b44       0x18 .\CortexM3\ARM_GCC_493\Debug\CY8CKIT-059_SDR_AM_Radio.a(PGA_1.o)
                0x00002b44                PGA_1_SetPower
 .text.PGA_1_SetGain
                0x00002b5c       0x78 .\CortexM3\ARM_GCC_493\Debug\CY8CKIT-059_SDR_AM_Radio.a(PGA_1.o)
                0x00002b5c                PGA_1_SetGain
 .text.PGA_1_Init
                0x00002bd4       0x34 .\CortexM3\ARM_GCC_493\Debug\CY8CKIT-059_SDR_AM_Radio.a(PGA_1.o)
                0x00002bd4                PGA_1_Init
 .text.PGA_1_Start
                0x00002c08       0x1c .\CortexM3\ARM_GCC_493\Debug\CY8CKIT-059_SDR_AM_Radio.a(PGA_1.o)
                0x00002c08                PGA_1_Start
 .text.Filter_1_Init
                0x00002c24       0xd0 .\CortexM3\ARM_GCC_493\Debug\CY8CKIT-059_SDR_AM_Radio.a(Filter_1.o)
                0x00002c24                Filter_1_Init
 .text.Filter_1_Enable
                0x00002cf4       0x28 .\CortexM3\ARM_GCC_493\Debug\CY8CKIT-059_SDR_AM_Radio.a(Filter_1.o)
                0x00002cf4                Filter_1_Enable
 .text.Filter_1_Start
                0x00002d1c       0x1c .\CortexM3\ARM_GCC_493\Debug\CY8CKIT-059_SDR_AM_Radio.a(Filter_1.o)
                0x00002d1c                Filter_1_Start
 .text.Filter_1_Read16
                0x00002d38       0x24 .\CortexM3\ARM_GCC_493\Debug\CY8CKIT-059_SDR_AM_Radio.a(Filter_1.o)
                0x00002d38                Filter_1_Read16
 .text.Filter_1_SetCoherencyEx
                0x00002d5c       0x24 .\CortexM3\ARM_GCC_493\Debug\CY8CKIT-059_SDR_AM_Radio.a(Filter_1.o)
                0x00002d5c                Filter_1_SetCoherencyEx
 .text.Filter_1_SetDalign
                0x00002d80       0x20 .\CortexM3\ARM_GCC_493\Debug\CY8CKIT-059_SDR_AM_Radio.a(Filter_1.o)
                0x00002d80                Filter_1_SetDalign
 .text.Filter_1_SetInterruptMode
                0x00002da0       0x10 .\CortexM3\ARM_GCC_493\Debug\CY8CKIT-059_SDR_AM_Radio.a(Filter_1_PVT.o)
                0x00002da0                Filter_1_SetInterruptMode
 .text.Filter_1_SetDMAMode
                0x00002db0       0x10 .\CortexM3\ARM_GCC_493\Debug\CY8CKIT-059_SDR_AM_Radio.a(Filter_1_PVT.o)
                0x00002db0                Filter_1_SetDMAMode
 .text.isr_filter_SetVector
                0x00002dc0       0x10 .\CortexM3\ARM_GCC_493\Debug\CY8CKIT-059_SDR_AM_Radio.a(isr_filter.o)
                0x00002dc0                isr_filter_SetVector
 .text.isr_filter_SetPriority
                0x00002dd0       0x10 .\CortexM3\ARM_GCC_493\Debug\CY8CKIT-059_SDR_AM_Radio.a(isr_filter.o)
                0x00002dd0                isr_filter_SetPriority
 .text.isr_filter_Enable
                0x00002de0       0x10 .\CortexM3\ARM_GCC_493\Debug\CY8CKIT-059_SDR_AM_Radio.a(isr_filter.o)
                0x00002de0                isr_filter_Enable
 .text.isr_filter_Disable
                0x00002df0       0x10 .\CortexM3\ARM_GCC_493\Debug\CY8CKIT-059_SDR_AM_Radio.a(isr_filter.o)
                0x00002df0                isr_filter_Disable
 .text.isr_filter_StartEx
                0x00002e00       0x1c .\CortexM3\ARM_GCC_493\Debug\CY8CKIT-059_SDR_AM_Radio.a(isr_filter.o)
                0x00002e00                isr_filter_StartEx
 .text.ADC_SAR_1_theACLK_SetModeRegister
                0x00002e1c       0x14 .\CortexM3\ARM_GCC_493\Debug\CY8CKIT-059_SDR_AM_Radio.a(ADC_SAR_1_theACLK.o)
                0x00002e1c                ADC_SAR_1_theACLK_SetModeRegister
 .text.ADC_SAR_2_theACLK_SetModeRegister
                0x00002e30       0x14 .\CortexM3\ARM_GCC_493\Debug\CY8CKIT-059_SDR_AM_Radio.a(ADC_SAR_2_theACLK.o)
                0x00002e30                ADC_SAR_2_theACLK_SetModeRegister
 .text.PI_KEY_0_Read
                0x00002e44       0x10 .\CortexM3\ARM_GCC_493\Debug\CY8CKIT-059_SDR_AM_Radio.a(PI_KEY_0.o)
                0x00002e44                PI_KEY_0_Read
 .text.PI_KEY_1_Read
                0x00002e54       0x10 .\CortexM3\ARM_GCC_493\Debug\CY8CKIT-059_SDR_AM_Radio.a(PI_KEY_1.o)
                0x00002e54                PI_KEY_1_Read
 .text.ROT_B_Read
                0x00002e64        0xc .\CortexM3\ARM_GCC_493\Debug\CY8CKIT-059_SDR_AM_Radio.a(ROT_B.o)
                0x00002e64                ROT_B_Read
 .text.ROT_A_Read
                0x00002e70       0x10 .\CortexM3\ARM_GCC_493\Debug\CY8CKIT-059_SDR_AM_Radio.a(ROT_A.o)
                0x00002e70                ROT_A_Read
 .text.I2C_1_Init
                0x00002e80       0x68 .\CortexM3\ARM_GCC_493\Debug\CY8CKIT-059_SDR_AM_Radio.a(I2C_1.o)
                0x00002e80                I2C_1_Init
 .text.I2C_1_Enable
                0x00002ee8       0x24 .\CortexM3\ARM_GCC_493\Debug\CY8CKIT-059_SDR_AM_Radio.a(I2C_1.o)
                0x00002ee8                I2C_1_Enable
 .text.I2C_1_Start
                0x00002f0c       0x28 .\CortexM3\ARM_GCC_493\Debug\CY8CKIT-059_SDR_AM_Radio.a(I2C_1.o)
                0x00002f0c                I2C_1_Start
 .text.I2C_1_ISR
                0x00002f34      0x2cc .\CortexM3\ARM_GCC_493\Debug\CY8CKIT-059_SDR_AM_Radio.a(I2C_1_INT.o)
                0x00002f34                I2C_1_ISR
 .text.I2C_1_MasterSendStart
                0x00003200       0x80 .\CortexM3\ARM_GCC_493\Debug\CY8CKIT-059_SDR_AM_Radio.a(I2C_1_MASTER.o)
                0x00003200                I2C_1_MasterSendStart
 .text.I2C_1_MasterSendStop
                0x00003280       0x38 .\CortexM3\ARM_GCC_493\Debug\CY8CKIT-059_SDR_AM_Radio.a(I2C_1_MASTER.o)
                0x00003280                I2C_1_MasterSendStop
 .text.I2C_1_MasterWriteByte
                0x000032b8       0x58 .\CortexM3\ARM_GCC_493\Debug\CY8CKIT-059_SDR_AM_Radio.a(I2C_1_MASTER.o)
                0x000032b8                I2C_1_MasterWriteByte
 .text.VDAC8_2_Enable
                0x00003310       0x1c .\CortexM3\ARM_GCC_493\Debug\CY8CKIT-059_SDR_AM_Radio.a(VDAC8_2.o)
                0x00003310                VDAC8_2_Enable
 .text.VDAC8_2_SetSpeed
                0x0000332c       0x1c .\CortexM3\ARM_GCC_493\Debug\CY8CKIT-059_SDR_AM_Radio.a(VDAC8_2.o)
                0x0000332c                VDAC8_2_SetSpeed
 .text.VDAC8_2_SetValue
                0x00003348        0xc .\CortexM3\ARM_GCC_493\Debug\CY8CKIT-059_SDR_AM_Radio.a(VDAC8_2.o)
                0x00003348                VDAC8_2_SetValue
 .text.VDAC8_2_DacTrim
                0x00003354       0x24 .\CortexM3\ARM_GCC_493\Debug\CY8CKIT-059_SDR_AM_Radio.a(VDAC8_2.o)
                0x00003354                VDAC8_2_DacTrim
 .text.VDAC8_2_SetRange
                0x00003378       0x20 .\CortexM3\ARM_GCC_493\Debug\CY8CKIT-059_SDR_AM_Radio.a(VDAC8_2.o)
                0x00003378                VDAC8_2_SetRange
 .text.VDAC8_2_Init
                0x00003398       0x20 .\CortexM3\ARM_GCC_493\Debug\CY8CKIT-059_SDR_AM_Radio.a(VDAC8_2.o)
                0x00003398                VDAC8_2_Init
 .text.VDAC8_2_Start
                0x000033b8       0x24 .\CortexM3\ARM_GCC_493\Debug\CY8CKIT-059_SDR_AM_Radio.a(VDAC8_2.o)
                0x000033b8                VDAC8_2_Start
 .text.MON_1_Write
                0x000033dc       0x18 .\CortexM3\ARM_GCC_493\Debug\CY8CKIT-059_SDR_AM_Radio.a(MON_1.o)
                0x000033dc                MON_1_Write
 .text          0x000033f4       0x38 c:/program files (x86)/cypress/psoc creator/3.3/psoc creator/import/gnu/arm/4.9.3/bin/../lib/gcc/arm-none-eabi/4.9.3/armv7-m\libgcc.a(_aeabi_ldivmod.o)
                0x000033f4                __aeabi_ldivmod
 .text          0x0000342c       0x60 c:/program files (x86)/cypress/psoc creator/3.3/psoc creator/import/gnu/arm/4.9.3/bin/../lib/gcc/arm-none-eabi/4.9.3/armv7-m\libgcc.a(bpabi.o)
                0x0000342c                __gnu_ldivmod_helper
                0x0000345c                __gnu_uldivmod_helper
 .text          0x0000348c        0x4 c:/program files (x86)/cypress/psoc creator/3.3/psoc creator/import/gnu/arm/4.9.3/bin/../lib/gcc/arm-none-eabi/4.9.3/armv7-m\libgcc.a(_dvmd_tls.o)
                0x0000348c                __aeabi_idiv0
                0x0000348c                __aeabi_ldiv0
 .text          0x00003490      0x2ac c:/program files (x86)/cypress/psoc creator/3.3/psoc creator/import/gnu/arm/4.9.3/bin/../lib/gcc/arm-none-eabi/4.9.3/armv7-m\libgcc.a(_divdi3.o)
                0x00003490                __divdi3
 .text          0x0000373c      0x270 c:/program files (x86)/cypress/psoc creator/3.3/psoc creator/import/gnu/arm/4.9.3/bin/../lib/gcc/arm-none-eabi/4.9.3/armv7-m\libgcc.a(_udivdi3.o)
                0x0000373c                __udivdi3
 .text.__errno  0x000039ac        0xc c:/program files (x86)/cypress/psoc creator/3.3/psoc creator/import/gnu/arm/4.9.3/bin/../lib/gcc/arm-none-eabi/4.9.3/../../../../arm-none-eabi/lib/armv7-m\libg_nano.a(lib_a-errno.o)
                0x000039ac                __errno
 .text.__libc_init_array
                0x000039b8       0x4c c:/program files (x86)/cypress/psoc creator/3.3/psoc creator/import/gnu/arm/4.9.3/bin/../lib/gcc/arm-none-eabi/4.9.3/../../../../arm-none-eabi/lib/armv7-m\libg_nano.a(lib_a-init.o)
                0x000039b8                __libc_init_array
 .text.memcpy   0x00003a04       0x16 c:/program files (x86)/cypress/psoc creator/3.3/psoc creator/import/gnu/arm/4.9.3/bin/../lib/gcc/arm-none-eabi/4.9.3/../../../../arm-none-eabi/lib/armv7-m\libg_nano.a(lib_a-memcpy.o)
                0x00003a04                memcpy
 .text.memset   0x00003a1a       0x10 c:/program files (x86)/cypress/psoc creator/3.3/psoc creator/import/gnu/arm/4.9.3/bin/../lib/gcc/arm-none-eabi/4.9.3/../../../../arm-none-eabi/lib/armv7-m\libg_nano.a(lib_a-memset.o)
                0x00003a1a                memset
 *fill*         0x00003a2a        0x2 
 .text.sprintf  0x00003a2c       0x48 c:/program files (x86)/cypress/psoc creator/3.3/psoc creator/import/gnu/arm/4.9.3/bin/../lib/gcc/arm-none-eabi/4.9.3/../../../../arm-none-eabi/lib/armv7-m\libg_nano.a(lib_a-sprintf.o)
                0x00003a2c                siprintf
                0x00003a2c                sprintf
 .text.strcpy   0x00003a74       0x10 c:/program files (x86)/cypress/psoc creator/3.3/psoc creator/import/gnu/arm/4.9.3/bin/../lib/gcc/arm-none-eabi/4.9.3/../../../../arm-none-eabi/lib/armv7-m\libg_nano.a(lib_a-strcpy.o)
                0x00003a74                strcpy
 .text.__ssputs_r
                0x00003a84       0xb2 c:/program files (x86)/cypress/psoc creator/3.3/psoc creator/import/gnu/arm/4.9.3/bin/../lib/gcc/arm-none-eabi/4.9.3/../../../../arm-none-eabi/lib/armv7-m\libg_nano.a(lib_a-nano-svfprintf.o)
                0x00003a84                __ssputs_r
 *fill*         0x00003b36        0x2 
 .text._svfprintf_r
                0x00003b38      0x1e4 c:/program files (x86)/cypress/psoc creator/3.3/psoc creator/import/gnu/arm/4.9.3/bin/../lib/gcc/arm-none-eabi/4.9.3/../../../../arm-none-eabi/lib/armv7-m\libg_nano.a(lib_a-nano-svfprintf.o)
                0x00003b38                _svfiprintf_r
                0x00003b38                _svfprintf_r
 .text._printf_common
                0x00003d1c       0xea c:/program files (x86)/cypress/psoc creator/3.3/psoc creator/import/gnu/arm/4.9.3/bin/../lib/gcc/arm-none-eabi/4.9.3/../../../../arm-none-eabi/lib/armv7-m\libg_nano.a(lib_a-nano-vfprintf_i.o)
                0x00003d1c                _printf_common
 *fill*         0x00003e06        0x2 
 .text._printf_i
                0x00003e08      0x240 c:/program files (x86)/cypress/psoc creator/3.3/psoc creator/import/gnu/arm/4.9.3/bin/../lib/gcc/arm-none-eabi/4.9.3/../../../../arm-none-eabi/lib/armv7-m\libg_nano.a(lib_a-nano-vfprintf_i.o)
                0x00003e08                _printf_i
 .text.memchr   0x00004048       0x1c c:/program files (x86)/cypress/psoc creator/3.3/psoc creator/import/gnu/arm/4.9.3/bin/../lib/gcc/arm-none-eabi/4.9.3/../../../../arm-none-eabi/lib/armv7-m\libg_nano.a(lib_a-memchr.o)
                0x00004048                memchr
 .text.memmove  0x00004064       0x36 c:/program files (x86)/cypress/psoc creator/3.3/psoc creator/import/gnu/arm/4.9.3/bin/../lib/gcc/arm-none-eabi/4.9.3/../../../../arm-none-eabi/lib/armv7-m\libg_nano.a(lib_a-memmove.o)
                0x00004064                memmove
 *fill*         0x0000409a        0x2 
 .text._free_r  0x0000409c       0x88 c:/program files (x86)/cypress/psoc creator/3.3/psoc creator/import/gnu/arm/4.9.3/bin/../lib/gcc/arm-none-eabi/4.9.3/../../../../arm-none-eabi/lib/armv7-m\libg_nano.a(lib_a-nano-freer.o)
                0x0000409c                _free_r
 .text._malloc_r
                0x00004124       0xac c:/program files (x86)/cypress/psoc creator/3.3/psoc creator/import/gnu/arm/4.9.3/bin/../lib/gcc/arm-none-eabi/4.9.3/../../../../arm-none-eabi/lib/armv7-m\libg_nano.a(lib_a-nano-mallocr.o)
                0x00004124                _malloc_r
 .text._realloc_r
                0x000041d0       0x4c c:/program files (x86)/cypress/psoc creator/3.3/psoc creator/import/gnu/arm/4.9.3/bin/../lib/gcc/arm-none-eabi/4.9.3/../../../../arm-none-eabi/lib/armv7-m\libg_nano.a(lib_a-nano-reallocr.o)
                0x000041d0                _realloc_r
 .text._sbrk_r  0x0000421c       0x20 c:/program files (x86)/cypress/psoc creator/3.3/psoc creator/import/gnu/arm/4.9.3/bin/../lib/gcc/arm-none-eabi/4.9.3/../../../../arm-none-eabi/lib/armv7-m\libg_nano.a(lib_a-sbrkr.o)
                0x0000421c                _sbrk_r
 .text._malloc_usable_size_r
                0x0000423c       0x14 c:/program files (x86)/cypress/psoc creator/3.3/psoc creator/import/gnu/arm/4.9.3/bin/../lib/gcc/arm-none-eabi/4.9.3/../../../../arm-none-eabi/lib/armv7-m\libg_nano.a(lib_a-nano-msizer.o)
                0x0000423c                _malloc_usable_size_r
 *(.plt)
 *(.gnu.warning)
 *(.glue_7t)
 .glue_7t       0x00000000        0x0 linker stubs
 *(.glue_7)
 .glue_7        0x00000000        0x0 linker stubs
 *(.vfp11_veneer)
 .vfp11_veneer  0x00000000        0x0 linker stubs
 *(.bootloader)
 *(.ARM.extab* .gnu.linkonce.armextab.*)
 *(.gcc_except_table)

.v4_bx          0x00004250        0x0
 .v4_bx         0x00000000        0x0 linker stubs

.iplt           0x00004250        0x0
 .iplt          0x00000000        0x0 c:/program files (x86)/cypress/psoc creator/3.3/psoc creator/import/gnu/arm/4.9.3/bin/../lib/gcc/arm-none-eabi/4.9.3/armv7-m/crtbegin.o

.eh_frame_hdr
 *(.eh_frame_hdr)

.eh_frame       0x00004250        0x4
 *(.eh_frame)
 .eh_frame      0x00004250        0x0 c:/program files (x86)/cypress/psoc creator/3.3/psoc creator/import/gnu/arm/4.9.3/bin/../lib/gcc/arm-none-eabi/4.9.3/armv7-m/crtbegin.o
 .eh_frame      0x00004250        0x4 c:/program files (x86)/cypress/psoc creator/3.3/psoc creator/import/gnu/arm/4.9.3/bin/../lib/gcc/arm-none-eabi/4.9.3/armv7-m/crtend.o
                0x00004254                PROVIDE (__exidx_start, .)

.ARM.exidx      0x00004254        0x8
 *(.ARM.exidx* .gnu.linkonce.armexidx.*)
 .ARM.exidx     0x00004254        0x8 c:/program files (x86)/cypress/psoc creator/3.3/psoc creator/import/gnu/arm/4.9.3/bin/../lib/gcc/arm-none-eabi/4.9.3/armv7-m\libgcc.a(_divdi3.o)
 .ARM.exidx     0x0000425c        0x0 c:/program files (x86)/cypress/psoc creator/3.3/psoc creator/import/gnu/arm/4.9.3/bin/../lib/gcc/arm-none-eabi/4.9.3/armv7-m\libgcc.a(_udivdi3.o)
                                  0x8 (size before relaxing)
                0x0000425c                __exidx_end = .

.rodata         0x0000425c      0x7d4
 *(.rodata .rodata.* .gnu.linkonce.r.*)
 .rodata.str1.4
                0x0000425c        0x5 .\CortexM3\ARM_GCC_493\Debug\tasks.o
                                  0x8 (size before relaxing)
 *fill*         0x00004261        0x3 
 .rodata        0x00004264        0xc .\CortexM3\ARM_GCC_493\Debug\main.o
                0x0000426c                K
 .rodata.str1.4
                0x00004270       0xb4 .\CortexM3\ARM_GCC_493\Debug\main.o
 .rodata        0x00004324       0x44 .\CortexM3\ARM_GCC_493\Debug\CY8CKIT-059_SDR_AM_Radio.a(cyfitter_cfg.o)
 .rodata        0x00004368       0x18 .\CortexM3\ARM_GCC_493\Debug\CY8CKIT-059_SDR_AM_Radio.a(PGA_1.o)
 .rodata        0x00004380      0x640 .\CortexM3\ARM_GCC_493\Debug\CY8CKIT-059_SDR_AM_Radio.a(Filter_1_RAM_Data.o)
                0x00004380                Filter_1_cfsm
                0x00004480                Filter_1_acu
                0x000044c0                Filter_1_data_b
                0x000046c0                Filter_1_data_a
                0x000048c0                Filter_1_control
 .rodata.str1.1
                0x000049c0        0x2 c:/program files (x86)/cypress/psoc creator/3.3/psoc creator/import/gnu/arm/4.9.3/bin/../lib/gcc/arm-none-eabi/4.9.3/../../../../arm-none-eabi/lib/armv7-m\libg_nano.a(lib_a-impure.o)
 .rodata.str1.1
                0x000049c2       0x11 c:/program files (x86)/cypress/psoc creator/3.3/psoc creator/import/gnu/arm/4.9.3/bin/../lib/gcc/arm-none-eabi/4.9.3/../../../../arm-none-eabi/lib/armv7-m\libg_nano.a(lib_a-nano-svfprintf.o)
 .rodata.str1.1
                0x000049d3       0x22 c:/program files (x86)/cypress/psoc creator/3.3/psoc creator/import/gnu/arm/4.9.3/bin/../lib/gcc/arm-none-eabi/4.9.3/../../../../arm-none-eabi/lib/armv7-m\libg_nano.a(lib_a-nano-vfprintf_i.o)
                0x000049f8                . = ALIGN (0x4)
 *fill*         0x000049f5        0x3 
 *(.init)
 .init          0x000049f8        0x4 c:/program files (x86)/cypress/psoc creator/3.3/psoc creator/import/gnu/arm/4.9.3/bin/../lib/gcc/arm-none-eabi/4.9.3/armv7-m/crti.o
                0x000049f8                _init
 .init          0x000049fc        0x8 c:/program files (x86)/cypress/psoc creator/3.3/psoc creator/import/gnu/arm/4.9.3/bin/../lib/gcc/arm-none-eabi/4.9.3/armv7-m/crtn.o
                0x00004a04                . = ALIGN (0x4)
                0x00004a04                __preinit_array_start = .
 *(.preinit_array)
                0x00004a04                __preinit_array_end = .
                0x00004a04                . = ALIGN (0x4)
                0x00004a04                __init_array_start = .
 *(SORT(.init_array.*))
 *(.init_array)
 .init_array    0x00004a04        0x4 c:/program files (x86)/cypress/psoc creator/3.3/psoc creator/import/gnu/arm/4.9.3/bin/../lib/gcc/arm-none-eabi/4.9.3/armv7-m/crtbegin.o
 .init_array    0x00004a08        0x4 .\CortexM3\ARM_GCC_493\Debug\Cm3Start.o
                0x00004a0c                __init_array_end = .
                0x00004a0c                . = ALIGN (0x4)
 *(.fini)
 .fini          0x00004a0c        0x4 c:/program files (x86)/cypress/psoc creator/3.3/psoc creator/import/gnu/arm/4.9.3/bin/../lib/gcc/arm-none-eabi/4.9.3/armv7-m/crti.o
                0x00004a0c                _fini
 .fini          0x00004a10        0x8 c:/program files (x86)/cypress/psoc creator/3.3/psoc creator/import/gnu/arm/4.9.3/bin/../lib/gcc/arm-none-eabi/4.9.3/armv7-m/crtn.o
                0x00004a18                . = ALIGN (0x4)
                0x00004a18                __fini_array_start = .
 *(.fini_array)
 .fini_array    0x00004a18        0x4 c:/program files (x86)/cypress/psoc creator/3.3/psoc creator/import/gnu/arm/4.9.3/bin/../lib/gcc/arm-none-eabi/4.9.3/armv7-m/crtbegin.o
 *(SORT(.fini_array.*))
                0x00004a1c                __fini_array_end = .
                0x00004a1c                . = ALIGN (0x4)
 *crtbegin.o(.ctors)
 *(EXCLUDE_FILE(*crtend.o) .ctors)
 *(SORT(.ctors.*))
 *crtend.o(.ctors)
                0x00004a1c                . = ALIGN (0x4)
 *crtbegin.o(.dtors)
 *(EXCLUDE_FILE(*crtend.o) .dtors)
 *(SORT(.dtors.*))
 *crtend.o(.dtors)
                0x00004a1c                . = ALIGN (0x4)
                0x00004a1c                __cy_regions = .
                0x00004a1c        0x4 LONG 0x4a30 __cy_region_init_ram
                0x00004a20        0x4 LONG 0x1fff8108 __cy_region_start_data
                0x00004a24        0x4 LONG 0xc8 __cy_region_init_size_ram
                0x00004a28        0x4 LONG 0x81c0 __cy_region_zero_size_ram
                0x00004a2c                __cy_regions_end = .
                0x00004a30                . = ALIGN (0x8)
 *fill*         0x00004a2c        0x4 
                0x00004a30                _etext = .

.cy_checksum_exclude
                0x00004a30        0x0
 *(.cy_checksum_exclude)

.ramvectors     0x1fff8000      0x100
                0x1fff8000                __cy_region_start_ram = .
 *(.ramvectors)
 .ramvectors    0x1fff8000      0x100 .\CortexM3\ARM_GCC_493\Debug\Cm3Start.o
                0x1fff8000                CyRamVectors

.noinit         0x1fff8100        0x5
 *(.noinit)
 .noinit        0x1fff8100        0x4 .\CortexM3\ARM_GCC_493\Debug\Cm3Start.o
 .noinit        0x1fff8104        0x1 .\CortexM3\ARM_GCC_493\Debug\CY8CKIT-059_SDR_AM_Radio.a(CyLib.o)
                0x1fff8104                CyResetStatus

.data           0x1fff8108       0xc8 load address 0x00004a30
                0x1fff8108                __cy_region_start_data = .
 *(.jcr)
 .jcr           0x1fff8108        0x0 c:/program files (x86)/cypress/psoc creator/3.3/psoc creator/import/gnu/arm/4.9.3/bin/../lib/gcc/arm-none-eabi/4.9.3/armv7-m/crtbegin.o
 .jcr           0x1fff8108        0x4 c:/program files (x86)/cypress/psoc creator/3.3/psoc creator/import/gnu/arm/4.9.3/bin/../lib/gcc/arm-none-eabi/4.9.3/armv7-m/crtend.o
 *(.got.plt)
 *(.got)
 *(.shdata)
 *(.data .data.* .gnu.linkonce.d.*)
 .data          0x1fff810c        0x4 .\CortexM3\ARM_GCC_493\Debug\port.o
 .data          0x1fff8110        0x4 .\CortexM3\ARM_GCC_493\Debug\heap_2.o
 .data          0x1fff8114        0x2 .\CortexM3\ARM_GCC_493\Debug\I2C_CLCD.o
                0x1fff8114                I2C_CLCD_BackLight
                0x1fff8115                slaveAddress
 .data          0x1fff8116        0x1 .\CortexM3\ARM_GCC_493\Debug\key.o
 *fill*         0x1fff8117        0x1 
 .data          0x1fff8118       0x30 .\CortexM3\ARM_GCC_493\Debug\main.o
                0x1fff8118                STATION_NAME
                0x1fff8128                STATION_FREQ
                0x1fff8138                ADJ_FREQ
 .data          0x1fff8148        0x4 .\CortexM3\ARM_GCC_493\Debug\Cm3Start.o
 .data          0x1fff814c        0x8 .\CortexM3\ARM_GCC_493\Debug\CY8CKIT-059_SDR_AM_Radio.a(CyDmac.o)
 .data          0x1fff8154       0x10 .\CortexM3\ARM_GCC_493\Debug\CY8CKIT-059_SDR_AM_Radio.a(CyLib.o)
                0x1fff8154                cydelay_32k_ms
                0x1fff8158                cydelay_freq_khz
                0x1fff815c                cydelay_freq_mhz
                0x1fff8160                cydelay_freq_hz
 .data          0x1fff8164        0x1 .\CortexM3\ARM_GCC_493\Debug\CY8CKIT-059_SDR_AM_Radio.a(DMA_1_dma.o)
                0x1fff8164                DMA_1_DmaHandle
 .data          0x1fff8165        0x1 .\CortexM3\ARM_GCC_493\Debug\CY8CKIT-059_SDR_AM_Radio.a(DMA_2_dma.o)
                0x1fff8165                DMA_2_DmaHandle
 *fill*         0x1fff8166        0x2 
 .data.impure_data
                0x1fff8168       0x60 c:/program files (x86)/cypress/psoc creator/3.3/psoc creator/import/gnu/arm/4.9.3/bin/../lib/gcc/arm-none-eabi/4.9.3/../../../../arm-none-eabi/lib/armv7-m\libg_nano.a(lib_a-impure.o)
 .data._impure_ptr
                0x1fff81c8        0x4 c:/program files (x86)/cypress/psoc creator/3.3/psoc creator/import/gnu/arm/4.9.3/bin/../lib/gcc/arm-none-eabi/4.9.3/../../../../arm-none-eabi/lib/armv7-m\libg_nano.a(lib_a-impure.o)
                0x1fff81c8                _impure_ptr
                0x1fff81d0                . = ALIGN (0x8)
 *fill*         0x1fff81cc        0x4 
 *(.ram)
                0x1fff81d0                _edata = .

.igot.plt       0x1fff81d0        0x0 load address 0x00004af8
 .igot.plt      0x00000000        0x0 c:/program files (x86)/cypress/psoc creator/3.3/psoc creator/import/gnu/arm/4.9.3/bin/../lib/gcc/arm-none-eabi/4.9.3/armv7-m/crtbegin.o

.bss            0x1fff81d0     0x81c0 load address 0x00004af8
                0x1fff81d0                PROVIDE (__bss_start__, .)
 *(.shbss)
 *(.bss .bss.* .gnu.linkonce.b.*)
 .bss           0x1fff81d0       0x1c c:/program files (x86)/cypress/psoc creator/3.3/psoc creator/import/gnu/arm/4.9.3/bin/../lib/gcc/arm-none-eabi/4.9.3/armv7-m/crtbegin.o
 .bss           0x1fff81ec      0x100 .\CortexM3\ARM_GCC_493\Debug\tasks.o
                0x1fff82c0                pxCurrentTCB
 .bss           0x1fff82ec     0x8014 .\CortexM3\ARM_GCC_493\Debug\heap_2.o
 .bss           0x20000300        0x2 .\CortexM3\ARM_GCC_493\Debug\I2C_CLCD.o
                0x20000300                I2C_CLCD_enableState
                0x20000301                I2C_CLCD_initVar
 *fill*         0x20000302        0x2 
 .bss           0x20000304       0x10 .\CortexM3\ARM_GCC_493\Debug\key.o
 .bss           0x20000314        0x1 .\CortexM3\ARM_GCC_493\Debug\CY8CKIT-059_SDR_AM_Radio.a(SPIM.o)
                0x20000314                SPIM_initVar
 .bss           0x20000315        0x1 .\CortexM3\ARM_GCC_493\Debug\CY8CKIT-059_SDR_AM_Radio.a(Comp_1.o)
                0x20000315                Comp_1_initVar
 .bss           0x20000316        0x1 .\CortexM3\ARM_GCC_493\Debug\CY8CKIT-059_SDR_AM_Radio.a(ADC_SAR_1.o)
                0x20000316                ADC_SAR_1_initVar
 .bss           0x20000317        0x1 .\CortexM3\ARM_GCC_493\Debug\CY8CKIT-059_SDR_AM_Radio.a(ADC_SAR_2.o)
                0x20000317                ADC_SAR_2_initVar
 .bss           0x20000318        0x1 .\CortexM3\ARM_GCC_493\Debug\CY8CKIT-059_SDR_AM_Radio.a(VDAC8_1.o)
                0x20000318                VDAC8_1_initVar
 .bss           0x20000319        0x1 .\CortexM3\ARM_GCC_493\Debug\CY8CKIT-059_SDR_AM_Radio.a(Mixer_2.o)
                0x20000319                Mixer_2_initVar
 .bss           0x2000031a        0x1 .\CortexM3\ARM_GCC_493\Debug\CY8CKIT-059_SDR_AM_Radio.a(Mixer_1.o)
                0x2000031a                Mixer_1_initVar
 .bss           0x2000031b        0x1 .\CortexM3\ARM_GCC_493\Debug\CY8CKIT-059_SDR_AM_Radio.a(PGA_1.o)
                0x2000031b                PGA_1_initVar
 .bss           0x2000031c        0x1 .\CortexM3\ARM_GCC_493\Debug\CY8CKIT-059_SDR_AM_Radio.a(Filter_1.o)
                0x2000031c                Filter_1_initVar
 .bss           0x2000031d        0x1 .\CortexM3\ARM_GCC_493\Debug\CY8CKIT-059_SDR_AM_Radio.a(I2C_1.o)
                0x2000031d                I2C_1_initVar
 .bss           0x2000031e        0x1 .\CortexM3\ARM_GCC_493\Debug\CY8CKIT-059_SDR_AM_Radio.a(VDAC8_2.o)
                0x2000031e                VDAC8_2_initVar
 *fill*         0x2000031f        0x1 
 .bss.__malloc_sbrk_start
                0x20000320        0x4 c:/program files (x86)/cypress/psoc creator/3.3/psoc creator/import/gnu/arm/4.9.3/bin/../lib/gcc/arm-none-eabi/4.9.3/../../../../arm-none-eabi/lib/armv7-m\libg_nano.a(lib_a-nano-mallocr.o)
                0x20000320                __malloc_sbrk_start
 .bss.__malloc_free_list
                0x20000324        0x4 c:/program files (x86)/cypress/psoc creator/3.3/psoc creator/import/gnu/arm/4.9.3/bin/../lib/gcc/arm-none-eabi/4.9.3/../../../../arm-none-eabi/lib/armv7-m\libg_nano.a(lib_a-nano-mallocr.o)
                0x20000324                __malloc_free_list
 *(COMMON)
 COMMON         0x20000328        0x2 .\CortexM3\ARM_GCC_493\Debug\key.o
                0x20000328                gKey
 *fill*         0x2000032a        0x2 
 COMMON         0x2000032c       0x18 .\CortexM3\ARM_GCC_493\Debug\main.o
                0x2000032c                xMutex_CLCD
                0x20000330                xQueue_KEY
                0x20000338                xQueue_ROT
                0x2000033c                xQueue_IQ
 COMMON         0x20000344       0x17 .\CortexM3\ARM_GCC_493\Debug\CY8CKIT-059_SDR_AM_Radio.a(SPIM.o)
                0x20000344                SPIM_rxBufferFull
                0x20000348                SPIM_txBuffer
                0x2000034d                SPIM_swStatusTx
                0x20000350                SPIM_rxBuffer
                0x20000355                SPIM_txBufferFull
                0x20000356                SPIM_txBufferRead
                0x20000357                SPIM_rxBufferWrite
                0x20000358                SPIM_txBufferWrite
                0x20000359                SPIM_rxBufferRead
                0x2000035a                SPIM_swStatusRx
 *fill*         0x2000035b        0x1 
 COMMON         0x2000035c        0xa .\CortexM3\ARM_GCC_493\Debug\CY8CKIT-059_SDR_AM_Radio.a(ADC_SAR_1.o)
                0x2000035c                ADC_SAR_1_countsPerVolt
                0x2000035e                ADC_SAR_1_shift
                0x20000360                ADC_SAR_1_countsPer10Volt
                0x20000364                ADC_SAR_1_offset
 *fill*         0x20000366        0x2 
 COMMON         0x20000368        0xa .\CortexM3\ARM_GCC_493\Debug\CY8CKIT-059_SDR_AM_Radio.a(ADC_SAR_2.o)
                0x20000368                ADC_SAR_2_countsPer10Volt
                0x2000036c                ADC_SAR_2_shift
                0x2000036e                ADC_SAR_2_offset
                0x20000370                ADC_SAR_2_countsPerVolt
 COMMON         0x20000372        0x1 .\CortexM3\ARM_GCC_493\Debug\CY8CKIT-059_SDR_AM_Radio.a(I2C_1.o)
                0x20000372                I2C_1_state
 *fill*         0x20000373        0x1 
 COMMON         0x20000374       0x11 .\CortexM3\ARM_GCC_493\Debug\CY8CKIT-059_SDR_AM_Radio.a(I2C_1_MASTER.o)
                0x20000374                I2C_1_mstrWrBufIndex
                0x20000375                I2C_1_mstrControl
                0x20000376                I2C_1_mstrStatus
                0x20000377                I2C_1_mstrWrBufSize
                0x20000378                I2C_1_mstrRdBufIndex
                0x2000037c                I2C_1_mstrWrBufPtr
                0x20000380                I2C_1_mstrRdBufPtr
                0x20000384                I2C_1_mstrRdBufSize
 *fill*         0x20000385        0x3 
 COMMON         0x20000388        0x4 c:/program files (x86)/cypress/psoc creator/3.3/psoc creator/import/gnu/arm/4.9.3/bin/../lib/gcc/arm-none-eabi/4.9.3/../../../../arm-none-eabi/lib/armv7-m\libg_nano.a(lib_a-reent.o)
                0x20000388                errno
                0x20000390                . = ALIGN (0x8)
 *fill*         0x2000038c        0x4 
 *(.ram.b)
                0x20000390                _end = .
                0x20000390                __end = .
                0x20000390                PROVIDE (end, .)
                0x20000390                PROVIDE (__bss_end__, .)
                0x00004a30                __cy_region_init_ram = LOADADDR (.data)
                0x000000c8                __cy_region_init_size_ram = (_edata - ADDR (.data))
                0x000081c0                __cy_region_zero_size_ram = (_end - _edata)

.heap           0x20000390     0x1000 load address 0x00004af8
                0x20000390                . = _end
                0x20001390                . = (. + 0x1000)
 *fill*         0x20000390     0x1000 
                0x20001390                __cy_heap_limit = .

.stack          0x20007800      0x800
                0x20007800                __cy_stack_limit = .
                0x20008000                . = (. + 0x800)
 *fill*         0x20007800      0x800 
                0x00000001                ASSERT ((__cy_stack_limit >= __cy_heap_limit), region RAM overflowed with stack)
                0x00000000                cy_checksum_exclude_size = (CY_APPL_LOADABLE == 0x1)?SIZEOF (.cy_checksum_exclude):0x0
                0x00000001                ASSERT ((cy_checksum_exclude_size <= CY_CHECKSUM_EXCLUDE_SIZE), CY_BOOT: Section .cy_checksum_exclude size exceedes specified limit.)

.cyloadermeta
 *(.cyloadermeta)

.cyloadablemeta
 *(.cyloadablemeta)

.cyconfigecc    0x80000000      0x400
 *(.cyconfigecc)
 .cyconfigecc   0x80000000      0x400 .\CortexM3\ARM_GCC_493\Debug\cymetadata.o
                0x80000000                cy_meta_configecc

.cycustnvl      0x90000000        0x4
 *(.cycustnvl)
 .cycustnvl     0x90000000        0x4 .\CortexM3\ARM_GCC_493\Debug\cymetadata.o
                0x90000000                cy_meta_custnvl

.cywolatch      0x90100000        0x4
 *(.cywolatch)
 .cywolatch     0x90100000        0x4 .\CortexM3\ARM_GCC_493\Debug\cymetadata.o
                0x90100000                cy_meta_wonvl

.cyeeprom       0x90200000        0x0
 *(.cyeeprom)
                0x00000001                ASSERT ((. <= ((0x90200000 + ee_offset) + ee_size)), .cyeeprom data will not fit in EEPROM)

.cyflashprotect
                0x90400000      0x100
 *(.cyflashprotect)
 .cyflashprotect
                0x90400000      0x100 .\CortexM3\ARM_GCC_493\Debug\cymetadata.o
                0x90400000                cy_meta_flashprotect

.cymeta         0x90500000        0xc
 *(.cymeta)
 .cymeta        0x90500000        0xc .\CortexM3\ARM_GCC_493\Debug\cymetadata.o
                0x90500000                cy_metadata

.rel.dyn        0x00004af8        0x0 load address 0x9050000c
 .rel.iplt      0x00000000        0x0 c:/program files (x86)/cypress/psoc creator/3.3/psoc creator/import/gnu/arm/4.9.3/bin/../lib/gcc/arm-none-eabi/4.9.3/armv7-m/crtbegin.o

.stab
 *(.stab)

.stabstr
 *(.stabstr)

.debug
 *(.debug)

.line
 *(.line)

.debug_srcinfo
 *(.debug_srcinfo)

.debug_sfnames
 *(.debug_sfnames)

.debug_aranges  0x00000000     0x1480
 *(.debug_aranges)
 .debug_aranges
                0x00000000       0x18 .\CortexM3\ARM_GCC_493\Debug\croutine.o
 .debug_aranges
                0x00000018       0x68 .\CortexM3\ARM_GCC_493\Debug\event_groups.o
 .debug_aranges
                0x00000080       0x40 .\CortexM3\ARM_GCC_493\Debug\list.o
 .debug_aranges
                0x000000c0       0x88 .\CortexM3\ARM_GCC_493\Debug\port.o
 .debug_aranges
                0x00000148       0xe0 .\CortexM3\ARM_GCC_493\Debug\queue.o
 .debug_aranges
                0x00000228      0x1a0 .\CortexM3\ARM_GCC_493\Debug\tasks.o
 .debug_aranges
                0x000003c8       0x18 .\CortexM3\ARM_GCC_493\Debug\timers.o
 .debug_aranges
                0x000003e0       0x40 .\CortexM3\ARM_GCC_493\Debug\heap_2.o
 .debug_aranges
                0x00000420       0x28 .\CortexM3\ARM_GCC_493\Debug\rot.o
 .debug_aranges
                0x00000448       0x98 .\CortexM3\ARM_GCC_493\Debug\I2C_CLCD.o
 .debug_aranges
                0x000004e0       0x30 .\CortexM3\ARM_GCC_493\Debug\key.o
 .debug_aranges
                0x00000510       0x70 .\CortexM3\ARM_GCC_493\Debug\main.o
 .debug_aranges
                0x00000580       0x18 .\CortexM3\ARM_GCC_493\Debug\cymetadata.o
 .debug_aranges
                0x00000598       0x48 .\CortexM3\ARM_GCC_493\Debug\Cm3Start.o
 .debug_aranges
                0x000005e0       0x58 .\CortexM3\ARM_GCC_493\Debug\CY8CKIT-059_SDR_AM_Radio.a(cyfitter_cfg.o)
 .debug_aranges
                0x00000638       0x38 .\CortexM3\ARM_GCC_493\Debug\CY8CKIT-059_SDR_AM_Radio.a(LED.o)
 .debug_aranges
                0x00000670       0x20 .\CortexM3\ARM_GCC_493\Debug\CY8CKIT-059_SDR_AM_Radio.a(CyBootAsmGnu.o)
 .debug_aranges
                0x00000690       0xd8 .\CortexM3\ARM_GCC_493\Debug\CY8CKIT-059_SDR_AM_Radio.a(CyDmac.o)
 .debug_aranges
                0x00000768      0x298 .\CortexM3\ARM_GCC_493\Debug\CY8CKIT-059_SDR_AM_Radio.a(CyLib.o)
 .debug_aranges
                0x00000a00       0x98 .\CortexM3\ARM_GCC_493\Debug\CY8CKIT-059_SDR_AM_Radio.a(cyPm.o)
 .debug_aranges
                0x00000a98       0xd8 .\CortexM3\ARM_GCC_493\Debug\CY8CKIT-059_SDR_AM_Radio.a(SPIM.o)
 .debug_aranges
                0x00000b70       0x28 .\CortexM3\ARM_GCC_493\Debug\CY8CKIT-059_SDR_AM_Radio.a(SPIM_INT.o)
 .debug_aranges
                0x00000b98       0x70 .\CortexM3\ARM_GCC_493\Debug\CY8CKIT-059_SDR_AM_Radio.a(Comp_1.o)
 .debug_aranges
                0x00000c08       0x98 .\CortexM3\ARM_GCC_493\Debug\CY8CKIT-059_SDR_AM_Radio.a(ADC_SAR_1.o)
 .debug_aranges
                0x00000ca0       0x20 .\CortexM3\ARM_GCC_493\Debug\CY8CKIT-059_SDR_AM_Radio.a(ADC_SAR_1_INT.o)
 .debug_aranges
                0x00000cc0       0x98 .\CortexM3\ARM_GCC_493\Debug\CY8CKIT-059_SDR_AM_Radio.a(ADC_SAR_2.o)
 .debug_aranges
                0x00000d58       0x20 .\CortexM3\ARM_GCC_493\Debug\CY8CKIT-059_SDR_AM_Radio.a(ADC_SAR_2_INT.o)
 .debug_aranges
                0x00000d78       0x58 .\CortexM3\ARM_GCC_493\Debug\CY8CKIT-059_SDR_AM_Radio.a(VDAC8_1.o)
 .debug_aranges
                0x00000dd0       0x28 .\CortexM3\ARM_GCC_493\Debug\CY8CKIT-059_SDR_AM_Radio.a(DMA_1_dma.o)
 .debug_aranges
                0x00000df8       0x28 .\CortexM3\ARM_GCC_493\Debug\CY8CKIT-059_SDR_AM_Radio.a(DMA_2_dma.o)
 .debug_aranges
                0x00000e20       0x40 .\CortexM3\ARM_GCC_493\Debug\CY8CKIT-059_SDR_AM_Radio.a(Mixer_2.o)
 .debug_aranges
                0x00000e60       0x40 .\CortexM3\ARM_GCC_493\Debug\CY8CKIT-059_SDR_AM_Radio.a(Mixer_1.o)
 .debug_aranges
                0x00000ea0       0x48 .\CortexM3\ARM_GCC_493\Debug\CY8CKIT-059_SDR_AM_Radio.a(PGA_1.o)
 .debug_aranges
                0x00000ee8       0x80 .\CortexM3\ARM_GCC_493\Debug\CY8CKIT-059_SDR_AM_Radio.a(Filter_1.o)
 .debug_aranges
                0x00000f68       0x28 .\CortexM3\ARM_GCC_493\Debug\CY8CKIT-059_SDR_AM_Radio.a(Filter_1_PVT.o)
 .debug_aranges
                0x00000f90       0x18 .\CortexM3\ARM_GCC_493\Debug\CY8CKIT-059_SDR_AM_Radio.a(Filter_1_RAM_Data.o)
 .debug_aranges
                0x00000fa8       0x80 .\CortexM3\ARM_GCC_493\Debug\CY8CKIT-059_SDR_AM_Radio.a(isr_filter.o)
 .debug_aranges
                0x00001028       0x70 .\CortexM3\ARM_GCC_493\Debug\CY8CKIT-059_SDR_AM_Radio.a(ADC_SAR_1_theACLK.o)
 .debug_aranges
                0x00001098       0x70 .\CortexM3\ARM_GCC_493\Debug\CY8CKIT-059_SDR_AM_Radio.a(ADC_SAR_2_theACLK.o)
 .debug_aranges
                0x00001108       0x38 .\CortexM3\ARM_GCC_493\Debug\CY8CKIT-059_SDR_AM_Radio.a(PI_KEY_0.o)
 .debug_aranges
                0x00001140       0x38 .\CortexM3\ARM_GCC_493\Debug\CY8CKIT-059_SDR_AM_Radio.a(PI_KEY_1.o)
 .debug_aranges
                0x00001178       0x38 .\CortexM3\ARM_GCC_493\Debug\CY8CKIT-059_SDR_AM_Radio.a(ROT_B.o)
 .debug_aranges
                0x000011b0       0x38 .\CortexM3\ARM_GCC_493\Debug\CY8CKIT-059_SDR_AM_Radio.a(ROT_A.o)
 .debug_aranges
                0x000011e8       0x38 .\CortexM3\ARM_GCC_493\Debug\CY8CKIT-059_SDR_AM_Radio.a(I2C_1.o)
 .debug_aranges
                0x00001220       0x20 .\CortexM3\ARM_GCC_493\Debug\CY8CKIT-059_SDR_AM_Radio.a(I2C_1_INT.o)
 .debug_aranges
                0x00001240       0x38 .\CortexM3\ARM_GCC_493\Debug\CY8CKIT-059_SDR_AM_Radio.a(I2C_1_PM.o)
 .debug_aranges
                0x00001278       0x80 .\CortexM3\ARM_GCC_493\Debug\CY8CKIT-059_SDR_AM_Radio.a(I2C_1_MASTER.o)
 .debug_aranges
                0x000012f8       0x58 .\CortexM3\ARM_GCC_493\Debug\CY8CKIT-059_SDR_AM_Radio.a(VDAC8_2.o)
 .debug_aranges
                0x00001350       0x38 .\CortexM3\ARM_GCC_493\Debug\CY8CKIT-059_SDR_AM_Radio.a(MON_1.o)
 .debug_aranges
                0x00001388       0x80 .\CortexM3\ARM_GCC_493\Debug\CY8CKIT-059_SDR_AM_Radio.a(CyFlash.o)
 .debug_aranges
                0x00001408       0x78 .\CortexM3\ARM_GCC_493\Debug\CY8CKIT-059_SDR_AM_Radio.a(CySpc.o)

.debug_pubnames
 *(.debug_pubnames)

.debug_info     0x00000000     0xe944
 *(.debug_info .gnu.linkonce.wi.*)
 .debug_info    0x00000000       0xa7 .\CortexM3\ARM_GCC_493\Debug\croutine.o
 .debug_info    0x000000a7      0x906 .\CortexM3\ARM_GCC_493\Debug\event_groups.o
 .debug_info    0x000009ad      0x2d3 .\CortexM3\ARM_GCC_493\Debug\list.o
 .debug_info    0x00000c80      0x2f0 .\CortexM3\ARM_GCC_493\Debug\port.o
 .debug_info    0x00000f70     0x1311 .\CortexM3\ARM_GCC_493\Debug\queue.o
 .debug_info    0x00002281     0x1f02 .\CortexM3\ARM_GCC_493\Debug\tasks.o
 .debug_info    0x00004183       0xa7 .\CortexM3\ARM_GCC_493\Debug\timers.o
 .debug_info    0x0000422a      0x384 .\CortexM3\ARM_GCC_493\Debug\heap_2.o
 .debug_info    0x000045ae      0x232 .\CortexM3\ARM_GCC_493\Debug\rot.o
 .debug_info    0x000047e0      0x869 .\CortexM3\ARM_GCC_493\Debug\I2C_CLCD.o
 .debug_info    0x00005049      0x32c .\CortexM3\ARM_GCC_493\Debug\key.o
 .debug_info    0x00005375     0x1371 .\CortexM3\ARM_GCC_493\Debug\main.o
 .debug_info    0x000066e6      0x13b .\CortexM3\ARM_GCC_493\Debug\cymetadata.o
 .debug_info    0x00006821      0x3b5 .\CortexM3\ARM_GCC_493\Debug\Cm3Start.o
 .debug_info    0x00006bd6      0x686 .\CortexM3\ARM_GCC_493\Debug\CY8CKIT-059_SDR_AM_Radio.a(cyfitter_cfg.o)
 .debug_info    0x0000725c      0x11f .\CortexM3\ARM_GCC_493\Debug\CY8CKIT-059_SDR_AM_Radio.a(LED.o)
 .debug_info    0x0000737b       0xa4 .\CortexM3\ARM_GCC_493\Debug\CY8CKIT-059_SDR_AM_Radio.a(CyBootAsmGnu.o)
 .debug_info    0x0000741f      0x944 .\CortexM3\ARM_GCC_493\Debug\CY8CKIT-059_SDR_AM_Radio.a(CyDmac.o)
 .debug_info    0x00007d63     0x1371 .\CortexM3\ARM_GCC_493\Debug\CY8CKIT-059_SDR_AM_Radio.a(CyLib.o)
 .debug_info    0x000090d4      0xa58 .\CortexM3\ARM_GCC_493\Debug\CY8CKIT-059_SDR_AM_Radio.a(cyPm.o)
 .debug_info    0x00009b2c      0x709 .\CortexM3\ARM_GCC_493\Debug\CY8CKIT-059_SDR_AM_Radio.a(SPIM.o)
 .debug_info    0x0000a235      0x186 .\CortexM3\ARM_GCC_493\Debug\CY8CKIT-059_SDR_AM_Radio.a(SPIM_INT.o)
 .debug_info    0x0000a3bb      0x2c3 .\CortexM3\ARM_GCC_493\Debug\CY8CKIT-059_SDR_AM_Radio.a(Comp_1.o)
 .debug_info    0x0000a67e      0x5d4 .\CortexM3\ARM_GCC_493\Debug\CY8CKIT-059_SDR_AM_Radio.a(ADC_SAR_1.o)
 .debug_info    0x0000ac52       0x92 .\CortexM3\ARM_GCC_493\Debug\CY8CKIT-059_SDR_AM_Radio.a(ADC_SAR_1_INT.o)
 .debug_info    0x0000ace4      0x5d4 .\CortexM3\ARM_GCC_493\Debug\CY8CKIT-059_SDR_AM_Radio.a(ADC_SAR_2.o)
 .debug_info    0x0000b2b8       0x92 .\CortexM3\ARM_GCC_493\Debug\CY8CKIT-059_SDR_AM_Radio.a(ADC_SAR_2_INT.o)
 .debug_info    0x0000b34a      0x1e0 .\CortexM3\ARM_GCC_493\Debug\CY8CKIT-059_SDR_AM_Radio.a(VDAC8_1.o)
 .debug_info    0x0000b52a      0x1fd .\CortexM3\ARM_GCC_493\Debug\CY8CKIT-059_SDR_AM_Radio.a(DMA_1_dma.o)
 .debug_info    0x0000b727      0x1fd .\CortexM3\ARM_GCC_493\Debug\CY8CKIT-059_SDR_AM_Radio.a(DMA_2_dma.o)
 .debug_info    0x0000b924      0x16c .\CortexM3\ARM_GCC_493\Debug\CY8CKIT-059_SDR_AM_Radio.a(Mixer_2.o)
 .debug_info    0x0000ba90      0x16c .\CortexM3\ARM_GCC_493\Debug\CY8CKIT-059_SDR_AM_Radio.a(Mixer_1.o)
 .debug_info    0x0000bbfc      0x1c7 .\CortexM3\ARM_GCC_493\Debug\CY8CKIT-059_SDR_AM_Radio.a(PGA_1.o)
 .debug_info    0x0000bdc3      0x4cd .\CortexM3\ARM_GCC_493\Debug\CY8CKIT-059_SDR_AM_Radio.a(Filter_1.o)
 .debug_info    0x0000c290       0xeb .\CortexM3\ARM_GCC_493\Debug\CY8CKIT-059_SDR_AM_Radio.a(Filter_1_PVT.o)
 .debug_info    0x0000c37b      0x12b .\CortexM3\ARM_GCC_493\Debug\CY8CKIT-059_SDR_AM_Radio.a(Filter_1_RAM_Data.o)
 .debug_info    0x0000c4a6      0x2cb .\CortexM3\ARM_GCC_493\Debug\CY8CKIT-059_SDR_AM_Radio.a(isr_filter.o)
 .debug_info    0x0000c771      0x283 .\CortexM3\ARM_GCC_493\Debug\CY8CKIT-059_SDR_AM_Radio.a(ADC_SAR_1_theACLK.o)
 .debug_info    0x0000c9f4      0x283 .\CortexM3\ARM_GCC_493\Debug\CY8CKIT-059_SDR_AM_Radio.a(ADC_SAR_2_theACLK.o)
 .debug_info    0x0000cc77      0x11f .\CortexM3\ARM_GCC_493\Debug\CY8CKIT-059_SDR_AM_Radio.a(PI_KEY_0.o)
 .debug_info    0x0000cd96      0x11f .\CortexM3\ARM_GCC_493\Debug\CY8CKIT-059_SDR_AM_Radio.a(PI_KEY_1.o)
 .debug_info    0x0000ceb5      0x121 .\CortexM3\ARM_GCC_493\Debug\CY8CKIT-059_SDR_AM_Radio.a(ROT_B.o)
 .debug_info    0x0000cfd6      0x11f .\CortexM3\ARM_GCC_493\Debug\CY8CKIT-059_SDR_AM_Radio.a(ROT_A.o)
 .debug_info    0x0000d0f5      0x2d9 .\CortexM3\ARM_GCC_493\Debug\CY8CKIT-059_SDR_AM_Radio.a(I2C_1.o)
 .debug_info    0x0000d3ce      0x17f .\CortexM3\ARM_GCC_493\Debug\CY8CKIT-059_SDR_AM_Radio.a(I2C_1_INT.o)
 .debug_info    0x0000d54d      0x1fe .\CortexM3\ARM_GCC_493\Debug\CY8CKIT-059_SDR_AM_Radio.a(I2C_1_PM.o)
 .debug_info    0x0000d74b      0x400 .\CortexM3\ARM_GCC_493\Debug\CY8CKIT-059_SDR_AM_Radio.a(I2C_1_MASTER.o)
 .debug_info    0x0000db4b      0x1e0 .\CortexM3\ARM_GCC_493\Debug\CY8CKIT-059_SDR_AM_Radio.a(VDAC8_2.o)
 .debug_info    0x0000dd2b      0x11f .\CortexM3\ARM_GCC_493\Debug\CY8CKIT-059_SDR_AM_Radio.a(MON_1.o)
 .debug_info    0x0000de4a      0x60a .\CortexM3\ARM_GCC_493\Debug\CY8CKIT-059_SDR_AM_Radio.a(CyFlash.o)
 .debug_info    0x0000e454      0x4f0 .\CortexM3\ARM_GCC_493\Debug\CY8CKIT-059_SDR_AM_Radio.a(CySpc.o)

.debug_abbrev   0x00000000     0x4027
 *(.debug_abbrev)
 .debug_abbrev  0x00000000       0x4b .\CortexM3\ARM_GCC_493\Debug\croutine.o
 .debug_abbrev  0x0000004b      0x250 .\CortexM3\ARM_GCC_493\Debug\event_groups.o
 .debug_abbrev  0x0000029b       0xf6 .\CortexM3\ARM_GCC_493\Debug\list.o
 .debug_abbrev  0x00000391      0x1aa .\CortexM3\ARM_GCC_493\Debug\port.o
 .debug_abbrev  0x0000053b      0x27a .\CortexM3\ARM_GCC_493\Debug\queue.o
 .debug_abbrev  0x000007b5      0x307 .\CortexM3\ARM_GCC_493\Debug\tasks.o
 .debug_abbrev  0x00000abc       0x4b .\CortexM3\ARM_GCC_493\Debug\timers.o
 .debug_abbrev  0x00000b07      0x1d9 .\CortexM3\ARM_GCC_493\Debug\heap_2.o
 .debug_abbrev  0x00000ce0      0x175 .\CortexM3\ARM_GCC_493\Debug\rot.o
 .debug_abbrev  0x00000e55      0x192 .\CortexM3\ARM_GCC_493\Debug\I2C_CLCD.o
 .debug_abbrev  0x00000fe7      0x1c1 .\CortexM3\ARM_GCC_493\Debug\key.o
 .debug_abbrev  0x000011a8      0x319 .\CortexM3\ARM_GCC_493\Debug\main.o
 .debug_abbrev  0x000014c1       0x66 .\CortexM3\ARM_GCC_493\Debug\cymetadata.o
 .debug_abbrev  0x00001527      0x20f .\CortexM3\ARM_GCC_493\Debug\Cm3Start.o
 .debug_abbrev  0x00001736      0x212 .\CortexM3\ARM_GCC_493\Debug\CY8CKIT-059_SDR_AM_Radio.a(cyfitter_cfg.o)
 .debug_abbrev  0x00001948       0x90 .\CortexM3\ARM_GCC_493\Debug\CY8CKIT-059_SDR_AM_Radio.a(LED.o)
 .debug_abbrev  0x000019d8       0x14 .\CortexM3\ARM_GCC_493\Debug\CY8CKIT-059_SDR_AM_Radio.a(CyBootAsmGnu.o)
 .debug_abbrev  0x000019ec      0x1cc .\CortexM3\ARM_GCC_493\Debug\CY8CKIT-059_SDR_AM_Radio.a(CyDmac.o)
 .debug_abbrev  0x00001bb8      0x296 .\CortexM3\ARM_GCC_493\Debug\CY8CKIT-059_SDR_AM_Radio.a(CyLib.o)
 .debug_abbrev  0x00001e4e      0x1ed .\CortexM3\ARM_GCC_493\Debug\CY8CKIT-059_SDR_AM_Radio.a(cyPm.o)
 .debug_abbrev  0x0000203b      0x198 .\CortexM3\ARM_GCC_493\Debug\CY8CKIT-059_SDR_AM_Radio.a(SPIM.o)
 .debug_abbrev  0x000021d3       0x8a .\CortexM3\ARM_GCC_493\Debug\CY8CKIT-059_SDR_AM_Radio.a(SPIM_INT.o)
 .debug_abbrev  0x0000225d      0x175 .\CortexM3\ARM_GCC_493\Debug\CY8CKIT-059_SDR_AM_Radio.a(Comp_1.o)
 .debug_abbrev  0x000023d2      0x1d3 .\CortexM3\ARM_GCC_493\Debug\CY8CKIT-059_SDR_AM_Radio.a(ADC_SAR_1.o)
 .debug_abbrev  0x000025a5       0x42 .\CortexM3\ARM_GCC_493\Debug\CY8CKIT-059_SDR_AM_Radio.a(ADC_SAR_1_INT.o)
 .debug_abbrev  0x000025e7      0x1d3 .\CortexM3\ARM_GCC_493\Debug\CY8CKIT-059_SDR_AM_Radio.a(ADC_SAR_2.o)
 .debug_abbrev  0x000027ba       0x42 .\CortexM3\ARM_GCC_493\Debug\CY8CKIT-059_SDR_AM_Radio.a(ADC_SAR_2_INT.o)
 .debug_abbrev  0x000027fc       0xf7 .\CortexM3\ARM_GCC_493\Debug\CY8CKIT-059_SDR_AM_Radio.a(VDAC8_1.o)
 .debug_abbrev  0x000028f3       0xeb .\CortexM3\ARM_GCC_493\Debug\CY8CKIT-059_SDR_AM_Radio.a(DMA_1_dma.o)
 .debug_abbrev  0x000029de       0xeb .\CortexM3\ARM_GCC_493\Debug\CY8CKIT-059_SDR_AM_Radio.a(DMA_2_dma.o)
 .debug_abbrev  0x00002ac9       0xea .\CortexM3\ARM_GCC_493\Debug\CY8CKIT-059_SDR_AM_Radio.a(Mixer_2.o)
 .debug_abbrev  0x00002bb3       0xea .\CortexM3\ARM_GCC_493\Debug\CY8CKIT-059_SDR_AM_Radio.a(Mixer_1.o)
 .debug_abbrev  0x00002c9d       0xf6 .\CortexM3\ARM_GCC_493\Debug\CY8CKIT-059_SDR_AM_Radio.a(PGA_1.o)
 .debug_abbrev  0x00002d93      0x1f1 .\CortexM3\ARM_GCC_493\Debug\CY8CKIT-059_SDR_AM_Radio.a(Filter_1.o)
 .debug_abbrev  0x00002f84       0x7f .\CortexM3\ARM_GCC_493\Debug\CY8CKIT-059_SDR_AM_Radio.a(Filter_1_PVT.o)
 .debug_abbrev  0x00003003       0x66 .\CortexM3\ARM_GCC_493\Debug\CY8CKIT-059_SDR_AM_Radio.a(Filter_1_RAM_Data.o)
 .debug_abbrev  0x00003069      0x173 .\CortexM3\ARM_GCC_493\Debug\CY8CKIT-059_SDR_AM_Radio.a(isr_filter.o)
 .debug_abbrev  0x000031dc      0x139 .\CortexM3\ARM_GCC_493\Debug\CY8CKIT-059_SDR_AM_Radio.a(ADC_SAR_1_theACLK.o)
 .debug_abbrev  0x00003315      0x139 .\CortexM3\ARM_GCC_493\Debug\CY8CKIT-059_SDR_AM_Radio.a(ADC_SAR_2_theACLK.o)
 .debug_abbrev  0x0000344e       0x90 .\CortexM3\ARM_GCC_493\Debug\CY8CKIT-059_SDR_AM_Radio.a(PI_KEY_0.o)
 .debug_abbrev  0x000034de       0x90 .\CortexM3\ARM_GCC_493\Debug\CY8CKIT-059_SDR_AM_Radio.a(PI_KEY_1.o)
 .debug_abbrev  0x0000356e       0x90 .\CortexM3\ARM_GCC_493\Debug\CY8CKIT-059_SDR_AM_Radio.a(ROT_B.o)
 .debug_abbrev  0x000035fe       0x90 .\CortexM3\ARM_GCC_493\Debug\CY8CKIT-059_SDR_AM_Radio.a(ROT_A.o)
 .debug_abbrev  0x0000368e      0x15c .\CortexM3\ARM_GCC_493\Debug\CY8CKIT-059_SDR_AM_Radio.a(I2C_1.o)
 .debug_abbrev  0x000037ea       0xbd .\CortexM3\ARM_GCC_493\Debug\CY8CKIT-059_SDR_AM_Radio.a(I2C_1_INT.o)
 .debug_abbrev  0x000038a7      0x12b .\CortexM3\ARM_GCC_493\Debug\CY8CKIT-059_SDR_AM_Radio.a(I2C_1_PM.o)
 .debug_abbrev  0x000039d2      0x13c .\CortexM3\ARM_GCC_493\Debug\CY8CKIT-059_SDR_AM_Radio.a(I2C_1_MASTER.o)
 .debug_abbrev  0x00003b0e       0xf7 .\CortexM3\ARM_GCC_493\Debug\CY8CKIT-059_SDR_AM_Radio.a(VDAC8_2.o)
 .debug_abbrev  0x00003c05       0x90 .\CortexM3\ARM_GCC_493\Debug\CY8CKIT-059_SDR_AM_Radio.a(MON_1.o)
 .debug_abbrev  0x00003c95      0x1d1 .\CortexM3\ARM_GCC_493\Debug\CY8CKIT-059_SDR_AM_Radio.a(CyFlash.o)
 .debug_abbrev  0x00003e66      0x1c1 .\CortexM3\ARM_GCC_493\Debug\CY8CKIT-059_SDR_AM_Radio.a(CySpc.o)

.debug_line     0x00000000     0x5b9f
 *(.debug_line)
 .debug_line    0x00000000      0x13a .\CortexM3\ARM_GCC_493\Debug\croutine.o
 .debug_line    0x0000013a      0x369 .\CortexM3\ARM_GCC_493\Debug\event_groups.o
 .debug_line    0x000004a3      0x1e6 .\CortexM3\ARM_GCC_493\Debug\list.o
 .debug_line    0x00000689      0x290 .\CortexM3\ARM_GCC_493\Debug\port.o
 .debug_line    0x00000919      0x56d .\CortexM3\ARM_GCC_493\Debug\queue.o
 .debug_line    0x00000e86      0x991 .\CortexM3\ARM_GCC_493\Debug\tasks.o
 .debug_line    0x00001817      0x13a .\CortexM3\ARM_GCC_493\Debug\timers.o
 .debug_line    0x00001951      0x296 .\CortexM3\ARM_GCC_493\Debug\heap_2.o
 .debug_line    0x00001be7      0x1dd .\CortexM3\ARM_GCC_493\Debug\rot.o
 .debug_line    0x00001dc4      0x1d6 .\CortexM3\ARM_GCC_493\Debug\I2C_CLCD.o
 .debug_line    0x00001f9a      0x25f .\CortexM3\ARM_GCC_493\Debug\key.o
 .debug_line    0x000021f9      0x461 .\CortexM3\ARM_GCC_493\Debug\main.o
 .debug_line    0x0000265a       0x53 .\CortexM3\ARM_GCC_493\Debug\cymetadata.o
 .debug_line    0x000026ad      0x254 .\CortexM3\ARM_GCC_493\Debug\Cm3Start.o
 .debug_line    0x00002901      0x230 .\CortexM3\ARM_GCC_493\Debug\CY8CKIT-059_SDR_AM_Radio.a(cyfitter_cfg.o)
 .debug_line    0x00002b31       0x92 .\CortexM3\ARM_GCC_493\Debug\CY8CKIT-059_SDR_AM_Radio.a(LED.o)
 .debug_line    0x00002bc3       0x68 .\CortexM3\ARM_GCC_493\Debug\CY8CKIT-059_SDR_AM_Radio.a(CyBootAsmGnu.o)
 .debug_line    0x00002c2b      0x2e5 .\CortexM3\ARM_GCC_493\Debug\CY8CKIT-059_SDR_AM_Radio.a(CyDmac.o)
 .debug_line    0x00002f10      0x806 .\CortexM3\ARM_GCC_493\Debug\CY8CKIT-059_SDR_AM_Radio.a(CyLib.o)
 .debug_line    0x00003716      0x366 .\CortexM3\ARM_GCC_493\Debug\CY8CKIT-059_SDR_AM_Radio.a(cyPm.o)
 .debug_line    0x00003a7c      0x287 .\CortexM3\ARM_GCC_493\Debug\CY8CKIT-059_SDR_AM_Radio.a(SPIM.o)
 .debug_line    0x00003d03       0xa8 .\CortexM3\ARM_GCC_493\Debug\CY8CKIT-059_SDR_AM_Radio.a(SPIM_INT.o)
 .debug_line    0x00003dab      0x167 .\CortexM3\ARM_GCC_493\Debug\CY8CKIT-059_SDR_AM_Radio.a(Comp_1.o)
 .debug_line    0x00003f12      0x1ff .\CortexM3\ARM_GCC_493\Debug\CY8CKIT-059_SDR_AM_Radio.a(ADC_SAR_1.o)
 .debug_line    0x00004111       0x58 .\CortexM3\ARM_GCC_493\Debug\CY8CKIT-059_SDR_AM_Radio.a(ADC_SAR_1_INT.o)
 .debug_line    0x00004169      0x1ff .\CortexM3\ARM_GCC_493\Debug\CY8CKIT-059_SDR_AM_Radio.a(ADC_SAR_2.o)
 .debug_line    0x00004368       0x58 .\CortexM3\ARM_GCC_493\Debug\CY8CKIT-059_SDR_AM_Radio.a(ADC_SAR_2_INT.o)
 .debug_line    0x000043c0       0xe6 .\CortexM3\ARM_GCC_493\Debug\CY8CKIT-059_SDR_AM_Radio.a(VDAC8_1.o)
 .debug_line    0x000044a6       0x9b .\CortexM3\ARM_GCC_493\Debug\CY8CKIT-059_SDR_AM_Radio.a(DMA_1_dma.o)
 .debug_line    0x00004541       0x9b .\CortexM3\ARM_GCC_493\Debug\CY8CKIT-059_SDR_AM_Radio.a(DMA_2_dma.o)
 .debug_line    0x000045dc       0xb8 .\CortexM3\ARM_GCC_493\Debug\CY8CKIT-059_SDR_AM_Radio.a(Mixer_2.o)
 .debug_line    0x00004694       0xb8 .\CortexM3\ARM_GCC_493\Debug\CY8CKIT-059_SDR_AM_Radio.a(Mixer_1.o)
 .debug_line    0x0000474c       0xce .\CortexM3\ARM_GCC_493\Debug\CY8CKIT-059_SDR_AM_Radio.a(PGA_1.o)
 .debug_line    0x0000481a      0x178 .\CortexM3\ARM_GCC_493\Debug\CY8CKIT-059_SDR_AM_Radio.a(Filter_1.o)
 .debug_line    0x00004992       0x78 .\CortexM3\ARM_GCC_493\Debug\CY8CKIT-059_SDR_AM_Radio.a(Filter_1_PVT.o)
 .debug_line    0x00004a0a       0x5a .\CortexM3\ARM_GCC_493\Debug\CY8CKIT-059_SDR_AM_Radio.a(Filter_1_RAM_Data.o)
 .debug_line    0x00004a64      0x150 .\CortexM3\ARM_GCC_493\Debug\CY8CKIT-059_SDR_AM_Radio.a(isr_filter.o)
 .debug_line    0x00004bb4      0x199 .\CortexM3\ARM_GCC_493\Debug\CY8CKIT-059_SDR_AM_Radio.a(ADC_SAR_1_theACLK.o)
 .debug_line    0x00004d4d      0x199 .\CortexM3\ARM_GCC_493\Debug\CY8CKIT-059_SDR_AM_Radio.a(ADC_SAR_2_theACLK.o)
 .debug_line    0x00004ee6       0x97 .\CortexM3\ARM_GCC_493\Debug\CY8CKIT-059_SDR_AM_Radio.a(PI_KEY_0.o)
 .debug_line    0x00004f7d       0x97 .\CortexM3\ARM_GCC_493\Debug\CY8CKIT-059_SDR_AM_Radio.a(PI_KEY_1.o)
 .debug_line    0x00005014       0x94 .\CortexM3\ARM_GCC_493\Debug\CY8CKIT-059_SDR_AM_Radio.a(ROT_B.o)
 .debug_line    0x000050a8       0x94 .\CortexM3\ARM_GCC_493\Debug\CY8CKIT-059_SDR_AM_Radio.a(ROT_A.o)
 .debug_line    0x0000513c       0xe1 .\CortexM3\ARM_GCC_493\Debug\CY8CKIT-059_SDR_AM_Radio.a(I2C_1.o)
 .debug_line    0x0000521d      0x11a .\CortexM3\ARM_GCC_493\Debug\CY8CKIT-059_SDR_AM_Radio.a(I2C_1_INT.o)
 .debug_line    0x00005337       0xc1 .\CortexM3\ARM_GCC_493\Debug\CY8CKIT-059_SDR_AM_Radio.a(I2C_1_PM.o)
 .debug_line    0x000053f8      0x203 .\CortexM3\ARM_GCC_493\Debug\CY8CKIT-059_SDR_AM_Radio.a(I2C_1_MASTER.o)
 .debug_line    0x000055fb       0xe6 .\CortexM3\ARM_GCC_493\Debug\CY8CKIT-059_SDR_AM_Radio.a(VDAC8_2.o)
 .debug_line    0x000056e1       0x94 .\CortexM3\ARM_GCC_493\Debug\CY8CKIT-059_SDR_AM_Radio.a(MON_1.o)
 .debug_line    0x00005775      0x1ec .\CortexM3\ARM_GCC_493\Debug\CY8CKIT-059_SDR_AM_Radio.a(CyFlash.o)
 .debug_line    0x00005961      0x23e .\CortexM3\ARM_GCC_493\Debug\CY8CKIT-059_SDR_AM_Radio.a(CySpc.o)

.debug_frame    0x00000000     0x36ec
 *(.debug_frame)
 .debug_frame   0x00000000      0x148 .\CortexM3\ARM_GCC_493\Debug\event_groups.o
 .debug_frame   0x00000148       0x70 .\CortexM3\ARM_GCC_493\Debug\list.o
 .debug_frame   0x000001b8      0x12c .\CortexM3\ARM_GCC_493\Debug\port.o
 .debug_frame   0x000002e4      0x2f4 .\CortexM3\ARM_GCC_493\Debug\queue.o
 .debug_frame   0x000005d8      0x5c8 .\CortexM3\ARM_GCC_493\Debug\tasks.o
 .debug_frame   0x00000ba0       0x8c .\CortexM3\ARM_GCC_493\Debug\heap_2.o
 .debug_frame   0x00000c2c       0x44 .\CortexM3\ARM_GCC_493\Debug\rot.o
 .debug_frame   0x00000c70      0x1e4 .\CortexM3\ARM_GCC_493\Debug\I2C_CLCD.o
 .debug_frame   0x00000e54       0x58 .\CortexM3\ARM_GCC_493\Debug\key.o
 .debug_frame   0x00000eac      0x150 .\CortexM3\ARM_GCC_493\Debug\main.o
 .debug_frame   0x00000ffc       0xac .\CortexM3\ARM_GCC_493\Debug\Cm3Start.o
 .debug_frame   0x000010a8       0xf8 .\CortexM3\ARM_GCC_493\Debug\CY8CKIT-059_SDR_AM_Radio.a(cyfitter_cfg.o)
 .debug_frame   0x000011a0       0x50 .\CortexM3\ARM_GCC_493\Debug\CY8CKIT-059_SDR_AM_Radio.a(LED.o)
 .debug_frame   0x000011f0      0x1f4 .\CortexM3\ARM_GCC_493\Debug\CY8CKIT-059_SDR_AM_Radio.a(CyDmac.o)
 .debug_frame   0x000013e4      0x728 .\CortexM3\ARM_GCC_493\Debug\CY8CKIT-059_SDR_AM_Radio.a(CyLib.o)
 .debug_frame   0x00001b0c      0x1f8 .\CortexM3\ARM_GCC_493\Debug\CY8CKIT-059_SDR_AM_Radio.a(cyPm.o)
 .debug_frame   0x00001d04      0x260 .\CortexM3\ARM_GCC_493\Debug\CY8CKIT-059_SDR_AM_Radio.a(SPIM.o)
 .debug_frame   0x00001f64       0x30 .\CortexM3\ARM_GCC_493\Debug\CY8CKIT-059_SDR_AM_Radio.a(SPIM_INT.o)
 .debug_frame   0x00001f94      0x108 .\CortexM3\ARM_GCC_493\Debug\CY8CKIT-059_SDR_AM_Radio.a(Comp_1.o)
 .debug_frame   0x0000209c      0x184 .\CortexM3\ARM_GCC_493\Debug\CY8CKIT-059_SDR_AM_Radio.a(ADC_SAR_1.o)
 .debug_frame   0x00002220       0x20 .\CortexM3\ARM_GCC_493\Debug\CY8CKIT-059_SDR_AM_Radio.a(ADC_SAR_1_INT.o)
 .debug_frame   0x00002240      0x188 .\CortexM3\ARM_GCC_493\Debug\CY8CKIT-059_SDR_AM_Radio.a(ADC_SAR_2.o)
 .debug_frame   0x000023c8       0x20 .\CortexM3\ARM_GCC_493\Debug\CY8CKIT-059_SDR_AM_Radio.a(ADC_SAR_2_INT.o)
 .debug_frame   0x000023e8       0xb4 .\CortexM3\ARM_GCC_493\Debug\CY8CKIT-059_SDR_AM_Radio.a(VDAC8_1.o)
 .debug_frame   0x0000249c       0x54 .\CortexM3\ARM_GCC_493\Debug\CY8CKIT-059_SDR_AM_Radio.a(DMA_1_dma.o)
 .debug_frame   0x000024f0       0x54 .\CortexM3\ARM_GCC_493\Debug\CY8CKIT-059_SDR_AM_Radio.a(DMA_2_dma.o)
 .debug_frame   0x00002544       0x78 .\CortexM3\ARM_GCC_493\Debug\CY8CKIT-059_SDR_AM_Radio.a(Mixer_2.o)
 .debug_frame   0x000025bc       0x78 .\CortexM3\ARM_GCC_493\Debug\CY8CKIT-059_SDR_AM_Radio.a(Mixer_1.o)
 .debug_frame   0x00002634       0x9c .\CortexM3\ARM_GCC_493\Debug\CY8CKIT-059_SDR_AM_Radio.a(PGA_1.o)
 .debug_frame   0x000026d0      0x104 .\CortexM3\ARM_GCC_493\Debug\CY8CKIT-059_SDR_AM_Radio.a(Filter_1.o)
 .debug_frame   0x000027d4       0x30 .\CortexM3\ARM_GCC_493\Debug\CY8CKIT-059_SDR_AM_Radio.a(Filter_1_PVT.o)
 .debug_frame   0x00002804      0x104 .\CortexM3\ARM_GCC_493\Debug\CY8CKIT-059_SDR_AM_Radio.a(isr_filter.o)
 .debug_frame   0x00002908       0xe0 .\CortexM3\ARM_GCC_493\Debug\CY8CKIT-059_SDR_AM_Radio.a(ADC_SAR_1_theACLK.o)
 .debug_frame   0x000029e8       0xe0 .\CortexM3\ARM_GCC_493\Debug\CY8CKIT-059_SDR_AM_Radio.a(ADC_SAR_2_theACLK.o)
 .debug_frame   0x00002ac8       0x50 .\CortexM3\ARM_GCC_493\Debug\CY8CKIT-059_SDR_AM_Radio.a(PI_KEY_0.o)
 .debug_frame   0x00002b18       0x50 .\CortexM3\ARM_GCC_493\Debug\CY8CKIT-059_SDR_AM_Radio.a(PI_KEY_1.o)
 .debug_frame   0x00002b68       0x50 .\CortexM3\ARM_GCC_493\Debug\CY8CKIT-059_SDR_AM_Radio.a(ROT_B.o)
 .debug_frame   0x00002bb8       0x50 .\CortexM3\ARM_GCC_493\Debug\CY8CKIT-059_SDR_AM_Radio.a(ROT_A.o)
 .debug_frame   0x00002c08       0x90 .\CortexM3\ARM_GCC_493\Debug\CY8CKIT-059_SDR_AM_Radio.a(I2C_1.o)
 .debug_frame   0x00002c98       0x30 .\CortexM3\ARM_GCC_493\Debug\CY8CKIT-059_SDR_AM_Radio.a(I2C_1_INT.o)
 .debug_frame   0x00002cc8       0x74 .\CortexM3\ARM_GCC_493\Debug\CY8CKIT-059_SDR_AM_Radio.a(I2C_1_PM.o)
 .debug_frame   0x00002d3c      0x138 .\CortexM3\ARM_GCC_493\Debug\CY8CKIT-059_SDR_AM_Radio.a(I2C_1_MASTER.o)
 .debug_frame   0x00002e74       0xb4 .\CortexM3\ARM_GCC_493\Debug\CY8CKIT-059_SDR_AM_Radio.a(VDAC8_2.o)
 .debug_frame   0x00002f28       0x50 .\CortexM3\ARM_GCC_493\Debug\CY8CKIT-059_SDR_AM_Radio.a(MON_1.o)
 .debug_frame   0x00002f78      0x174 .\CortexM3\ARM_GCC_493\Debug\CY8CKIT-059_SDR_AM_Radio.a(CyFlash.o)
 .debug_frame   0x000030ec      0x160 .\CortexM3\ARM_GCC_493\Debug\CY8CKIT-059_SDR_AM_Radio.a(CySpc.o)
 .debug_frame   0x0000324c       0x28 c:/program files (x86)/cypress/psoc creator/3.3/psoc creator/import/gnu/arm/4.9.3/bin/../lib/gcc/arm-none-eabi/4.9.3/armv7-m\libgcc.a(_aeabi_ldivmod.o)
 .debug_frame   0x00003274       0x54 c:/program files (x86)/cypress/psoc creator/3.3/psoc creator/import/gnu/arm/4.9.3/bin/../lib/gcc/arm-none-eabi/4.9.3/armv7-m\libgcc.a(bpabi.o)
 .debug_frame   0x000032c8       0x34 c:/program files (x86)/cypress/psoc creator/3.3/psoc creator/import/gnu/arm/4.9.3/bin/../lib/gcc/arm-none-eabi/4.9.3/armv7-m\libgcc.a(_divdi3.o)
 .debug_frame   0x000032fc       0x34 c:/program files (x86)/cypress/psoc creator/3.3/psoc creator/import/gnu/arm/4.9.3/bin/../lib/gcc/arm-none-eabi/4.9.3/armv7-m\libgcc.a(_udivdi3.o)
 .debug_frame   0x00003330       0x20 c:/program files (x86)/cypress/psoc creator/3.3/psoc creator/import/gnu/arm/4.9.3/bin/../lib/gcc/arm-none-eabi/4.9.3/../../../../arm-none-eabi/lib/armv7-m\libg_nano.a(lib_a-errno.o)
 .debug_frame   0x00003350       0x28 c:/program files (x86)/cypress/psoc creator/3.3/psoc creator/import/gnu/arm/4.9.3/bin/../lib/gcc/arm-none-eabi/4.9.3/../../../../arm-none-eabi/lib/armv7-m\libg_nano.a(lib_a-exit.o)
 .debug_frame   0x00003378       0x2c c:/program files (x86)/cypress/psoc creator/3.3/psoc creator/import/gnu/arm/4.9.3/bin/../lib/gcc/arm-none-eabi/4.9.3/../../../../arm-none-eabi/lib/armv7-m\libg_nano.a(lib_a-init.o)
 .debug_frame   0x000033a4       0x28 c:/program files (x86)/cypress/psoc creator/3.3/psoc creator/import/gnu/arm/4.9.3/bin/../lib/gcc/arm-none-eabi/4.9.3/../../../../arm-none-eabi/lib/armv7-m\libg_nano.a(lib_a-memcpy.o)
 .debug_frame   0x000033cc       0x20 c:/program files (x86)/cypress/psoc creator/3.3/psoc creator/import/gnu/arm/4.9.3/bin/../lib/gcc/arm-none-eabi/4.9.3/../../../../arm-none-eabi/lib/armv7-m\libg_nano.a(lib_a-memset.o)
 .debug_frame   0x000033ec       0x70 c:/program files (x86)/cypress/psoc creator/3.3/psoc creator/import/gnu/arm/4.9.3/bin/../lib/gcc/arm-none-eabi/4.9.3/../../../../arm-none-eabi/lib/armv7-m\libg_nano.a(lib_a-sprintf.o)
 .debug_frame   0x0000345c       0x20 c:/program files (x86)/cypress/psoc creator/3.3/psoc creator/import/gnu/arm/4.9.3/bin/../lib/gcc/arm-none-eabi/4.9.3/../../../../arm-none-eabi/lib/armv7-m\libg_nano.a(lib_a-strcpy.o)
 .debug_frame   0x0000347c       0x8c c:/program files (x86)/cypress/psoc creator/3.3/psoc creator/import/gnu/arm/4.9.3/bin/../lib/gcc/arm-none-eabi/4.9.3/../../../../arm-none-eabi/lib/armv7-m\libg_nano.a(lib_a-nano-svfprintf.o)
 .debug_frame   0x00003508       0x58 c:/program files (x86)/cypress/psoc creator/3.3/psoc creator/import/gnu/arm/4.9.3/bin/../lib/gcc/arm-none-eabi/4.9.3/../../../../arm-none-eabi/lib/armv7-m\libg_nano.a(lib_a-nano-vfprintf_i.o)
 .debug_frame   0x00003560       0x28 c:/program files (x86)/cypress/psoc creator/3.3/psoc creator/import/gnu/arm/4.9.3/bin/../lib/gcc/arm-none-eabi/4.9.3/../../../../arm-none-eabi/lib/armv7-m\libg_nano.a(lib_a-memchr.o)
 .debug_frame   0x00003588       0x28 c:/program files (x86)/cypress/psoc creator/3.3/psoc creator/import/gnu/arm/4.9.3/bin/../lib/gcc/arm-none-eabi/4.9.3/../../../../arm-none-eabi/lib/armv7-m\libg_nano.a(lib_a-memmove.o)
 .debug_frame   0x000035b0       0x2c c:/program files (x86)/cypress/psoc creator/3.3/psoc creator/import/gnu/arm/4.9.3/bin/../lib/gcc/arm-none-eabi/4.9.3/../../../../arm-none-eabi/lib/armv7-m\libg_nano.a(lib_a-nano-freer.o)
 .debug_frame   0x000035dc       0x2c c:/program files (x86)/cypress/psoc creator/3.3/psoc creator/import/gnu/arm/4.9.3/bin/../lib/gcc/arm-none-eabi/4.9.3/../../../../arm-none-eabi/lib/armv7-m\libg_nano.a(lib_a-nano-mallocr.o)
 .debug_frame   0x00003608       0x3c c:/program files (x86)/cypress/psoc creator/3.3/psoc creator/import/gnu/arm/4.9.3/bin/../lib/gcc/arm-none-eabi/4.9.3/../../../../arm-none-eabi/lib/armv7-m\libg_nano.a(lib_a-nano-reallocr.o)
 .debug_frame   0x00003644       0x2c c:/program files (x86)/cypress/psoc creator/3.3/psoc creator/import/gnu/arm/4.9.3/bin/../lib/gcc/arm-none-eabi/4.9.3/../../../../arm-none-eabi/lib/armv7-m\libg_nano.a(lib_a-sbrkr.o)