ARM GAS  C:\Users\koseki\AppData\Local\Temp\cc2L4uFX.s 			page 1


   1              		.syntax unified
   2              		.cpu cortex-m3
   3              		.fpu softvfp
   4              		.eabi_attribute 20, 1
   5              		.eabi_attribute 21, 1
   6              		.eabi_attribute 23, 3
   7              		.eabi_attribute 24, 1
   8              		.eabi_attribute 25, 1
   9              		.eabi_attribute 26, 1
  10              		.eabi_attribute 30, 1
  11              		.eabi_attribute 34, 1
  12              		.eabi_attribute 18, 4
  13              		.thumb
  14              		.file	"SPIM_1_PM.c"
  15              		.text
  16              	.Ltext0:
  17              		.cfi_sections	.debug_frame
  18              		.section	.text.SPIM_1_SaveConfig,"ax",%progbits
  19              		.align	2
  20              		.global	SPIM_1_SaveConfig
  21              		.thumb
  22              		.thumb_func
  23              		.type	SPIM_1_SaveConfig, %function
  24              	SPIM_1_SaveConfig:
  25              	.LFB0:
  26              		.file 1 ".\\Generated_Source\\PSoC5\\SPIM_1_PM.c"
   1:.\Generated_Source\PSoC5/SPIM_1_PM.c **** /*******************************************************************************
   2:.\Generated_Source\PSoC5/SPIM_1_PM.c **** * File Name: SPIM_1_PM.c
   3:.\Generated_Source\PSoC5/SPIM_1_PM.c **** * Version 2.50
   4:.\Generated_Source\PSoC5/SPIM_1_PM.c **** *
   5:.\Generated_Source\PSoC5/SPIM_1_PM.c **** * Description:
   6:.\Generated_Source\PSoC5/SPIM_1_PM.c **** *  This file contains the setup, control and status commands to support
   7:.\Generated_Source\PSoC5/SPIM_1_PM.c **** *  component operations in low power mode.
   8:.\Generated_Source\PSoC5/SPIM_1_PM.c **** *
   9:.\Generated_Source\PSoC5/SPIM_1_PM.c **** * Note:
  10:.\Generated_Source\PSoC5/SPIM_1_PM.c **** *
  11:.\Generated_Source\PSoC5/SPIM_1_PM.c **** ********************************************************************************
  12:.\Generated_Source\PSoC5/SPIM_1_PM.c **** * Copyright 2008-2015, Cypress Semiconductor Corporation.  All rights reserved.
  13:.\Generated_Source\PSoC5/SPIM_1_PM.c **** * You may use this file only in accordance with the license, terms, conditions,
  14:.\Generated_Source\PSoC5/SPIM_1_PM.c **** * disclaimers, and limitations in the end user license agreement accompanying
  15:.\Generated_Source\PSoC5/SPIM_1_PM.c **** * the software package with which this file was provided.
  16:.\Generated_Source\PSoC5/SPIM_1_PM.c **** *******************************************************************************/
  17:.\Generated_Source\PSoC5/SPIM_1_PM.c **** 
  18:.\Generated_Source\PSoC5/SPIM_1_PM.c **** #include "SPIM_1_PVT.h"
  19:.\Generated_Source\PSoC5/SPIM_1_PM.c **** 
  20:.\Generated_Source\PSoC5/SPIM_1_PM.c **** static SPIM_1_BACKUP_STRUCT SPIM_1_backup =
  21:.\Generated_Source\PSoC5/SPIM_1_PM.c **** {
  22:.\Generated_Source\PSoC5/SPIM_1_PM.c ****     SPIM_1_DISABLED,
  23:.\Generated_Source\PSoC5/SPIM_1_PM.c ****     SPIM_1_BITCTR_INIT,
  24:.\Generated_Source\PSoC5/SPIM_1_PM.c **** };
  25:.\Generated_Source\PSoC5/SPIM_1_PM.c **** 
  26:.\Generated_Source\PSoC5/SPIM_1_PM.c **** 
  27:.\Generated_Source\PSoC5/SPIM_1_PM.c **** /*******************************************************************************
  28:.\Generated_Source\PSoC5/SPIM_1_PM.c **** * Function Name: SPIM_1_SaveConfig
  29:.\Generated_Source\PSoC5/SPIM_1_PM.c **** ********************************************************************************
  30:.\Generated_Source\PSoC5/SPIM_1_PM.c **** *
  31:.\Generated_Source\PSoC5/SPIM_1_PM.c **** * Summary:
ARM GAS  C:\Users\koseki\AppData\Local\Temp\cc2L4uFX.s 			page 2


  32:.\Generated_Source\PSoC5/SPIM_1_PM.c **** *  Empty function. Included for consistency with other components.
  33:.\Generated_Source\PSoC5/SPIM_1_PM.c **** *
  34:.\Generated_Source\PSoC5/SPIM_1_PM.c **** * Parameters:
  35:.\Generated_Source\PSoC5/SPIM_1_PM.c **** *  None.
  36:.\Generated_Source\PSoC5/SPIM_1_PM.c **** *
  37:.\Generated_Source\PSoC5/SPIM_1_PM.c **** * Return:
  38:.\Generated_Source\PSoC5/SPIM_1_PM.c **** *  None.
  39:.\Generated_Source\PSoC5/SPIM_1_PM.c **** *
  40:.\Generated_Source\PSoC5/SPIM_1_PM.c **** *******************************************************************************/
  41:.\Generated_Source\PSoC5/SPIM_1_PM.c **** void SPIM_1_SaveConfig(void) 
  42:.\Generated_Source\PSoC5/SPIM_1_PM.c **** {
  27              		.loc 1 42 0
  28              		.cfi_startproc
  29              		@ args = 0, pretend = 0, frame = 0
  30              		@ frame_needed = 0, uses_anonymous_args = 0
  31              		@ link register save eliminated.
  32 0000 7047     		bx	lr
  33              		.cfi_endproc
  34              	.LFE0:
  35              		.size	SPIM_1_SaveConfig, .-SPIM_1_SaveConfig
  36 0002 00BF     		.section	.text.SPIM_1_RestoreConfig,"ax",%progbits
  37              		.align	2
  38              		.global	SPIM_1_RestoreConfig
  39              		.thumb
  40              		.thumb_func
  41              		.type	SPIM_1_RestoreConfig, %function
  42              	SPIM_1_RestoreConfig:
  43              	.LFB1:
  43:.\Generated_Source\PSoC5/SPIM_1_PM.c **** 
  44:.\Generated_Source\PSoC5/SPIM_1_PM.c **** }
  45:.\Generated_Source\PSoC5/SPIM_1_PM.c **** 
  46:.\Generated_Source\PSoC5/SPIM_1_PM.c **** 
  47:.\Generated_Source\PSoC5/SPIM_1_PM.c **** /*******************************************************************************
  48:.\Generated_Source\PSoC5/SPIM_1_PM.c **** * Function Name: SPIM_1_RestoreConfig
  49:.\Generated_Source\PSoC5/SPIM_1_PM.c **** ********************************************************************************
  50:.\Generated_Source\PSoC5/SPIM_1_PM.c **** *
  51:.\Generated_Source\PSoC5/SPIM_1_PM.c **** * Summary:
  52:.\Generated_Source\PSoC5/SPIM_1_PM.c **** *  Empty function. Included for consistency with other components.
  53:.\Generated_Source\PSoC5/SPIM_1_PM.c **** *
  54:.\Generated_Source\PSoC5/SPIM_1_PM.c **** * Parameters:
  55:.\Generated_Source\PSoC5/SPIM_1_PM.c **** *  None.
  56:.\Generated_Source\PSoC5/SPIM_1_PM.c **** *
  57:.\Generated_Source\PSoC5/SPIM_1_PM.c **** * Return:
  58:.\Generated_Source\PSoC5/SPIM_1_PM.c **** *  None.
  59:.\Generated_Source\PSoC5/SPIM_1_PM.c **** *
  60:.\Generated_Source\PSoC5/SPIM_1_PM.c **** *******************************************************************************/
  61:.\Generated_Source\PSoC5/SPIM_1_PM.c **** void SPIM_1_RestoreConfig(void) 
  62:.\Generated_Source\PSoC5/SPIM_1_PM.c **** {
  44              		.loc 1 62 0
  45              		.cfi_startproc
  46              		@ args = 0, pretend = 0, frame = 0
  47              		@ frame_needed = 0, uses_anonymous_args = 0
  48              		@ link register save eliminated.
  49 0000 7047     		bx	lr
  50              		.cfi_endproc
  51              	.LFE1:
  52              		.size	SPIM_1_RestoreConfig, .-SPIM_1_RestoreConfig
ARM GAS  C:\Users\koseki\AppData\Local\Temp\cc2L4uFX.s 			page 3


  53 0002 00BF     		.section	.text.SPIM_1_Sleep,"ax",%progbits
  54              		.align	2
  55              		.global	SPIM_1_Sleep
  56              		.thumb
  57              		.thumb_func
  58              		.type	SPIM_1_Sleep, %function
  59              	SPIM_1_Sleep:
  60              	.LFB2:
  63:.\Generated_Source\PSoC5/SPIM_1_PM.c **** 
  64:.\Generated_Source\PSoC5/SPIM_1_PM.c **** }
  65:.\Generated_Source\PSoC5/SPIM_1_PM.c **** 
  66:.\Generated_Source\PSoC5/SPIM_1_PM.c **** 
  67:.\Generated_Source\PSoC5/SPIM_1_PM.c **** /*******************************************************************************
  68:.\Generated_Source\PSoC5/SPIM_1_PM.c **** * Function Name: SPIM_1_Sleep
  69:.\Generated_Source\PSoC5/SPIM_1_PM.c **** ********************************************************************************
  70:.\Generated_Source\PSoC5/SPIM_1_PM.c **** *
  71:.\Generated_Source\PSoC5/SPIM_1_PM.c **** * Summary:
  72:.\Generated_Source\PSoC5/SPIM_1_PM.c **** *  Prepare SPIM Component goes to sleep.
  73:.\Generated_Source\PSoC5/SPIM_1_PM.c **** *
  74:.\Generated_Source\PSoC5/SPIM_1_PM.c **** * Parameters:
  75:.\Generated_Source\PSoC5/SPIM_1_PM.c **** *  None.
  76:.\Generated_Source\PSoC5/SPIM_1_PM.c **** *
  77:.\Generated_Source\PSoC5/SPIM_1_PM.c **** * Return:
  78:.\Generated_Source\PSoC5/SPIM_1_PM.c **** *  None.
  79:.\Generated_Source\PSoC5/SPIM_1_PM.c **** *
  80:.\Generated_Source\PSoC5/SPIM_1_PM.c **** * Global Variables:
  81:.\Generated_Source\PSoC5/SPIM_1_PM.c **** *  SPIM_1_backup - modified when non-retention registers are saved.
  82:.\Generated_Source\PSoC5/SPIM_1_PM.c **** *
  83:.\Generated_Source\PSoC5/SPIM_1_PM.c **** * Reentrant:
  84:.\Generated_Source\PSoC5/SPIM_1_PM.c **** *  No.
  85:.\Generated_Source\PSoC5/SPIM_1_PM.c **** *
  86:.\Generated_Source\PSoC5/SPIM_1_PM.c **** *******************************************************************************/
  87:.\Generated_Source\PSoC5/SPIM_1_PM.c **** void SPIM_1_Sleep(void) 
  88:.\Generated_Source\PSoC5/SPIM_1_PM.c **** {
  61              		.loc 1 88 0
  62              		.cfi_startproc
  63              		@ args = 0, pretend = 0, frame = 0
  64              		@ frame_needed = 0, uses_anonymous_args = 0
  65              		.loc 1 88 0
  66 0000 08B5     		push	{r3, lr}
  67              		.cfi_def_cfa_offset 8
  68              		.cfi_offset 3, -8
  69              		.cfi_offset 14, -4
  89:.\Generated_Source\PSoC5/SPIM_1_PM.c ****     /* Save components enable state */
  90:.\Generated_Source\PSoC5/SPIM_1_PM.c ****     SPIM_1_backup.enableState = ((uint8) SPIM_1_IS_ENABLED);
  70              		.loc 1 90 0
  71 0002 044B     		ldr	r3, .L5
  72 0004 1B78     		ldrb	r3, [r3]	@ zero_extendqisi2
  73 0006 C3F30013 		ubfx	r3, r3, #4, #1
  74 000a 034A     		ldr	r2, .L5+4
  75 000c 1370     		strb	r3, [r2]
  91:.\Generated_Source\PSoC5/SPIM_1_PM.c **** 
  92:.\Generated_Source\PSoC5/SPIM_1_PM.c ****     SPIM_1_Stop();
  76              		.loc 1 92 0
  77 000e FFF7FEFF 		bl	SPIM_1_Stop
  78              	.LVL0:
  79 0012 08BD     		pop	{r3, pc}
ARM GAS  C:\Users\koseki\AppData\Local\Temp\cc2L4uFX.s 			page 4


  80              	.L6:
  81              		.align	2
  82              	.L5:
  83 0014 96650040 		.word	1073767830
  84 0018 00000000 		.word	.LANCHOR0
  85              		.cfi_endproc
  86              	.LFE2:
  87              		.size	SPIM_1_Sleep, .-SPIM_1_Sleep
  88              		.section	.text.SPIM_1_Wakeup,"ax",%progbits
  89              		.align	2
  90              		.global	SPIM_1_Wakeup
  91              		.thumb
  92              		.thumb_func
  93              		.type	SPIM_1_Wakeup, %function
  94              	SPIM_1_Wakeup:
  95              	.LFB3:
  93:.\Generated_Source\PSoC5/SPIM_1_PM.c **** }
  94:.\Generated_Source\PSoC5/SPIM_1_PM.c **** 
  95:.\Generated_Source\PSoC5/SPIM_1_PM.c **** 
  96:.\Generated_Source\PSoC5/SPIM_1_PM.c **** /*******************************************************************************
  97:.\Generated_Source\PSoC5/SPIM_1_PM.c **** * Function Name: SPIM_1_Wakeup
  98:.\Generated_Source\PSoC5/SPIM_1_PM.c **** ********************************************************************************
  99:.\Generated_Source\PSoC5/SPIM_1_PM.c **** *
 100:.\Generated_Source\PSoC5/SPIM_1_PM.c **** * Summary:
 101:.\Generated_Source\PSoC5/SPIM_1_PM.c **** *  Prepare SPIM Component to wake up.
 102:.\Generated_Source\PSoC5/SPIM_1_PM.c **** *
 103:.\Generated_Source\PSoC5/SPIM_1_PM.c **** * Parameters:
 104:.\Generated_Source\PSoC5/SPIM_1_PM.c **** *  None.
 105:.\Generated_Source\PSoC5/SPIM_1_PM.c **** *
 106:.\Generated_Source\PSoC5/SPIM_1_PM.c **** * Return:
 107:.\Generated_Source\PSoC5/SPIM_1_PM.c **** *  None.
 108:.\Generated_Source\PSoC5/SPIM_1_PM.c **** *
 109:.\Generated_Source\PSoC5/SPIM_1_PM.c **** * Global Variables:
 110:.\Generated_Source\PSoC5/SPIM_1_PM.c **** *  SPIM_1_backup - used when non-retention registers are restored.
 111:.\Generated_Source\PSoC5/SPIM_1_PM.c **** *  SPIM_1_txBufferWrite - modified every function call - resets to
 112:.\Generated_Source\PSoC5/SPIM_1_PM.c **** *  zero.
 113:.\Generated_Source\PSoC5/SPIM_1_PM.c **** *  SPIM_1_txBufferRead - modified every function call - resets to
 114:.\Generated_Source\PSoC5/SPIM_1_PM.c **** *  zero.
 115:.\Generated_Source\PSoC5/SPIM_1_PM.c **** *  SPIM_1_rxBufferWrite - modified every function call - resets to
 116:.\Generated_Source\PSoC5/SPIM_1_PM.c **** *  zero.
 117:.\Generated_Source\PSoC5/SPIM_1_PM.c **** *  SPIM_1_rxBufferRead - modified every function call - resets to
 118:.\Generated_Source\PSoC5/SPIM_1_PM.c **** *  zero.
 119:.\Generated_Source\PSoC5/SPIM_1_PM.c **** *
 120:.\Generated_Source\PSoC5/SPIM_1_PM.c **** * Reentrant:
 121:.\Generated_Source\PSoC5/SPIM_1_PM.c **** *  No.
 122:.\Generated_Source\PSoC5/SPIM_1_PM.c **** *
 123:.\Generated_Source\PSoC5/SPIM_1_PM.c **** *******************************************************************************/
 124:.\Generated_Source\PSoC5/SPIM_1_PM.c **** void SPIM_1_Wakeup(void) 
 125:.\Generated_Source\PSoC5/SPIM_1_PM.c **** {
  96              		.loc 1 125 0
  97              		.cfi_startproc
  98              		@ args = 0, pretend = 0, frame = 0
  99              		@ frame_needed = 0, uses_anonymous_args = 0
 100 0000 08B5     		push	{r3, lr}
 101              		.cfi_def_cfa_offset 8
 102              		.cfi_offset 3, -8
 103              		.cfi_offset 14, -4
ARM GAS  C:\Users\koseki\AppData\Local\Temp\cc2L4uFX.s 			page 5


 126:.\Generated_Source\PSoC5/SPIM_1_PM.c ****     #if(SPIM_1_RX_SOFTWARE_BUF_ENABLED)
 127:.\Generated_Source\PSoC5/SPIM_1_PM.c ****         SPIM_1_rxBufferFull  = 0u;
 104              		.loc 1 127 0
 105 0002 0023     		movs	r3, #0
 106 0004 094A     		ldr	r2, .L10
 107 0006 1370     		strb	r3, [r2]
 128:.\Generated_Source\PSoC5/SPIM_1_PM.c ****         SPIM_1_rxBufferRead  = 0u;
 108              		.loc 1 128 0
 109 0008 094A     		ldr	r2, .L10+4
 110 000a 1370     		strb	r3, [r2]
 129:.\Generated_Source\PSoC5/SPIM_1_PM.c ****         SPIM_1_rxBufferWrite = 0u;
 111              		.loc 1 129 0
 112 000c 094A     		ldr	r2, .L10+8
 113 000e 1370     		strb	r3, [r2]
 130:.\Generated_Source\PSoC5/SPIM_1_PM.c ****     #endif /* (SPIM_1_RX_SOFTWARE_BUF_ENABLED) */
 131:.\Generated_Source\PSoC5/SPIM_1_PM.c **** 
 132:.\Generated_Source\PSoC5/SPIM_1_PM.c ****     #if(SPIM_1_TX_SOFTWARE_BUF_ENABLED)
 133:.\Generated_Source\PSoC5/SPIM_1_PM.c ****         SPIM_1_txBufferFull  = 0u;
 114              		.loc 1 133 0
 115 0010 094A     		ldr	r2, .L10+12
 116 0012 1370     		strb	r3, [r2]
 134:.\Generated_Source\PSoC5/SPIM_1_PM.c ****         SPIM_1_txBufferRead  = 0u;
 117              		.loc 1 134 0
 118 0014 094A     		ldr	r2, .L10+16
 119 0016 1370     		strb	r3, [r2]
 135:.\Generated_Source\PSoC5/SPIM_1_PM.c ****         SPIM_1_txBufferWrite = 0u;
 120              		.loc 1 135 0
 121 0018 094A     		ldr	r2, .L10+20
 122 001a 1370     		strb	r3, [r2]
 136:.\Generated_Source\PSoC5/SPIM_1_PM.c ****     #endif /* (SPIM_1_TX_SOFTWARE_BUF_ENABLED) */
 137:.\Generated_Source\PSoC5/SPIM_1_PM.c **** 
 138:.\Generated_Source\PSoC5/SPIM_1_PM.c ****     /* Clear any data from the RX and TX FIFO */
 139:.\Generated_Source\PSoC5/SPIM_1_PM.c ****     SPIM_1_ClearFIFO();
 123              		.loc 1 139 0
 124 001c FFF7FEFF 		bl	SPIM_1_ClearFIFO
 125              	.LVL1:
 140:.\Generated_Source\PSoC5/SPIM_1_PM.c **** 
 141:.\Generated_Source\PSoC5/SPIM_1_PM.c ****     /* Restore components block enable state */
 142:.\Generated_Source\PSoC5/SPIM_1_PM.c ****     if(0u != SPIM_1_backup.enableState)
 126              		.loc 1 142 0
 127 0020 084B     		ldr	r3, .L10+24
 128 0022 1B78     		ldrb	r3, [r3]	@ zero_extendqisi2
 129 0024 0BB1     		cbz	r3, .L7
 143:.\Generated_Source\PSoC5/SPIM_1_PM.c ****     {
 144:.\Generated_Source\PSoC5/SPIM_1_PM.c ****         SPIM_1_Enable();
 130              		.loc 1 144 0
 131 0026 FFF7FEFF 		bl	SPIM_1_Enable
 132              	.LVL2:
 133              	.L7:
 134 002a 08BD     		pop	{r3, pc}
 135              	.L11:
 136              		.align	2
 137              	.L10:
 138 002c 00000000 		.word	SPIM_1_rxBufferFull
 139 0030 00000000 		.word	SPIM_1_rxBufferRead
 140 0034 00000000 		.word	SPIM_1_rxBufferWrite
 141 0038 00000000 		.word	SPIM_1_txBufferFull
ARM GAS  C:\Users\koseki\AppData\Local\Temp\cc2L4uFX.s 			page 6


 142 003c 00000000 		.word	SPIM_1_txBufferRead
 143 0040 00000000 		.word	SPIM_1_txBufferWrite
 144 0044 00000000 		.word	.LANCHOR0
 145              		.cfi_endproc
 146              	.LFE3:
 147              		.size	SPIM_1_Wakeup, .-SPIM_1_Wakeup
 148              		.data
 149              		.align	2
 150              		.set	.LANCHOR0,. + 0
 151              		.type	SPIM_1_backup, %object
 152              		.size	SPIM_1_backup, 2
 153              	SPIM_1_backup:
 154 0000 00       		.byte	0
 155 0001 0F       		.byte	15
 156 0002 0000     		.text
 157              	.Letext0:
 158              		.file 2 ".\\Generated_Source\\PSoC5\\cytypes.h"
 159              		.file 3 ".\\Generated_Source\\PSoC5\\SPIM_1.h"
 160              		.file 4 ".\\Generated_Source\\PSoC5\\SPIM_1_PVT.h"
 161              		.section	.debug_info,"",%progbits
 162              	.Ldebug_info0:
 163 0000 9E010000 		.4byte	0x19e
 164 0004 0400     		.2byte	0x4
 165 0006 00000000 		.4byte	.Ldebug_abbrev0
 166 000a 04       		.byte	0x4
 167 000b 01       		.uleb128 0x1
 168 000c 54010000 		.4byte	.LASF31
 169 0010 01       		.byte	0x1
 170 0011 75020000 		.4byte	.LASF32
 171 0015 6E000000 		.4byte	.LASF33
 172 0019 00000000 		.4byte	.Ldebug_ranges0+0
 173 001d 00000000 		.4byte	0
 174 0021 00000000 		.4byte	.Ldebug_line0
 175 0025 02       		.uleb128 0x2
 176 0026 01       		.byte	0x1
 177 0027 06       		.byte	0x6
 178 0028 BC020000 		.4byte	.LASF0
 179 002c 02       		.uleb128 0x2
 180 002d 01       		.byte	0x1
 181 002e 08       		.byte	0x8
 182 002f CC000000 		.4byte	.LASF1
 183 0033 02       		.uleb128 0x2
 184 0034 02       		.byte	0x2
 185 0035 05       		.byte	0x5
 186 0036 6B020000 		.4byte	.LASF2
 187 003a 02       		.uleb128 0x2
 188 003b 02       		.byte	0x2
 189 003c 07       		.byte	0x7
 190 003d 34000000 		.4byte	.LASF3
 191 0041 02       		.uleb128 0x2
 192 0042 04       		.byte	0x4
 193 0043 05       		.byte	0x5
 194 0044 A7020000 		.4byte	.LASF4
 195 0048 02       		.uleb128 0x2
 196 0049 04       		.byte	0x4
 197 004a 07       		.byte	0x7
 198 004b DF000000 		.4byte	.LASF5
ARM GAS  C:\Users\koseki\AppData\Local\Temp\cc2L4uFX.s 			page 7


 199 004f 02       		.uleb128 0x2
 200 0050 08       		.byte	0x8
 201 0051 05       		.byte	0x5
 202 0052 4C020000 		.4byte	.LASF6
 203 0056 02       		.uleb128 0x2
 204 0057 08       		.byte	0x8
 205 0058 07       		.byte	0x7
 206 0059 18020000 		.4byte	.LASF7
 207 005d 03       		.uleb128 0x3
 208 005e 04       		.byte	0x4
 209 005f 05       		.byte	0x5
 210 0060 696E7400 		.ascii	"int\000"
 211 0064 02       		.uleb128 0x2
 212 0065 04       		.byte	0x4
 213 0066 07       		.byte	0x7
 214 0067 F6010000 		.4byte	.LASF8
 215 006b 04       		.uleb128 0x4
 216 006c F1000000 		.4byte	.LASF12
 217 0070 02       		.byte	0x2
 218 0071 3801     		.2byte	0x138
 219 0073 2C000000 		.4byte	0x2c
 220 0077 02       		.uleb128 0x2
 221 0078 04       		.byte	0x4
 222 0079 04       		.byte	0x4
 223 007a C6000000 		.4byte	.LASF9
 224 007e 02       		.uleb128 0x2
 225 007f 08       		.byte	0x8
 226 0080 04       		.byte	0x4
 227 0081 1F010000 		.4byte	.LASF10
 228 0085 02       		.uleb128 0x2
 229 0086 01       		.byte	0x1
 230 0087 08       		.byte	0x8
 231 0088 5A020000 		.4byte	.LASF11
 232 008c 04       		.uleb128 0x4
 233 008d DA000000 		.4byte	.LASF13
 234 0091 02       		.byte	0x2
 235 0092 E201     		.2byte	0x1e2
 236 0094 98000000 		.4byte	0x98
 237 0098 05       		.uleb128 0x5
 238 0099 6B000000 		.4byte	0x6b
 239 009d 02       		.uleb128 0x2
 240 009e 04       		.byte	0x4
 241 009f 07       		.byte	0x7
 242 00a0 43020000 		.4byte	.LASF14
 243 00a4 06       		.uleb128 0x6
 244 00a5 02       		.byte	0x2
 245 00a6 03       		.byte	0x3
 246 00a7 46       		.byte	0x46
 247 00a8 C5000000 		.4byte	0xc5
 248 00ac 07       		.uleb128 0x7
 249 00ad B0020000 		.4byte	.LASF15
 250 00b1 03       		.byte	0x3
 251 00b2 48       		.byte	0x48
 252 00b3 6B000000 		.4byte	0x6b
 253 00b7 00       		.byte	0
 254 00b8 07       		.uleb128 0x7
 255 00b9 49010000 		.4byte	.LASF16
ARM GAS  C:\Users\koseki\AppData\Local\Temp\cc2L4uFX.s 			page 8


 256 00bd 03       		.byte	0x3
 257 00be 49       		.byte	0x49
 258 00bf 6B000000 		.4byte	0x6b
 259 00c3 01       		.byte	0x1
 260 00c4 00       		.byte	0
 261 00c5 08       		.uleb128 0x8
 262 00c6 03020000 		.4byte	.LASF17
 263 00ca 03       		.byte	0x3
 264 00cb 4A       		.byte	0x4a
 265 00cc A4000000 		.4byte	0xa4
 266 00d0 09       		.uleb128 0x9
 267 00d1 5C000000 		.4byte	.LASF18
 268 00d5 01       		.byte	0x1
 269 00d6 29       		.byte	0x29
 270 00d7 00000000 		.4byte	.LFB0
 271 00db 02000000 		.4byte	.LFE0-.LFB0
 272 00df 01       		.uleb128 0x1
 273 00e0 9C       		.byte	0x9c
 274 00e1 09       		.uleb128 0x9
 275 00e2 00000000 		.4byte	.LASF19
 276 00e6 01       		.byte	0x1
 277 00e7 3D       		.byte	0x3d
 278 00e8 00000000 		.4byte	.LFB1
 279 00ec 02000000 		.4byte	.LFE1-.LFB1
 280 00f0 01       		.uleb128 0x1
 281 00f1 9C       		.byte	0x9c
 282 00f2 0A       		.uleb128 0xa
 283 00f3 9A020000 		.4byte	.LASF20
 284 00f7 01       		.byte	0x1
 285 00f8 57       		.byte	0x57
 286 00f9 00000000 		.4byte	.LFB2
 287 00fd 1C000000 		.4byte	.LFE2-.LFB2
 288 0101 01       		.uleb128 0x1
 289 0102 9C       		.byte	0x9c
 290 0103 11010000 		.4byte	0x111
 291 0107 0B       		.uleb128 0xb
 292 0108 12000000 		.4byte	.LVL0
 293 010c 8C010000 		.4byte	0x18c
 294 0110 00       		.byte	0
 295 0111 0A       		.uleb128 0xa
 296 0112 3B010000 		.4byte	.LASF21
 297 0116 01       		.byte	0x1
 298 0117 7C       		.byte	0x7c
 299 0118 00000000 		.4byte	.LFB3
 300 011c 48000000 		.4byte	.LFE3-.LFB3
 301 0120 01       		.uleb128 0x1
 302 0121 9C       		.byte	0x9c
 303 0122 39010000 		.4byte	0x139
 304 0126 0B       		.uleb128 0xb
 305 0127 20000000 		.4byte	.LVL1
 306 012b 93010000 		.4byte	0x193
 307 012f 0B       		.uleb128 0xb
 308 0130 2A000000 		.4byte	.LVL2
 309 0134 9A010000 		.4byte	0x19a
 310 0138 00       		.byte	0
 311 0139 0C       		.uleb128 0xc
 312 013a B8000000 		.4byte	.LASF34
ARM GAS  C:\Users\koseki\AppData\Local\Temp\cc2L4uFX.s 			page 9


 313 013e 01       		.byte	0x1
 314 013f 14       		.byte	0x14
 315 0140 C5000000 		.4byte	0xc5
 316 0144 05       		.uleb128 0x5
 317 0145 03       		.byte	0x3
 318 0146 00000000 		.4byte	SPIM_1_backup
 319 014a 0D       		.uleb128 0xd
 320 014b E2010000 		.4byte	.LASF22
 321 014f 04       		.byte	0x4
 322 0150 26       		.byte	0x26
 323 0151 98000000 		.4byte	0x98
 324 0155 0D       		.uleb128 0xd
 325 0156 26010000 		.4byte	.LASF23
 326 015a 04       		.byte	0x4
 327 015b 27       		.byte	0x27
 328 015c 98000000 		.4byte	0x98
 329 0160 0D       		.uleb128 0xd
 330 0161 F7000000 		.4byte	.LASF24
 331 0165 04       		.byte	0x4
 332 0166 28       		.byte	0x28
 333 0167 98000000 		.4byte	0x98
 334 016b 0D       		.uleb128 0xd
 335 016c 2F020000 		.4byte	.LASF25
 336 0170 04       		.byte	0x4
 337 0171 2D       		.byte	0x2d
 338 0172 98000000 		.4byte	0x98
 339 0176 0D       		.uleb128 0xd
 340 0177 47000000 		.4byte	.LASF26
 341 017b 04       		.byte	0x4
 342 017c 2E       		.byte	0x2e
 343 017d 98000000 		.4byte	0x98
 344 0181 0D       		.uleb128 0xd
 345 0182 0B010000 		.4byte	.LASF27
 346 0186 04       		.byte	0x4
 347 0187 2F       		.byte	0x2f
 348 0188 98000000 		.4byte	0x98
 349 018c 0E       		.uleb128 0xe
 350 018d 5F020000 		.4byte	.LASF28
 351 0191 03       		.byte	0x3
 352 0192 54       		.byte	0x54
 353 0193 0E       		.uleb128 0xe
 354 0194 23000000 		.4byte	.LASF29
 355 0198 03       		.byte	0x3
 356 0199 6C       		.byte	0x6c
 357 019a 0E       		.uleb128 0xe
 358 019b 15000000 		.4byte	.LASF30
 359 019f 03       		.byte	0x3
 360 01a0 52       		.byte	0x52
 361 01a1 00       		.byte	0
 362              		.section	.debug_abbrev,"",%progbits
 363              	.Ldebug_abbrev0:
 364 0000 01       		.uleb128 0x1
 365 0001 11       		.uleb128 0x11
 366 0002 01       		.byte	0x1
 367 0003 25       		.uleb128 0x25
 368 0004 0E       		.uleb128 0xe
 369 0005 13       		.uleb128 0x13
ARM GAS  C:\Users\koseki\AppData\Local\Temp\cc2L4uFX.s 			page 10


 370 0006 0B       		.uleb128 0xb
 371 0007 03       		.uleb128 0x3
 372 0008 0E       		.uleb128 0xe
 373 0009 1B       		.uleb128 0x1b
 374 000a 0E       		.uleb128 0xe
 375 000b 55       		.uleb128 0x55
 376 000c 17       		.uleb128 0x17
 377 000d 11       		.uleb128 0x11
 378 000e 01       		.uleb128 0x1
 379 000f 10       		.uleb128 0x10
 380 0010 17       		.uleb128 0x17
 381 0011 00       		.byte	0
 382 0012 00       		.byte	0
 383 0013 02       		.uleb128 0x2
 384 0014 24       		.uleb128 0x24
 385 0015 00       		.byte	0
 386 0016 0B       		.uleb128 0xb
 387 0017 0B       		.uleb128 0xb
 388 0018 3E       		.uleb128 0x3e
 389 0019 0B       		.uleb128 0xb
 390 001a 03       		.uleb128 0x3
 391 001b 0E       		.uleb128 0xe
 392 001c 00       		.byte	0
 393 001d 00       		.byte	0
 394 001e 03       		.uleb128 0x3
 395 001f 24       		.uleb128 0x24
 396 0020 00       		.byte	0
 397 0021 0B       		.uleb128 0xb
 398 0022 0B       		.uleb128 0xb
 399 0023 3E       		.uleb128 0x3e
 400 0024 0B       		.uleb128 0xb
 401 0025 03       		.uleb128 0x3
 402 0026 08       		.uleb128 0x8
 403 0027 00       		.byte	0
 404 0028 00       		.byte	0
 405 0029 04       		.uleb128 0x4
 406 002a 16       		.uleb128 0x16
 407 002b 00       		.byte	0
 408 002c 03       		.uleb128 0x3
 409 002d 0E       		.uleb128 0xe
 410 002e 3A       		.uleb128 0x3a
 411 002f 0B       		.uleb128 0xb
 412 0030 3B       		.uleb128 0x3b
 413 0031 05       		.uleb128 0x5
 414 0032 49       		.uleb128 0x49
 415 0033 13       		.uleb128 0x13
 416 0034 00       		.byte	0
 417 0035 00       		.byte	0
 418 0036 05       		.uleb128 0x5
 419 0037 35       		.uleb128 0x35
 420 0038 00       		.byte	0
 421 0039 49       		.uleb128 0x49
 422 003a 13       		.uleb128 0x13
 423 003b 00       		.byte	0
 424 003c 00       		.byte	0
 425 003d 06       		.uleb128 0x6
 426 003e 13       		.uleb128 0x13
ARM GAS  C:\Users\koseki\AppData\Local\Temp\cc2L4uFX.s 			page 11


 427 003f 01       		.byte	0x1
 428 0040 0B       		.uleb128 0xb
 429 0041 0B       		.uleb128 0xb
 430 0042 3A       		.uleb128 0x3a
 431 0043 0B       		.uleb128 0xb
 432 0044 3B       		.uleb128 0x3b
 433 0045 0B       		.uleb128 0xb
 434 0046 01       		.uleb128 0x1
 435 0047 13       		.uleb128 0x13
 436 0048 00       		.byte	0
 437 0049 00       		.byte	0
 438 004a 07       		.uleb128 0x7
 439 004b 0D       		.uleb128 0xd
 440 004c 00       		.byte	0
 441 004d 03       		.uleb128 0x3
 442 004e 0E       		.uleb128 0xe
 443 004f 3A       		.uleb128 0x3a
 444 0050 0B       		.uleb128 0xb
 445 0051 3B       		.uleb128 0x3b
 446 0052 0B       		.uleb128 0xb
 447 0053 49       		.uleb128 0x49
 448 0054 13       		.uleb128 0x13
 449 0055 38       		.uleb128 0x38
 450 0056 0B       		.uleb128 0xb
 451 0057 00       		.byte	0
 452 0058 00       		.byte	0
 453 0059 08       		.uleb128 0x8
 454 005a 16       		.uleb128 0x16
 455 005b 00       		.byte	0
 456 005c 03       		.uleb128 0x3
 457 005d 0E       		.uleb128 0xe
 458 005e 3A       		.uleb128 0x3a
 459 005f 0B       		.uleb128 0xb
 460 0060 3B       		.uleb128 0x3b
 461 0061 0B       		.uleb128 0xb
 462 0062 49       		.uleb128 0x49
 463 0063 13       		.uleb128 0x13
 464 0064 00       		.byte	0
 465 0065 00       		.byte	0
 466 0066 09       		.uleb128 0x9
 467 0067 2E       		.uleb128 0x2e
 468 0068 00       		.byte	0
 469 0069 3F       		.uleb128 0x3f
 470 006a 19       		.uleb128 0x19
 471 006b 03       		.uleb128 0x3
 472 006c 0E       		.uleb128 0xe
 473 006d 3A       		.uleb128 0x3a
 474 006e 0B       		.uleb128 0xb
 475 006f 3B       		.uleb128 0x3b
 476 0070 0B       		.uleb128 0xb
 477 0071 27       		.uleb128 0x27
 478 0072 19       		.uleb128 0x19
 479 0073 11       		.uleb128 0x11
 480 0074 01       		.uleb128 0x1
 481 0075 12       		.uleb128 0x12
 482 0076 06       		.uleb128 0x6
 483 0077 40       		.uleb128 0x40
ARM GAS  C:\Users\koseki\AppData\Local\Temp\cc2L4uFX.s 			page 12


 484 0078 18       		.uleb128 0x18
 485 0079 9742     		.uleb128 0x2117
 486 007b 19       		.uleb128 0x19
 487 007c 00       		.byte	0
 488 007d 00       		.byte	0
 489 007e 0A       		.uleb128 0xa
 490 007f 2E       		.uleb128 0x2e
 491 0080 01       		.byte	0x1
 492 0081 3F       		.uleb128 0x3f
 493 0082 19       		.uleb128 0x19
 494 0083 03       		.uleb128 0x3
 495 0084 0E       		.uleb128 0xe
 496 0085 3A       		.uleb128 0x3a
 497 0086 0B       		.uleb128 0xb
 498 0087 3B       		.uleb128 0x3b
 499 0088 0B       		.uleb128 0xb
 500 0089 27       		.uleb128 0x27
 501 008a 19       		.uleb128 0x19
 502 008b 11       		.uleb128 0x11
 503 008c 01       		.uleb128 0x1
 504 008d 12       		.uleb128 0x12
 505 008e 06       		.uleb128 0x6
 506 008f 40       		.uleb128 0x40
 507 0090 18       		.uleb128 0x18
 508 0091 9742     		.uleb128 0x2117
 509 0093 19       		.uleb128 0x19
 510 0094 01       		.uleb128 0x1
 511 0095 13       		.uleb128 0x13
 512 0096 00       		.byte	0
 513 0097 00       		.byte	0
 514 0098 0B       		.uleb128 0xb
 515 0099 898201   		.uleb128 0x4109
 516 009c 00       		.byte	0
 517 009d 11       		.uleb128 0x11
 518 009e 01       		.uleb128 0x1
 519 009f 31       		.uleb128 0x31
 520 00a0 13       		.uleb128 0x13
 521 00a1 00       		.byte	0
 522 00a2 00       		.byte	0
 523 00a3 0C       		.uleb128 0xc
 524 00a4 34       		.uleb128 0x34
 525 00a5 00       		.byte	0
 526 00a6 03       		.uleb128 0x3
 527 00a7 0E       		.uleb128 0xe
 528 00a8 3A       		.uleb128 0x3a
 529 00a9 0B       		.uleb128 0xb
 530 00aa 3B       		.uleb128 0x3b
 531 00ab 0B       		.uleb128 0xb
 532 00ac 49       		.uleb128 0x49
 533 00ad 13       		.uleb128 0x13
 534 00ae 02       		.uleb128 0x2
 535 00af 18       		.uleb128 0x18
 536 00b0 00       		.byte	0
 537 00b1 00       		.byte	0
 538 00b2 0D       		.uleb128 0xd
 539 00b3 34       		.uleb128 0x34
 540 00b4 00       		.byte	0
ARM GAS  C:\Users\koseki\AppData\Local\Temp\cc2L4uFX.s 			page 13


 541 00b5 03       		.uleb128 0x3
 542 00b6 0E       		.uleb128 0xe
 543 00b7 3A       		.uleb128 0x3a
 544 00b8 0B       		.uleb128 0xb
 545 00b9 3B       		.uleb128 0x3b
 546 00ba 0B       		.uleb128 0xb
 547 00bb 49       		.uleb128 0x49
 548 00bc 13       		.uleb128 0x13
 549 00bd 3F       		.uleb128 0x3f
 550 00be 19       		.uleb128 0x19
 551 00bf 3C       		.uleb128 0x3c
 552 00c0 19       		.uleb128 0x19
 553 00c1 00       		.byte	0
 554 00c2 00       		.byte	0
 555 00c3 0E       		.uleb128 0xe
 556 00c4 2E       		.uleb128 0x2e
 557 00c5 00       		.byte	0
 558 00c6 3F       		.uleb128 0x3f
 559 00c7 19       		.uleb128 0x19
 560 00c8 03       		.uleb128 0x3
 561 00c9 0E       		.uleb128 0xe
 562 00ca 3A       		.uleb128 0x3a
 563 00cb 0B       		.uleb128 0xb
 564 00cc 3B       		.uleb128 0x3b
 565 00cd 0B       		.uleb128 0xb
 566 00ce 27       		.uleb128 0x27
 567 00cf 19       		.uleb128 0x19
 568 00d0 3C       		.uleb128 0x3c
 569 00d1 19       		.uleb128 0x19
 570 00d2 00       		.byte	0
 571 00d3 00       		.byte	0
 572 00d4 00       		.byte	0
 573              		.section	.debug_aranges,"",%progbits
 574 0000 34000000 		.4byte	0x34
 575 0004 0200     		.2byte	0x2
 576 0006 00000000 		.4byte	.Ldebug_info0
 577 000a 04       		.byte	0x4
 578 000b 00       		.byte	0
 579 000c 0000     		.2byte	0
 580 000e 0000     		.2byte	0
 581 0010 00000000 		.4byte	.LFB0
 582 0014 02000000 		.4byte	.LFE0-.LFB0
 583 0018 00000000 		.4byte	.LFB1
 584 001c 02000000 		.4byte	.LFE1-.LFB1
 585 0020 00000000 		.4byte	.LFB2
 586 0024 1C000000 		.4byte	.LFE2-.LFB2
 587 0028 00000000 		.4byte	.LFB3
 588 002c 48000000 		.4byte	.LFE3-.LFB3
 589 0030 00000000 		.4byte	0
 590 0034 00000000 		.4byte	0
 591              		.section	.debug_ranges,"",%progbits
 592              	.Ldebug_ranges0:
 593 0000 00000000 		.4byte	.LFB0
 594 0004 02000000 		.4byte	.LFE0
 595 0008 00000000 		.4byte	.LFB1
 596 000c 02000000 		.4byte	.LFE1
 597 0010 00000000 		.4byte	.LFB2
ARM GAS  C:\Users\koseki\AppData\Local\Temp\cc2L4uFX.s 			page 14


 598 0014 1C000000 		.4byte	.LFE2
 599 0018 00000000 		.4byte	.LFB3
 600 001c 48000000 		.4byte	.LFE3
 601 0020 00000000 		.4byte	0
 602 0024 00000000 		.4byte	0
 603              		.section	.debug_line,"",%progbits
 604              	.Ldebug_line0:
 605 0000 B3000000 		.section	.debug_str,"MS",%progbits,1
 605      02006400 
 605      00000201 
 605      FB0E0D00 
 605      01010101 
 606              	.LASF19:
 607 0000 5350494D 		.ascii	"SPIM_1_RestoreConfig\000"
 607      5F315F52 
 607      6573746F 
 607      7265436F 
 607      6E666967 
 608              	.LASF30:
 609 0015 5350494D 		.ascii	"SPIM_1_Enable\000"
 609      5F315F45 
 609      6E61626C 
 609      6500
 610              	.LASF29:
 611 0023 5350494D 		.ascii	"SPIM_1_ClearFIFO\000"
 611      5F315F43 
 611      6C656172 
 611      4649464F 
 611      00
 612              	.LASF3:
 613 0034 73686F72 		.ascii	"short unsigned int\000"
 613      7420756E 
 613      7369676E 
 613      65642069 
 613      6E7400
 614              	.LASF26:
 615 0047 5350494D 		.ascii	"SPIM_1_rxBufferWrite\000"
 615      5F315F72 
 615      78427566 
 615      66657257 
 615      72697465 
 616              	.LASF18:
 617 005c 5350494D 		.ascii	"SPIM_1_SaveConfig\000"
 617      5F315F53 
 617      61766543 
 617      6F6E6669 
 617      6700
 618              	.LASF33:
 619 006e 4A3A5C50 		.ascii	"J:\\PSoC_Creator\\CY8CKIT-059\\CY8CKIT-059_DSS_USB\\"
 619      536F435F 
 619      43726561 
 619      746F725C 
 619      43593843 
 620 009e 43593843 		.ascii	"CY8CKIT-059_DDS_USB.cydsn\000"
 620      4B49542D 
 620      3035395F 
 620      4444535F 
ARM GAS  C:\Users\koseki\AppData\Local\Temp\cc2L4uFX.s 			page 15


 620      5553422E 
 621              	.LASF34:
 622 00b8 5350494D 		.ascii	"SPIM_1_backup\000"
 622      5F315F62 
 622      61636B75 
 622      7000
 623              	.LASF9:
 624 00c6 666C6F61 		.ascii	"float\000"
 624      7400
 625              	.LASF1:
 626 00cc 756E7369 		.ascii	"unsigned char\000"
 626      676E6564 
 626      20636861 
 626      7200
 627              	.LASF13:
 628 00da 72656738 		.ascii	"reg8\000"
 628      00
 629              	.LASF5:
 630 00df 6C6F6E67 		.ascii	"long unsigned int\000"
 630      20756E73 
 630      69676E65 
 630      6420696E 
 630      7400
 631              	.LASF12:
 632 00f1 75696E74 		.ascii	"uint8\000"
 632      3800
 633              	.LASF24:
 634 00f7 5350494D 		.ascii	"SPIM_1_txBufferFull\000"
 634      5F315F74 
 634      78427566 
 634      66657246 
 634      756C6C00 
 635              	.LASF27:
 636 010b 5350494D 		.ascii	"SPIM_1_rxBufferFull\000"
 636      5F315F72 
 636      78427566 
 636      66657246 
 636      756C6C00 
 637              	.LASF10:
 638 011f 646F7562 		.ascii	"double\000"
 638      6C6500
 639              	.LASF23:
 640 0126 5350494D 		.ascii	"SPIM_1_txBufferWrite\000"
 640      5F315F74 
 640      78427566 
 640      66657257 
 640      72697465 
 641              	.LASF21:
 642 013b 5350494D 		.ascii	"SPIM_1_Wakeup\000"
 642      5F315F57 
 642      616B6575 
 642      7000
 643              	.LASF16:
 644 0149 636E7472 		.ascii	"cntrPeriod\000"
 644      50657269 
 644      6F6400
 645              	.LASF31:
ARM GAS  C:\Users\koseki\AppData\Local\Temp\cc2L4uFX.s 			page 16


 646 0154 474E5520 		.ascii	"GNU C 4.9.3 20150303 (release) [ARM/embedded-4_9-br"
 646      4320342E 
 646      392E3320 
 646      32303135 
 646      30333033 
 647 0187 616E6368 		.ascii	"anch revision 221220] -mcpu=cortex-m3 -mthumb -g -O"
 647      20726576 
 647      6973696F 
 647      6E203232 
 647      31323230 
 648 01ba 67202D66 		.ascii	"g -ffunction-sections -ffat-lto-objects\000"
 648      66756E63 
 648      74696F6E 
 648      2D736563 
 648      74696F6E 
 649              	.LASF22:
 650 01e2 5350494D 		.ascii	"SPIM_1_txBufferRead\000"
 650      5F315F74 
 650      78427566 
 650      66657252 
 650      65616400 
 651              	.LASF8:
 652 01f6 756E7369 		.ascii	"unsigned int\000"
 652      676E6564 
 652      20696E74 
 652      00
 653              	.LASF17:
 654 0203 5350494D 		.ascii	"SPIM_1_BACKUP_STRUCT\000"
 654      5F315F42 
 654      41434B55 
 654      505F5354 
 654      52554354 
 655              	.LASF7:
 656 0218 6C6F6E67 		.ascii	"long long unsigned int\000"
 656      206C6F6E 
 656      6720756E 
 656      7369676E 
 656      65642069 
 657              	.LASF25:
 658 022f 5350494D 		.ascii	"SPIM_1_rxBufferRead\000"
 658      5F315F72 
 658      78427566 
 658      66657252 
 658      65616400 
 659              	.LASF14:
 660 0243 73697A65 		.ascii	"sizetype\000"
 660      74797065 
 660      00
 661              	.LASF6:
 662 024c 6C6F6E67 		.ascii	"long long int\000"
 662      206C6F6E 
 662      6720696E 
 662      7400
 663              	.LASF11:
 664 025a 63686172 		.ascii	"char\000"
 664      00
 665              	.LASF28:
ARM GAS  C:\Users\koseki\AppData\Local\Temp\cc2L4uFX.s 			page 17


 666 025f 5350494D 		.ascii	"SPIM_1_Stop\000"
 666      5F315F53 
 666      746F7000 
 667              	.LASF2:
 668 026b 73686F72 		.ascii	"short int\000"
 668      7420696E 
 668      7400
 669              	.LASF32:
 670 0275 2E5C4765 		.ascii	".\\Generated_Source\\PSoC5\\SPIM_1_PM.c\000"
 670      6E657261 
 670      7465645F 
 670      536F7572 
 670      63655C50 
 671              	.LASF20:
 672 029a 5350494D 		.ascii	"SPIM_1_Sleep\000"
 672      5F315F53 
 672      6C656570 
 672      00
 673              	.LASF4:
 674 02a7 6C6F6E67 		.ascii	"long int\000"
 674      20696E74 
 674      00
 675              	.LASF15:
 676 02b0 656E6162 		.ascii	"enableState\000"
 676      6C655374 
 676      61746500 
 677              	.LASF0:
 678 02bc 7369676E 		.ascii	"signed char\000"
 678      65642063 
 678      68617200 
 679              		.ident	"GCC: (GNU Tools for ARM Embedded Processors) 4.9.3 20150303 (release) [ARM/embedded-4_9-br
